     VMA      LMA     Size Align Out     In      Symbol
       0        0 80200000     1 . = 0x80200000
80200000        0        0     1 __kernel_base = .
80200000 80200000      a6c     4 .text
80200000 80200000        e     2         /var/folders/z7/y0mvtv1153s58zfwzv66_qcr0000gn/T/kernel-f9c425.o:(.text.boot)
80200000 80200000        0     1                 .L0 
80200000 80200000        0     1                 .L0 
80200000 80200000        0     1                 $x
80200000 80200000        0     1                 .L0 
80200000 80200000        e     1                 boot
8020000e 8020000e        0     1                 .L0 
8020000e 8020000e        0     1                 .L0 
80200010 80200010      822     4         /var/folders/z7/y0mvtv1153s58zfwzv66_qcr0000gn/T/kernel-f9c425.o:(.text)
80200010 80200010        0     1                 .L0 
80200010 80200010        0     1                 .L0 
80200010 80200010        0     1                 $x
80200010 80200010        0     1                 .L0 
80200010 80200010        6     1                 sbi_call
80200014 80200014        0     1                 .L0 
80200016 80200016        0     1                 .L0 
80200016 80200016        0     1                 .L0 
80200016 80200016        0     1                 .L0 
80200016 80200016       14     1                 putchar
80200028 80200028        0     1                 .L0 
8020002a 8020002a        0     1                 .L0 
8020002a 8020002a        0     1                 .L0 
8020002a 8020002a        0     1                 .L0 
8020002a 8020002a       16     1                 getchar
8020003e 8020003e        0     1                 .L0 
80200040 80200040        0     1                 .L0 
80200040 80200040        0     1                 .L0 
80200040 80200040        0     1                 .L0 
80200040 80200040       46     1                 switch_context
80200086 80200086        0     1                 .L0 
80200086 80200086        0     1                 .L0 
80200086 80200086        0     1                 .L0 
80200086 80200086       14     1                 user_entry
8020008e 8020008e        0     1                 .L0 
8020009a 8020009a        0     1                 .L0 
8020009a 8020009a        0     1                 .L0 
8020009a 8020009a        0     1                 .L0 
8020009a 8020009a      21a     1                 create_process
802000b6 802000b6        0     1                 .L0 
802000c4 802000c4        0     1                 .L0 
802000c4 802000c4        0     1                 .L0 
802000c6 802000c6        0     1                 .L0 
802000c6 802000c6        0     1                 .L0 
802000c8 802000c8        0     1                 .L0 
802000c8 802000c8        0     1                 .L0 
802000d0 802000d0        0     1                 .L0 
802000d2 802000d2        0     1                 .L0 
802000d2 802000d2        0     1                 .L0 
802000da 802000da        0     1                 .L0 
802000dc 802000dc        0     1                 .L0 
802000dc 802000dc        0     1                 .L0 
802000e4 802000e4        0     1                 .L0 
802000e6 802000e6        0     1                 .L0 
802000e6 802000e6        0     1                 .L0 
802000ee 802000ee        0     1                 .L0 
802000f0 802000f0        0     1                 .L0 
802000f0 802000f0        0     1                 .L0 
802000f8 802000f8        0     1                 .L0 
802000fa 802000fa        0     1                 .L0 
802000fa 802000fa        0     1                 .L0 
80200102 80200102        0     1                 .L0 
80200104 80200104        0     1                 .L0 
80200104 80200104        0     1                 .L0 
8020010c 8020010c        0     1                 .L0 
8020010e 8020010e        0     1                 .L0 
8020010e 8020010e        0     1                 .L0 
80200124 80200124        0     1                 .L0 
80200124 80200124        0     1                 .L0 
80200126 80200126        0     1                 .L0 
80200126 80200126        0     1                 .L0 
80200126 80200126        0     1                 .L0 
8020012a 8020012a        0     1                 .L0 
8020012a 8020012a        0     1                 .L0 
80200130 80200130        0     1                 .L0 
80200132 80200132        0     1                 .L0 
80200132 80200132        0     1                 .L0 
80200132 80200132        0     1                 .L0 
8020013a 8020013a        0     1                 .L0 
8020013c 8020013c        0     1                 .L0 
8020013c 8020013c        0     1                 .L0 
8020013c 8020013c        0     1                 .L0 
80200144 80200144        0     1                 .L0 
80200146 80200146        0     1                 .L0 
80200146 80200146        0     1                 .L0 
80200146 80200146        0     1                 .L0 
8020014e 8020014e        0     1                 .L0 
80200150 80200150        0     1                 .L0 
80200150 80200150        0     1                 .L0 
80200150 80200150        0     1                 .L0 
80200158 80200158        0     1                 .L0 
8020015a 8020015a        0     1                 .L0 
8020015a 8020015a        0     1                 .L0 
8020015a 8020015a        0     1                 .L0 
80200162 80200162        0     1                 .L0 
80200164 80200164        0     1                 .L0 
80200164 80200164        0     1                 .L0 
80200164 80200164        0     1                 .L0 
8020016c 8020016c        0     1                 .L0 
8020016c 8020016c        0     1                 .L0 
80200172 80200172        0     1                 .L0 
80200174 80200174        0     1                 .L0 
80200174 80200174        0     1                 .L0 
80200178 80200178        0     1                 .L0 
80200178 80200178        0     1                 .L0 
8020017c 8020017c        0     1                 .L0 
8020017c 8020017c        0     1                 .L0 
80200180 80200180        0     1                 .L0 
80200180 80200180        0     1                 .L0 
80200184 80200184        0     1                 .L0 
80200184 80200184        0     1                 .L0 
80200188 80200188        0     1                 .L0 
80200188 80200188        0     1                 .L0 
8020018c 8020018c        0     1                 .L0 
8020018c 8020018c        0     1                 .L0 
80200190 80200190        0     1                 .L0 
80200190 80200190        0     1                 .L0 
80200194 80200194        0     1                 .L0 
80200194 80200194        0     1                 .L0 
80200198 80200198        0     1                 .L0 
80200198 80200198        0     1                 .L0 
8020019c 8020019c        0     1                 .L0 
8020019c 8020019c        0     1                 .L0 
802001a0 802001a0        0     1                 .L0 
802001a0 802001a0        0     1                 .L0 
802001a8 802001a8        0     1                 .L0 
802001a8 802001a8        0     1                 .L0 
802001b6 802001b6        0     1                 .L0 
802001b6 802001b6        0     1                 .L0 
802001bc 802001bc        0     1                 .L0 
802001c4 802001c4        0     1                 .L0 
802001c4 802001c4        0     1                 .L0 
802001c8 802001c8        0     1                 .L0 
802001c8 802001c8        0     1                 .L0 
802001cc 802001cc        0     1                 .L0 
802001cc 802001cc        0     1                 .L0 
802001e2 802001e2        0     1                 .L0 
802001e2 802001e2        0     1                 .L0 
802001e4 802001e4        0     1                 .L0 
802001e4 802001e4        0     1                 .L0 
802001e6 802001e6        0     1                 .L0 
802001f2 802001f2        0     1                 .L0 
802001f2 802001f2        0     1                 .L0 
802001fa 802001fa        0     1                 .L0 
802001fa 802001fa        0     1                 .L0 
802001fe 802001fe        0     1                 .L0 
802001fe 802001fe        0     1                 .L0 
802001fe 802001fe        0     1                 .L0 
80200208 80200208        0     1                 .L0 
80200208 80200208        0     1                 .L0 
8020020a 8020020a        0     1                 .L0 
8020020e 8020020e        0     1                 .L0 
8020020e 8020020e        0     1                 .L0 
8020020e 8020020e        0     1                 .L0 
80200212 80200212        0     1                 .L0 
80200224 80200224        0     1                 .L0 
80200224 80200224        0     1                 .L0 
80200226 80200226        0     1                 .L0 
80200226 80200226        0     1                 .L0 
80200228 80200228        0     1                 .L0 
8020022c 8020022c        0     1                 .L0 
8020022c 8020022c        0     1                 .L0 
80200230 80200230        0     1                 .L0 
80200238 80200238        0     1                 .L0 
80200238 80200238        0     1                 .L0 
8020023a 8020023a        0     1                 .L0 
8020023a 8020023a        0     1                 .L0 
80200242 80200242        0     1                 .L0 
80200246 80200246        0     1                 .L0 
80200246 80200246        0     1                 .L0 
80200246 80200246        0     1                 .L0 
8020024a 8020024a        0     1                 .L0 
8020024a 8020024a        0     1                 .L0 
80200252 80200252        0     1                 .L0 
80200256 80200256        0     1                 .L0 
8020025e 8020025e        0     1                 .L0 
8020025e 8020025e        0     1                 .L0 
80200260 80200260        0     1                 .L0 
80200260 80200260        0     1                 .L0 
80200264 80200264        0     1                 .L0 
80200264 80200264        0     1                 .L0 
80200268 80200268        0     1                 .L0 
8020026a 8020026a        0     1                 .L0 
80200270 80200270        0     1                 .L0 
80200274 80200274        0     1                 .L0 
80200278 80200278        0     1                 .L0 
8020027c 8020027c        0     1                 .L0 
80200288 80200288        0     1                 .L0 
80200288 80200288        0     1                 .L0 
8020028c 8020028c        0     1                 .L0 
8020028e 8020028e        0     1                 .L0 
80200292 80200292        0     1                 .L0 
80200298 80200298        0     1                 .L0 
8020029c 8020029c        0     1                 .L0 
8020029c 8020029c        0     1                 .L0 
8020029c 8020029c        0     1                 .L0 
802002b2 802002b2        0     1                 .L0 
802002b2 802002b2        0     1                 .L0 
802002b4 802002b4        0     1                 .L0 
802002b4 802002b4        0     1                 .L0 
802002b4 802002b4        0     1                 .L0 
802002b4 802002b4        0     1                 .L0 
802002b4 802002b4        0     1                 .L0 
802002b4 802002b4        0     1                 .L0 
802002b4 802002b4       4e     1                 alloc_pages
802002ba 802002ba        0     1                 .L0 
802002c2 802002c2        0     1                 .L0 
802002c2 802002c2        0     1                 .L0 
802002c6 802002c6        0     1                 .L0 
802002ca 802002ca        0     1                 .L0 
802002ca 802002ca        0     1                 .L0 
802002d2 802002d2        0     1                 .L0 
802002d6 802002d6        0     1                 .L0 
802002da 802002da        0     1                 .L0 
802002f0 802002f0        0     1                 .L0 
802002f0 802002f0        0     1                 .L0 
802002f2 802002f2        0     1                 .L0 
802002f2 802002f2        0     1                 .L0 
802002f8 802002f8        0     1                 .L0 
802002f8 802002f8        0     1                 .L0 
802002fe 802002fe        0     1                 .L0 
802002fe 802002fe        0     1                 .L0 
80200302 80200302        0     1                 .L0 
80200302 80200302        0     1                 .L0 
80200302 80200302        0     1                 .L0 
80200302 80200302        0     1                 .L0 
80200302 80200302        0     1                 .L0 
80200302 80200302       d8     1                 map_page
80200312 80200312        0     1                 .L0 
80200312 80200312        0     1                 .L0 
80200316 80200316        0     1                 .L0 
8020031a 8020031a        0     1                 .L0 
8020032a 8020032a        0     1                 .L0 
8020032c 8020032c        0     1                 .L0 
8020032e 8020032e        0     1                 .L0 
8020032e 8020032e        0     1                 .L0 
80200330 80200330        0     1                 .L0 
80200330 80200330        0     1                 .L0 
80200330 80200330        0     1                 .L0 
80200334 80200334        0     1                 .L0 
80200336 80200336        0     1                 .L0 
80200338 80200338        0     1                 .L0 
8020033c 8020033c        0     1                 .L0 
8020034a 8020034a        0     1                 .L0 
8020034e 8020034e        0     1                 .L0 
80200350 80200350        0     1                 .L0 
80200350 80200350        0     1                 .L0 
80200352 80200352        0     1                 .L0 
80200352 80200352        0     1                 .L0 
80200352 80200352        0     1                 .L0 
8020035e 8020035e        0     1                 .L0 
8020035e 8020035e        0     1                 .L0 
80200362 80200362        0     1                 .L0 
80200364 80200364        0     1                 .L0 
80200364 80200364        0     1                 .L0 
8020036c 8020036c        0     1                 .L0 
8020036c 8020036c        0     1                 .L0 
8020036e 8020036e        0     1                 .L0 
80200370 80200370        0     1                 .L0 
80200378 80200378        0     1                 .L0 
8020037c 8020037c        0     1                 .L0 
80200380 80200380        0     1                 .L0 
80200394 80200394        0     1                 .L0 
80200396 80200396        0     1                 .L0 
80200396 80200396        0     1                 .L0 
80200398 80200398        0     1                 .L0 
80200398 80200398        0     1                 .L0 
80200398 80200398        0     1                 .L0 
8020039a 8020039a        0     1                 .L0 
8020039a 8020039a        0     1                 .L0 
802003a2 802003a2        0     1                 .L0 
802003a4 802003a4        0     1                 .L0 
802003a4 802003a4        0     1                 .L0 
802003a8 802003a8        0     1                 .L0 
802003a8 802003a8        0     1                 .L0 
802003ae 802003ae        0     1                 .L0 
802003b0 802003b0        0     1                 .L0 
802003b2 802003b2        0     1                 .L0 
802003b2 802003b2        0     1                 .L0 
802003b2 802003b2        0     1                 .L0 
802003b6 802003b6        0     1                 .L0 
802003b6 802003b6        0     1                 .L0 
802003b8 802003b8        0     1                 .L0 
802003be 802003be        0     1                 .L0 
802003c0 802003c0        0     1                 .L0 
802003c0 802003c0        0     1                 .L0 
802003c4 802003c4        0     1                 .L0 
802003c8 802003c8        0     1                 .L0 
802003c8 802003c8        0     1                 .L0 
802003d6 802003d6        0     1                 .L0 
802003da 802003da        0     1                 .L0 
802003da 802003da        0     1                 .L0 
802003dc 802003dc        0     1                 .L0 
802003dc 802003dc        0     1                 .L0 
802003dc 802003dc        0     1                 .L0 
802003dc 802003dc       96     1                 kernel_entry
80200472 80200472        0     1                 .L0 
80200472 80200472        0     1                 .L0 
80200472 80200472        0     1                 .L0 
80200472 80200472        0     1                 .L0 
80200472 80200472        0     1                 .L0 
80200472 80200472       f0     1                 handle_syscall
80200478 80200478        0     1                 .L0 
80200496 80200496        0     1                 .L0 
8020049a 8020049a        0     1                 .L0 
8020049c 8020049c        0     1                 .L0 
802004a0 802004a0        0     1                 .L0 
802004a2 802004a2        0     1                 .L0 
802004a6 802004a6        0     1                 .L0 
802004a6 802004a6        0     1                 .L0 
802004a8 802004a8        0     1                 .L0 
802004a8 802004a8        0     1                 .L0 
802004bc 802004bc        0     1                 .L0 
802004bc 802004bc        0     1                 .L0 
802004c0 802004c0        0     1                 .L0 
802004c0 802004c0        0     1                 .L0 
802004c0 802004c0        0     1                 .L0 
802004c2 802004c2        0     1                 .L0 
802004c2 802004c2        0     1                 .L0 
802004d6 802004d6        0     1                 .L0 
802004d6 802004d6        0     1                 .L0 
802004da 802004da        0     1                 .L0 
802004da 802004da        0     1                 .L0 
802004da 802004da        0     1                 .L0 
802004f6 802004f6        0     1                 .L0 
802004f6 802004f6        0     1                 .L0 
802004f6 802004f6        0     1                 .L0 
802004fe 802004fe        0     1                 .L0 
802004fe 802004fe        0     1                 .L0 
80200500 80200500        0     1                 .L0 
8020050a 8020050a        0     1                 .L0 
8020050a 8020050a        0     1                 .L0 
80200510 80200510        0     1                 .L0 
80200512 80200512        0     1                 .L0 
80200514 80200514        0     1                 .L0 
80200514 80200514        0     1                 .L0 
8020052a 8020052a        0     1                 .L0 
8020052a 8020052a        0     1                 .L0 
8020052c 8020052c        0     1                 .L0 
8020052c 8020052c        0     1                 .L0 
8020052c 8020052c        0     1                 .L0 
80200530 80200530        0     1                 .L0 
80200530 80200530        0     1                 .L0 
80200542 80200542        0     1                 .L0 
80200542 80200542        0     1                 .L0 
80200542 80200542        0     1                 .L0 
80200546 80200546        0     1                 .L0 
8020054a 8020054a        0     1                 .L0 
8020054a 8020054a        0     1                 .L0 
8020054a 8020054a        0     1                 .L0 
8020054e 8020054e        0     1                 .L0 
80200560 80200560        0     1                 .L0 
80200560 80200560        0     1                 .L0 
80200562 80200562        0     1                 .L0 
80200562 80200562        0     1                 .L0 
80200562 80200562        0     1                 .L0 
80200562 80200562        0     1                 .L0 
80200562 80200562        0     1                 .L0 
80200562 80200562      198     1                 yield
8020056c 8020056c        0     1                 .L0 
80200570 80200570        0     1                 .L0 
80200570 80200570        0     1                 .L0 
8020057e 8020057e        0     1                 .L0 
80200590 80200590        0     1                 .L0 
80200590 80200590        0     1                 .L0 
80200592 80200592        0     1                 .L0 
80200592 80200592        0     1                 .L0 
80200596 80200596        0     1                 .L0 
80200596 80200596        0     1                 .L0 
80200598 80200598        0     1                 .L0 
80200598 80200598        0     1                 .L0 
8020059c 8020059c        0     1                 .L0 
8020059e 8020059e        0     1                 .L0 
802005a2 802005a2        0     1                 .L0 
802005a2 802005a2        0     1                 .L0 
802005a2 802005a2        0     1                 .L0 
802005a6 802005a6        0     1                 .L0 
802005aa 802005aa        0     1                 .L0 
802005b2 802005b2        0     1                 .L0 
802005be 802005be        0     1                 .L0 
802005be 802005be        0     1                 .L0 
802005c0 802005c0        0     1                 .L0 
802005c4 802005c4        0     1                 .L0 
802005c6 802005c6        0     1                 .L0 
802005ca 802005ca        0     1                 .L0 
802005ca 802005ca        0     1                 .L0 
802005ca 802005ca        0     1                 .L0 
802005ce 802005ce        0     1                 .L0 
802005d2 802005d2        0     1                 .L0 
802005da 802005da        0     1                 .L0 
802005e6 802005e6        0     1                 .L0 
802005e6 802005e6        0     1                 .L0 
802005ea 802005ea        0     1                 .L0 
802005ee 802005ee        0     1                 .L0 
802005f0 802005f0        0     1                 .L0 
802005f4 802005f4        0     1                 .L0 
802005f4 802005f4        0     1                 .L0 
802005f4 802005f4        0     1                 .L0 
802005f8 802005f8        0     1                 .L0 
802005fc 802005fc        0     1                 .L0 
80200604 80200604        0     1                 .L0 
80200610 80200610        0     1                 .L0 
80200610 80200610        0     1                 .L0 
80200612 80200612        0     1                 .L0 
80200616 80200616        0     1                 .L0 
80200618 80200618        0     1                 .L0 
8020061c 8020061c        0     1                 .L0 
8020061c 8020061c        0     1                 .L0 
8020061c 8020061c        0     1                 .L0 
80200620 80200620        0     1                 .L0 
80200624 80200624        0     1                 .L0 
8020062c 8020062c        0     1                 .L0 
80200638 80200638        0     1                 .L0 
80200638 80200638        0     1                 .L0 
8020063c 8020063c        0     1                 .L0 
80200640 80200640        0     1                 .L0 
80200642 80200642        0     1                 .L0 
80200646 80200646        0     1                 .L0 
80200646 80200646        0     1                 .L0 
80200646 80200646        0     1                 .L0 
8020064a 8020064a        0     1                 .L0 
8020064e 8020064e        0     1                 .L0 
80200656 80200656        0     1                 .L0 
80200662 80200662        0     1                 .L0 
80200662 80200662        0     1                 .L0 
80200664 80200664        0     1                 .L0 
80200668 80200668        0     1                 .L0 
8020066a 8020066a        0     1                 .L0 
8020066e 8020066e        0     1                 .L0 
8020066e 8020066e        0     1                 .L0 
8020066e 8020066e        0     1                 .L0 
80200672 80200672        0     1                 .L0 
80200676 80200676        0     1                 .L0 
8020067e 8020067e        0     1                 .L0 
8020068a 8020068a        0     1                 .L0 
8020068a 8020068a        0     1                 .L0 
8020068e 8020068e        0     1                 .L0 
80200692 80200692        0     1                 .L0 
80200694 80200694        0     1                 .L0 
80200698 80200698        0     1                 .L0 
80200698 80200698        0     1                 .L0 
80200698 80200698        0     1                 .L0 
8020069a 8020069a        0     1                 .L0 
802006a6 802006a6        0     1                 .L0 
802006b2 802006b2        0     1                 .L0 
802006b4 802006b4        0     1                 .L0 
802006b8 802006b8        0     1                 .L0 
802006ba 802006ba        0     1                 .L0 
802006be 802006be        0     1                 .L0 
802006be 802006be        0     1                 .L0 
802006be 802006be        0     1                 .L0 
802006c0 802006c0        0     1                 .L0 
802006c0 802006c0        0     1                 .L0 
802006c0 802006c0        0     1                 .L0 
802006c4 802006c4        0     1                 .L0 
802006c6 802006c6        0     1                 .L0 
802006cc 802006cc        0     1                 .L0 
802006d2 802006d2        0     1                 .L0 
802006d4 802006d4        0     1                 .L0 
802006e4 802006e4        0     1                 .L0 
802006ec 802006ec        0     1                 .L0 
802006ec 802006ec        0     1                 .L0 
802006ee 802006ee        0     1                 .L0 
802006ee 802006ee        0     1                 .L0 
802006f2 802006f2        0     1                 .L0 
802006f6 802006f6        0     1                 .L0 
802006f6 802006f6        0     1                 .L0 
802006f8 802006f8        0     1                 .L0 
802006f8 802006f8        0     1                 .L0 
802006fa 802006fa        0     1                 .L0 
802006fa 802006fa        0     1                 .L0 
802006fa 802006fa        0     1                 .L0 
802006fa 802006fa        0     1                 .L0 
802006fa 802006fa        0     1                 .L0 
802006fa 802006fa       42     1                 handle_trap
80200700 80200700        0     1                 .L0 
80200700 80200700        0     1                 .L0 
80200704 80200704        0     1                 .L0 
80200704 80200704        0     1                 .L0 
80200708 80200708        0     1                 .L0 
80200708 80200708        0     1                 .L0 
8020070a 8020070a        0     1                 .L0 
8020070a 8020070a        0     1                 .L0 
8020070e 8020070e        0     1                 .L0 
8020070e 8020070e        0     1                 .L0 
80200712 80200712        0     1                 .L0 
80200712 80200712        0     1                 .L0 
80200714 80200714        0     1                 .L0 
80200714 80200714        0     1                 .L0 
80200716 80200716        0     1                 .L0 
80200716 80200716        0     1                 .L0 
8020071e 8020071e        0     1                 .L0 
8020071e 8020071e        0     1                 .L0 
80200722 80200722        0     1                 .L0 
80200722 80200722        0     1                 .L0 
80200722 80200722        0     1                 .L0 
80200726 80200726        0     1                 .L0 
8020073a 8020073a        0     1                 .L0 
8020073a 8020073a        0     1                 .L0 
8020073c 8020073c        0     1                 .L0 
8020073c 8020073c        0     1                 .L0 
8020073c 8020073c        0     1                 .L0 
8020073c 8020073c        0     1                 .L0 
8020073c 8020073c        0     1                 .L0 
8020073c 8020073c       3a     1                 proc_a_entry
80200742 80200742        0     1                 .L0 
8020074c 8020074c        0     1                 .L0 
8020074c 8020074c        0     1                 .L0 
80200754 80200754        0     1                 .L0 
80200754 80200754        0     1                 .L0 
80200754 80200754        0     1                 .L0 
8020076a 8020076a        0     1                 .L0 
8020076a 8020076a        0     1                 .L0 
8020076c 8020076c        0     1                 .L0 
8020076c 8020076c        0     1                 .L0 
8020076e 8020076e        0     1                 .L0 
8020076e 8020076e        0     1                 .L0 
8020076e 8020076e        0     1                 .L0 
80200770 80200770        0     1                 .L0 
80200770 80200770        0     1                 .L0 
80200772 80200772        0     1                 .L0 
80200772 80200772        0     1                 .L0 
80200776 80200776        0     1                 .L0 
80200776 80200776        0     1                 .L0 
80200776 80200776        0     1                 .L0 
80200776 80200776        0     1                 .L0 
80200776 80200776        0     1                 .L0 
80200776 80200776        0     1                 .L0 
80200776 80200776       3a     1                 proc_b_entry
8020077c 8020077c        0     1                 .L0 
80200786 80200786        0     1                 .L0 
80200786 80200786        0     1                 .L0 
8020078e 8020078e        0     1                 .L0 
8020078e 8020078e        0     1                 .L0 
8020078e 8020078e        0     1                 .L0 
802007a4 802007a4        0     1                 .L0 
802007a4 802007a4        0     1                 .L0 
802007a6 802007a6        0     1                 .L0 
802007a6 802007a6        0     1                 .L0 
802007a8 802007a8        0     1                 .L0 
802007a8 802007a8        0     1                 .L0 
802007a8 802007a8        0     1                 .L0 
802007aa 802007aa        0     1                 .L0 
802007aa 802007aa        0     1                 .L0 
802007ac 802007ac        0     1                 .L0 
802007ac 802007ac        0     1                 .L0 
802007b0 802007b0        0     1                 .L0 
802007b0 802007b0        0     1                 .L0 
802007b0 802007b0        0     1                 .L0 
802007b0 802007b0        0     1                 .L0 
802007b0 802007b0        0     1                 .L0 
802007b0 802007b0        0     1                 .L0 
802007b0 802007b0       82     1                 kernel_main
802007b4 802007b4        0     1                 .L0 
802007ca 802007ca        0     1                 .L0 
802007ca 802007ca        0     1                 .L0 
802007d4 802007d4        0     1                 .L0 
802007d4 802007d4        0     1                 .L0 
802007dc 802007dc        0     1                 .L0 
802007e0 802007e0        0     1                 .L0 
802007e0 802007e0        0     1                 .L0 
802007e2 802007e2        0     1                 .L0 
802007e6 802007e6        0     1                 .L0 
802007e6 802007e6        0     1                 .L0 
802007f0 802007f0        0     1                 .L0 
802007f2 802007f2        0     1                 .L0 
802007fa 802007fa        0     1                 .L0 
80200806 80200806        0     1                 .L0 
80200806 80200806        0     1                 .L0 
80200818 80200818        0     1                 .L0 
80200818 80200818        0     1                 .L0 
8020081a 8020081a        0     1                 .L0 
8020081a 8020081a        0     1                 .L0 
80200830 80200830        0     1                 .L0 
80200830 80200830        0     1                 .L0 
80200832 80200832        0     1                 .L0 
80200832 80200832        0     1                 .L0 
80200832 80200832      23a     2         /var/folders/z7/y0mvtv1153s58zfwzv66_qcr0000gn/T/common-efee86.o:(.text)
80200832 80200832        0     1                 .L0 
80200832 80200832        0     1                 .L0 
80200832 80200832        0     1                 $x
80200832 80200832        0     1                 .L0 
80200832 80200832      1c0     1                 printf
80200860 80200860        0     1                 .L0 
80200888 80200888        0     1                 .L0 
80200888 80200888        0     1                 .L0 
8020088c 8020088c        0     1                 .L0 
8020088c 8020088c        0     1                 .L0 
8020088e 8020088e        0     1                 .L0 
8020088e 8020088e        0     1                 .L0 
80200892 80200892        0     1                 .L0 
8020089a 8020089a        0     1                 .L0 
8020089a 8020089a        0     1                 .L0 
8020089e 8020089e        0     1                 .L0 
8020089e 8020089e        0     1                 .L0 
802008a0 802008a0        0     1                 .L0 
802008a2 802008a2        0     1                 .L0 
802008a2 802008a2        0     1                 .L0 
802008a6 802008a6        0     1                 .L0 
802008a8 802008a8        0     1                 .L0 
802008b8 802008b8        0     1                 .L0 
802008b8 802008b8        0     1                 .L0 
802008c4 802008c4        0     1                 .L0 
802008c4 802008c4        0     1                 .L0 
802008c8 802008c8        0     1                 .L0 
802008c8 802008c8        0     1                 .L0 
802008ca 802008ca        0     1                 .L0 
802008d0 802008d0        0     1                 .L0 
802008d0 802008d0        0     1                 .L0 
802008d0 802008d0        0     1                 .L0 
802008d8 802008d8        0     1                 .L0 
802008d8 802008d8        0     1                 .L0 
802008e2 802008e2        0     1                 .L0 
802008e2 802008e2        0     1                 .L0 
802008e6 802008e6        0     1                 .L0 
802008e6 802008e6        0     1                 .L0 
802008e8 802008e8        0     1                 .L0 
802008ec 802008ec        0     1                 .L0 
802008f0 802008f0        0     1                 .L0 
802008f0 802008f0        0     1                 .L0 
802008f6 802008f6        0     1                 .L0 
802008f6 802008f6        0     1                 .L0 
802008f8 802008f8        0     1                 .L0 
802008fc 802008fc        0     1                 .L0 
80200900 80200900        0     1                 .L0 
80200900 80200900        0     1                 .L0 
80200906 80200906        0     1                 .L0 
80200906 80200906        0     1                 .L0 
80200908 80200908        0     1                 .L0 
8020090c 8020090c        0     1                 .L0 
80200910 80200910        0     1                 .L0 
80200910 80200910        0     1                 .L0 
80200916 80200916        0     1                 .L0 
80200916 80200916        0     1                 .L0 
80200918 80200918        0     1                 .L0 
8020091c 8020091c        0     1                 .L0 
80200920 80200920        0     1                 .L0 
80200920 80200920        0     1                 .L0 
80200926 80200926        0     1                 .L0 
80200926 80200926        0     1                 .L0 
80200928 80200928        0     1                 .L0 
8020092c 8020092c        0     1                 .L0 
80200930 80200930        0     1                 .L0 
80200930 80200930        0     1                 .L0 
80200936 80200936        0     1                 .L0 
80200936 80200936        0     1                 .L0 
80200938 80200938        0     1                 .L0 
8020093c 8020093c        0     1                 .L0 
80200940 80200940        0     1                 .L0 
80200940 80200940        0     1                 .L0 
80200946 80200946        0     1                 .L0 
80200946 80200946        0     1                 .L0 
80200948 80200948        0     1                 .L0 
8020094c 8020094c        0     1                 .L0 
80200950 80200950        0     1                 .L0 
80200950 80200950        0     1                 .L0 
80200952 80200952        0     1                 .L0 
80200952 80200952        0     1                 .L0 
80200954 80200954        0     1                 .L0 
80200958 80200958        0     1                 .L0 
80200958 80200958        0     1                 .L0 
8020095c 8020095c        0     1                 .L0 
8020095c 8020095c        0     1                 .L0 
8020095e 8020095e        0     1                 .L0 
80200960 80200960        0     1                 .L0 
80200960 80200960        0     1                 .L0 
80200960 80200960        0     1                 .L0 
8020096a 8020096a        0     1                 .L0 
8020096a 8020096a        0     1                 .L0 
8020096e 8020096e        0     1                 .L0 
80200974 80200974        0     1                 .L0 
80200974 80200974        0     1                 .L0 
80200974 80200974        0     1                 .L0 
8020097c 8020097c        0     1                 .L0 
8020097c 8020097c        0     1                 .L0 
80200980 80200980        0     1                 .L0 
80200982 80200982        0     1                 .L0 
80200986 80200986        0     1                 .L0 
80200986 80200986        0     1                 .L0 
80200986 80200986        0     1                 .L0 
8020098e 8020098e        0     1                 .L0 
8020098e 8020098e        0     1                 .L0 
80200992 80200992        0     1                 .L0 
80200992 80200992        0     1                 .L0 
80200994 80200994        0     1                 .L0 
80200998 80200998        0     1                 .L0 
80200998 80200998        0     1                 .L0 
8020099a 8020099a        0     1                 .L0 
8020099a 8020099a        0     1                 .L0 
8020099a 8020099a        0     1                 .L0 
8020099e 8020099e        0     1                 .L0 
802009a2 802009a2        0     1                 .L0 
802009a6 802009a6        0     1                 .L0 
802009a6 802009a6        0     1                 .L0 
802009a6 802009a6        0     1                 .L0 
802009a8 802009a8        0     1                 .L0 
802009a8 802009a8        0     1                 .L0 
802009ac 802009ac        0     1                 .L0 
802009b0 802009b0        0     1                 .L0 
802009b8 802009b8        0     1                 .L0 
802009b8 802009b8        0     1                 .L0 
802009c0 802009c0        0     1                 .L0 
802009c6 802009c6        0     1                 .L0 
802009c6 802009c6        0     1                 .L0 
802009cc 802009cc        0     1                 .L0 
802009cc 802009cc        0     1                 .L0 
802009cc 802009cc        0     1                 .L0 
802009d4 802009d4        0     1                 .L0 
802009d4 802009d4        0     1                 .L0 
802009d4 802009d4        0     1                 .L0 
802009d8 802009d8        0     1                 .L0 
802009ee 802009ee        0     1                 .L0 
802009f2 802009f2        0     1                 .L0 
802009f2 802009f2        0     1                 .L0 
802009f2 802009f2        0     1                 .L0 
802009f2 802009f2        0     1                 .L0 
802009f2 802009f2        0     1                 .L0 
802009f2 802009f2       1c     1                 memcpy
802009f6 802009f6        0     1                 .L0 
802009f6 802009f6        0     1                 .L0 
802009f8 802009f8        0     1                 .L0 
802009f8 802009f8        0     1                 .L0 
802009f8 802009f8        0     1                 .L0 
802009fc 802009fc        0     1                 .L0 
802009fe 802009fe        0     1                 .L0 
80200a02 80200a02        0     1                 .L0 
80200a02 80200a02        0     1                 .L0 
80200a06 80200a06        0     1                 .L0 
80200a08 80200a08        0     1                 .L0 
80200a08 80200a08        0     1                 .L0 
80200a0c 80200a0c        0     1                 .L0 
80200a0c 80200a0c        0     1                 .L0 
80200a0c 80200a0c        0     1                 .L0 
80200a0e 80200a0e        0     1                 .L0 
80200a0e 80200a0e        0     1                 .L0 
80200a0e 80200a0e        0     1                 .L0 
80200a0e 80200a0e        0     1                 .L0 
80200a0e 80200a0e        0     1                 .L0 
80200a0e 80200a0e       16     1                 memset
80200a12 80200a12        0     1                 .L0 
80200a12 80200a12        0     1                 .L0 
80200a14 80200a14        0     1                 .L0 
80200a14 80200a14        0     1                 .L0 
80200a14 80200a14        0     1                 .L0 
80200a18 80200a18        0     1                 .L0 
80200a18 80200a18        0     1                 .L0 
80200a1c 80200a1c        0     1                 .L0 
80200a1e 80200a1e        0     1                 .L0 
80200a1e 80200a1e        0     1                 .L0 
80200a22 80200a22        0     1                 .L0 
80200a22 80200a22        0     1                 .L0 
80200a22 80200a22        0     1                 .L0 
80200a24 80200a24        0     1                 .L0 
80200a24 80200a24        0     1                 .L0 
80200a24 80200a24        0     1                 .L0 
80200a24 80200a24        0     1                 .L0 
80200a24 80200a24        0     1                 .L0 
80200a24 80200a24       24     1                 strcpy
80200a2a 80200a2a        0     1                 .L0 
80200a2e 80200a2e        0     1                 .L0 
80200a2e 80200a2e        0     1                 .L0 
80200a30 80200a30        0     1                 .L0 
80200a30 80200a30        0     1                 .L0 
80200a30 80200a30        0     1                 .L0 
80200a34 80200a34        0     1                 .L0 
80200a38 80200a38        0     1                 .L0 
80200a3c 80200a3c        0     1                 .L0 
80200a3c 80200a3c        0     1                 .L0 
80200a3e 80200a3e        0     1                 .L0 
80200a3e 80200a3e        0     1                 .L0 
80200a40 80200a40        0     1                 .L0 
80200a42 80200a42        0     1                 .L0 
80200a42 80200a42        0     1                 .L0 
80200a42 80200a42        0     1                 .L0 
80200a46 80200a46        0     1                 .L0 
80200a48 80200a48        0     1                 .L0 
80200a48 80200a48        0     1                 .L0 
80200a48 80200a48        0     1                 .L0 
80200a48 80200a48        0     1                 .L0 
80200a48 80200a48        0     1                 .L0 
80200a48 80200a48       24     1                 strcmp
80200a4c 80200a4c        0     1                 .L0 
80200a4e 80200a4e        0     1                 .L0 
80200a50 80200a50        0     1                 .L0 
80200a50 80200a50        0     1                 .L0 
80200a50 80200a50        0     1                 .L0 
80200a54 80200a54        0     1                 .L0 
80200a58 80200a58        0     1                 .L0 
80200a58 80200a58        0     1                 .L0 
80200a5c 80200a5c        0     1                 .L0 
80200a5e 80200a5e        0     1                 .L0 
80200a60 80200a60        0     1                 .L0 
80200a62 80200a62        0     1                 .L0 
80200a62 80200a62        0     1                 .L0 
80200a66 80200a66        0     1                 .L0 
80200a6a 80200a6a        0     1                 .L0 
80200a6c 80200a6c        0     1                 .L0 
80200a6c 80200a6c        0     1                 .L0 
80200a6c 80200a6c      184     4 .rodata
80200a6c 80200a6c      184     1         <internal>:(.rodata.str1.1)
80200bf0 80200bf0    10380     4 .data
80200bf0 80200bf0    10380     1         shell.bin.o:(.data)
80200bf0 80200bf0        0     1                 _binary_shell_bin_start
80210f70 80210f70        0     1                 _binary_shell_bin_end
80210f70 80210f70        4     4 .sdata
80210f70 80210f70        4     4         /var/folders/z7/y0mvtv1153s58zfwzv66_qcr0000gn/T/kernel-f9c425.o:(.sdata)
80210f70 80210f70        4     1                 alloc_pages.next_paddr
80210f70 80210f70        0     1                 $d
80210f74 80210f74    10090     4 .bss
80210f74 80210f74        0     1         __bss = .
80210f74 80210f74    10080     4         /var/folders/z7/y0mvtv1153s58zfwzv66_qcr0000gn/T/kernel-f9c425.o:(.bss)
80210f74 80210f74        0     1                 $d
80210f74 80210f74    10080     1                 procs
80220ff4 80220ff4       10     4         /var/folders/z7/y0mvtv1153s58zfwzv66_qcr0000gn/T/kernel-f9c425.o:(.sbss)
80220ff4 80220ff4        0     1                 $d
80220ff4 80220ff4        4     1                 current_proc
80220ff8 80220ff8        4     1                 idle_proc
80220ffc 80220ffc        4     1                 proc_a
80221000 80221000        4     1                 proc_b
80221004 80221004        0     1         __bss_end = .
80221004 80221004        0     1 . = ALIGN ( 4 )
80221004 80221004    20000     1 . += 128 * 1024
80241004 80241004        0     1 __stack_top = .
80241004 80241004      ffc     1 . = ALIGN ( 4096 )
80242000 80242000        0     1 __free_ram = .
80242000 80242000  4000000     1 . += 64 * 1024 * 1024
84242000 84242000        0     1 __free_ram_end = .
       0        0      788     1 .debug_loclists
       0        0      5bf     1         /var/folders/z7/y0mvtv1153s58zfwzv66_qcr0000gn/T/kernel-f9c425.o:(.debug_loclists)
       0        0        0     1                 $d
       c        c        0     1                 .L0 
     5bf      5bf      1c9     1         /var/folders/z7/y0mvtv1153s58zfwzv66_qcr0000gn/T/common-efee86.o:(.debug_loclists)
     5bf      5bf        0     1                 $d
     5cb      5cb        0     1                 .L0 
       0        0      40d     1 .debug_abbrev
       0        0      2e0     1         /var/folders/z7/y0mvtv1153s58zfwzv66_qcr0000gn/T/kernel-f9c425.o:(.debug_abbrev)
       0        0        0     1                 $d
     2e0      2e0      12d     1         /var/folders/z7/y0mvtv1153s58zfwzv66_qcr0000gn/T/common-efee86.o:(.debug_abbrev)
     2e0      2e0        0     1                 $d
       0        0      da8     1 .debug_info
       0        0      b73     1         /var/folders/z7/y0mvtv1153s58zfwzv66_qcr0000gn/T/kernel-f9c425.o:(.debug_info)
       0        0        0     1                 $d
     b73      b73      235     1         /var/folders/z7/y0mvtv1153s58zfwzv66_qcr0000gn/T/common-efee86.o:(.debug_info)
     b73      b73        0     1                 $d
       0        0       c5     1 .debug_rnglists
       0        0       aa     1         /var/folders/z7/y0mvtv1153s58zfwzv66_qcr0000gn/T/kernel-f9c425.o:(.debug_rnglists)
       0        0        0     1                 $d
       c        c        0     1                 .L0 
      aa       aa       1b     1         /var/folders/z7/y0mvtv1153s58zfwzv66_qcr0000gn/T/common-efee86.o:(.debug_rnglists)
      aa       aa        0     1                 $d
      b6       b6        0     1                 .L0 
       0        0      264     1 .debug_str_offsets
       0        0      1d0     1         /var/folders/z7/y0mvtv1153s58zfwzv66_qcr0000gn/T/kernel-f9c425.o:(.debug_str_offsets)
       0        0        0     1                 $d
       8        8        0     1                 .L0 
     1d0      1d0       94     1         /var/folders/z7/y0mvtv1153s58zfwzv66_qcr0000gn/T/common-efee86.o:(.debug_str_offsets)
     1d0      1d0        0     1                 $d
     1d8      1d8        0     1                 .L0 
       0        0      35f     1 .debug_str
       0        0      35f     1         <internal>:(.debug_str)
       0        0      1a4     1 .debug_addr
       0        0      144     1         /var/folders/z7/y0mvtv1153s58zfwzv66_qcr0000gn/T/kernel-f9c425.o:(.debug_addr)
       0        0        0     1                 $d
       8        8        0     1                 .L0 
     144      144       60     1         /var/folders/z7/y0mvtv1153s58zfwzv66_qcr0000gn/T/common-efee86.o:(.debug_addr)
     144      144        0     1                 $d
     14c      14c        0     1                 .L0 
       0        0       3b     1 .comment
       0        0       3b     1         <internal>:(.comment)
       0        0       34     1 .riscv.attributes
       0        0       34     1         <internal>:(.riscv.attributes)
       0        0      1f8     4 .debug_frame
       0        0      174     4         /var/folders/z7/y0mvtv1153s58zfwzv66_qcr0000gn/T/kernel-f9c425.o:(.debug_frame)
       0        0        0     1                 .L0 
       0        0        0     1                 $d
     174      174       84     4         /var/folders/z7/y0mvtv1153s58zfwzv66_qcr0000gn/T/common-efee86.o:(.debug_frame)
     174      174        0     1                 .L0 
     174      174        0     1                 $d
       0        0      d37     1 .debug_line
       0        0      95f     1         /var/folders/z7/y0mvtv1153s58zfwzv66_qcr0000gn/T/kernel-f9c425.o:(.debug_line)
       0        0        0     1                 .Lline_table_start0
       0        0        0     1                 $d
     95f      95f      3d8     1         /var/folders/z7/y0mvtv1153s58zfwzv66_qcr0000gn/T/common-efee86.o:(.debug_line)
     95f      95f        0     1                 .Lline_table_start0
     95f      95f        0     1                 $d
       0        0       38     1 .debug_line_str
       0        0       38     1         <internal>:(.debug_line_str)
       0        0      470     4 .symtab
       0        0      470     4         <internal>:(.symtab)
       0        0       e3     1 .shstrtab
       0        0       e3     1         <internal>:(.shstrtab)
       0        0      211     1 .strtab
       0        0      211     1         <internal>:(.strtab)
