     VMA      LMA     Size Align Out     In      Symbol
       0        0 80200000     1 . = 0x80200000
80200000        0        0     1 __kernel_base = .
80200000 80200000     15ca     4 .text
80200000 80200000        e     2         /tmp/kernel-72cbe9.o:(.text.boot)
80200000 80200000        0     1                 
80200000 80200000        0     1                 
80200000 80200000        0     1                 $x.1
80200000 80200000        0     1                 
80200000 80200000        e     1                 boot
8020000e 8020000e        0     1                 
8020000e 8020000e        0     1                 
80200010 80200010     1376     4         /tmp/kernel-72cbe9.o:(.text)
80200010 80200010        0     1                 
80200010 80200010        0     1                 
80200010 80200010        0     1                 $x.0
80200010 80200010        0     1                 
80200010 80200010       2c     1                 oct2int
80200012 80200012        0     1                 
80200012 80200012        0     1                 
80200016 80200016        0     1                 
8020001a 8020001a        0     1                 
8020001a 8020001a        0     1                 .LBB0_2
8020001a 8020001a        0     1                 
8020001e 8020001e        0     1                 
8020002a 8020002a        0     1                 
8020002c 8020002c        0     1                 
8020002c 8020002c        0     1                 
8020002e 8020002e        0     1                 
80200032 80200032        0     1                 
80200032 80200032        0     1                 
80200036 80200036        0     1                 
80200038 80200038        0     1                 .LBB0_4
80200038 80200038        0     1                 
80200038 80200038        0     1                 
8020003c 8020003c        0     1                 
8020003c 8020003c        0     1                 
8020003c 8020003c        0     1                 
8020003c 8020003c        0     1                 
8020003c 8020003c        0     1                 
8020003c 8020003c      23e     1                 fs_init
80200058 80200058        0     1                 
80200058 80200058        0     1                 
80200068 80200068        0     1                 
80200074 80200074        0     1                 
8020007e 8020007e        0     1                 
80200088 80200088        0     1                 
80200094 80200094        0     1                 
80200094 80200094        0     1                 
802000b6 802000b6        0     1                 
802000b6 802000b6        0     1                 .LBB1_1
802000b8 802000b8        0     1                 
802000b8 802000b8        0     1                 .LBB1_2
802000b8 802000b8        0     1                 
802000c4 802000c4        0     1                 
802000c4 802000c4        0     1                 
802000c6 802000c6        0     1                 
802000c6 802000c6        0     1                 
802000ca 802000ca        0     1                 
802000ce 802000ce        0     1                 
802000d6 802000d6        0     1                 
802000d6 802000d6        0     1                 
802000da 802000da        0     1                 
802000de 802000de        0     1                 
802000e4 802000e4        0     1                 
802000e4 802000e4        0     1                 
802000e8 802000e8        0     1                 
802000f2 802000f2        0     1                 
802000f2 802000f2        0     1                 
802000f6 802000f6        0     1                 
802000fa 802000fa        0     1                 
802000fa 802000fa        0     1                 
802000fe 802000fe        0     1                 
802000fe 802000fe        0     1                 
80200100 80200100        0     1                 
80200100 80200100        0     1                 
80200102 80200102        0     1                 
80200102 80200102        0     1                 
80200106 80200106        0     1                 .LBB1_3
80200106 80200106        0     1                 
80200106 80200106        0     1                 
8020010a 8020010a        0     1                 
8020010a 8020010a        0     1                 
8020010e 8020010e        0     1                 
80200112 80200112        0     1                 
80200116 80200116        0     1                 
8020011e 8020011e        0     1                 
8020011e 8020011e        0     1                 
80200122 80200122        0     1                 
80200122 80200122        0     1                 
80200126 80200126        0     1                 
80200132 80200132        0     1                 
80200136 80200136        0     1                 
8020013e 8020013e        0     1                 
80200142 80200142        0     1                 
80200142 80200142        0     1                 
80200146 80200146        0     1                 
8020014a 8020014a        0     1                 
8020014c 8020014c        0     1                 
8020014c 8020014c        0     1                 
8020014e 8020014e        0     1                 
80200156 80200156        0     1                 
8020015a 8020015a        0     1                 
8020015a 8020015a        0     1                 
8020015e 8020015e        0     1                 
80200162 80200162        0     1                 
80200164 80200164        0     1                 
80200164 80200164        0     1                 
80200166 80200166        0     1                 
8020016e 8020016e        0     1                 
80200172 80200172        0     1                 
80200172 80200172        0     1                 
80200176 80200176        0     1                 
8020017a 8020017a        0     1                 
8020017c 8020017c        0     1                 
8020017c 8020017c        0     1                 
8020017e 8020017e        0     1                 
80200186 80200186        0     1                 
8020018a 8020018a        0     1                 
8020018a 8020018a        0     1                 
8020018e 8020018e        0     1                 
80200192 80200192        0     1                 
80200194 80200194        0     1                 
80200194 80200194        0     1                 
80200196 80200196        0     1                 
8020019e 8020019e        0     1                 
802001a2 802001a2        0     1                 
802001a2 802001a2        0     1                 
802001a6 802001a6        0     1                 
802001aa 802001aa        0     1                 
802001ac 802001ac        0     1                 
802001ac 802001ac        0     1                 
802001ae 802001ae        0     1                 
802001b6 802001b6        0     1                 
802001ba 802001ba        0     1                 
802001ba 802001ba        0     1                 
802001be 802001be        0     1                 
802001c2 802001c2        0     1                 
802001c4 802001c4        0     1                 
802001c4 802001c4        0     1                 
802001c6 802001c6        0     1                 
802001ce 802001ce        0     1                 
802001d2 802001d2        0     1                 
802001d2 802001d2        0     1                 
802001d6 802001d6        0     1                 
802001da 802001da        0     1                 
802001dc 802001dc        0     1                 
802001dc 802001dc        0     1                 
802001de 802001de        0     1                 
802001e6 802001e6        0     1                 
802001ea 802001ea        0     1                 
802001ea 802001ea        0     1                 
802001ee 802001ee        0     1                 
802001f2 802001f2        0     1                 
802001f4 802001f4        0     1                 
802001f4 802001f4        0     1                 
802001f6 802001f6        0     1                 
802001fe 802001fe        0     1                 
80200202 80200202        0     1                 
80200202 80200202        0     1                 
80200206 80200206        0     1                 
8020020a 8020020a        0     1                 
8020020c 8020020c        0     1                 
8020020c 8020020c        0     1                 
8020020e 8020020e        0     1                 
80200216 80200216        0     1                 
8020021a 8020021a        0     1                 
8020021a 8020021a        0     1                 
8020021e 8020021e        0     1                 
80200222 80200222        0     1                 
80200224 80200224        0     1                 
80200224 80200224        0     1                 
80200226 80200226        0     1                 
8020022e 8020022e        0     1                 
80200232 80200232        0     1                 
80200232 80200232        0     1                 
80200236 80200236        0     1                 
80200238 80200238        0     1                 
80200238 80200238        0     1                 
8020023a 8020023a        0     1                 
8020023e 8020023e        0     1                 
8020023e 8020023e        0     1                 
80200240 80200240        0     1                 .LBB1_18
80200240 80200240        0     1                 
80200252 80200252        0     1                 
8020025a 8020025a        0     1                 
8020025e 8020025e        0     1                 .LBB1_19
8020025e 8020025e        0     1                 
8020025e 8020025e        0     1                 
80200278 80200278        0     1                 
80200278 80200278        0     1                 .LBB1_20
8020027a 8020027a        0     1                 
8020027a 8020027a        0     1                 
8020027a 8020027a        0     1                 
8020027a 8020027a        0     1                 
8020027a 8020027a        0     1                 
8020027a 8020027a        0     1                 
8020027a 8020027a      162     1                 read_write_disk
80200284 80200284        0     1                 
8020028c 8020028c        0     1                 
8020028e 8020028e        0     1                 
80200292 80200292        0     1                 
80200294 80200294        0     1                 
80200296 80200296        0     1                 
80200296 80200296        0     1                 
8020029e 8020029e        0     1                 
802002cc 802002cc        0     1                 
802002d0 802002d0        0     1                 
802002d0 802002d0        0     1                 
802002e0 802002e0        0     1                 
802002e2 802002e2        0     1                 
802002e4 802002e4        0     1                 
802002ee 802002ee        0     1                 
802002ee 802002ee        0     1                 
802002f2 802002f2        0     1                 .LBB2_3
802002f2 802002f2        0     1                 
802002f2 802002f2        0     1                 
802002f6 802002f6        0     1                 
802002fc 802002fc        0     1                 
802002fc 802002fc        0     1                 
802002fe 802002fe        0     1                 .LBB2_4
802002fe 802002fe        0     1                 
80200300 80200300        0     1                 .LBB2_5
80200300 80200300        0     1                 
80200308 80200308        0     1                 
80200308 80200308        0     1                 
8020030a 8020030a        0     1                 
80200318 80200318        0     1                 
80200320 80200320        0     1                 
80200326 80200326        0     1                 
80200328 80200328        0     1                 
8020032c 8020032c        0     1                 
80200336 80200336        0     1                 
80200338 80200338        0     1                 
8020033e 8020033e        0     1                 
80200342 80200342        0     1                 
80200346 80200346        0     1                 
8020034c 8020034c        0     1                 
8020034c 8020034c        0     1                 
80200352 80200352        0     1                 
80200352 80200352        0     1                 
80200354 80200354        0     1                 
8020035c 8020035c        0     1                 
8020035c 8020035c        0     1                 
8020035e 8020035e        0     1                 
8020035e 8020035e        0     1                 
80200360 80200360        0     1                 
80200364 80200364        0     1                 
8020036a 8020036a        0     1                 
8020036e 8020036e        0     1                 
80200374 80200374        0     1                 
80200374 80200374        0     1                 
80200376 80200376        0     1                 
80200388 80200388        0     1                 
80200388 80200388        0     1                 .LBB2_6
80200388 80200388        0     1                 
8020038c 8020038c        0     1                 
80200390 80200390        0     1                 
80200398 80200398        0     1                 
8020039c 8020039c        0     1                 
8020039e 8020039e        0     1                 
802003a0 802003a0        0     1                 
802003a8 802003a8        0     1                 .LBB2_9
802003a8 802003a8        0     1                 
802003a8 802003a8        0     1                 
802003b6 802003b6        0     1                 .LBB2_10
802003b6 802003b6        0     1                 
802003b6 802003b6        0     1                 
802003b8 802003b8        0     1                 
802003bc 802003bc        0     1                 
802003be 802003be        0     1                 
802003c0 802003c0        0     1                 
802003c4 802003c4        0     1                 .LBB2_12
802003c4 802003c4        0     1                 
802003c4 802003c4        0     1                 
802003c8 802003c8        0     1                 
802003d2 802003d2        0     1                 
802003d2 802003d2        0     1                 
802003d4 802003d4        0     1                 
802003d6 802003d6        0     1                 
802003dc 802003dc        0     1                 
802003dc 802003dc        0     1                 
802003dc 802003dc        0     1                 
802003dc 802003dc        0     1                 
802003dc 802003dc        0     1                 
802003dc 802003dc        0     1                 
802003dc 802003dc      2ca     1                 fs_flush
802003f8 802003f8        0     1                 
8020040c 8020040c        0     1                 
8020040c 8020040c        0     1                 
80200412 80200412        0     1                 
8020043c 8020043c        0     1                 
8020043c 8020043c        0     1                 .LBB3_1
8020043c 8020043c        0     1                 
80200442 80200442        0     1                 
80200442 80200442        0     1                 
80200444 80200444        0     1                 
80200448 80200448        0     1                 .LBB3_2
80200448 80200448        0     1                 
80200448 80200448        0     1                 
8020044e 8020044e        0     1                 
8020044e 8020044e        0     1                 
80200450 80200450        0     1                 
80200450 80200450        0     1                 
80200452 80200452        0     1                 
80200456 80200456        0     1                 
80200456 80200456        0     1                 
80200462 80200462        0     1                 
80200462 80200462        0     1                 
80200466 80200466        0     1                 
8020046c 8020046c        0     1                 
8020046c 8020046c        0     1                 
80200470 80200470        0     1                 
80200476 80200476        0     1                 
80200476 80200476        0     1                 
8020047a 8020047a        0     1                 
80200480 80200480        0     1                 
80200480 80200480        0     1                 
80200484 80200484        0     1                 
8020048a 8020048a        0     1                 
8020048a 8020048a        0     1                 
8020048e 8020048e        0     1                 
8020048e 8020048e        0     1                 
80200492 80200492        0     1                 
80200496 80200496        0     1                 
80200496 80200496        0     1                 
802004a4 802004a4        0     1                 
802004a4 802004a4        0     1                 
802004ac 802004ac        0     1                 
802004b0 802004b0        0     1                 
802004b4 802004b4        0     1                 
802004b4 802004b4        0     1                 
802004c0 802004c0        0     1                 
802004c0 802004c0        0     1                 
802004c4 802004c4        0     1                 
802004c8 802004c8        0     1                 
802004d0 802004d0        0     1                 
802004d0 802004d0        0     1                 
802004dc 802004dc        0     1                 
802004dc 802004dc        0     1                 
802004e0 802004e0        0     1                 
802004e4 802004e4        0     1                 
802004ec 802004ec        0     1                 
802004ec 802004ec        0     1                 
802004f8 802004f8        0     1                 
802004f8 802004f8        0     1                 
802004fc 802004fc        0     1                 
80200500 80200500        0     1                 
80200508 80200508        0     1                 
80200508 80200508        0     1                 
80200514 80200514        0     1                 
80200514 80200514        0     1                 
80200518 80200518        0     1                 
8020051c 8020051c        0     1                 
80200524 80200524        0     1                 
80200524 80200524        0     1                 
80200530 80200530        0     1                 
80200530 80200530        0     1                 
80200534 80200534        0     1                 
80200538 80200538        0     1                 
80200540 80200540        0     1                 
80200540 80200540        0     1                 
8020054e 8020054e        0     1                 
8020054e 8020054e        0     1                 
80200552 80200552        0     1                 
80200556 80200556        0     1                 
8020055e 8020055e        0     1                 
8020055e 8020055e        0     1                 
8020056c 8020056c        0     1                 
8020056c 8020056c        0     1                 
80200570 80200570        0     1                 
80200574 80200574        0     1                 
8020057e 8020057e        0     1                 
8020057e 8020057e        0     1                 
8020058c 8020058c        0     1                 
8020058c 8020058c        0     1                 
80200590 80200590        0     1                 
80200594 80200594        0     1                 
8020059c 8020059c        0     1                 
8020059c 8020059c        0     1                 
802005aa 802005aa        0     1                 
802005aa 802005aa        0     1                 
802005ae 802005ae        0     1                 
802005b2 802005b2        0     1                 
802005b8 802005b8        0     1                 
802005b8 802005b8        0     1                 
802005bc 802005bc        0     1                 
802005bc 802005bc        0     1                 
802005c0 802005c0        0     1                 
802005c4 802005c4        0     1                 
802005c4 802005c4        0     1                 
802005ce 802005ce        0     1                 
802005ce 802005ce        0     1                 .LBB3_4
802005ce 802005ce        0     1                 
802005d2 802005d2        0     1                 
802005d4 802005d4        0     1                 
802005d6 802005d6        0     1                 
802005da 802005da        0     1                 
802005da 802005da        0     1                 
802005e2 802005e2        0     1                 
802005e6 802005e6        0     1                 
802005e6 802005e6        0     1                 
802005f0 802005f0        0     1                 
802005f4 802005f4        0     1                 
802005f4 802005f4        0     1                 
802005fe 802005fe        0     1                 
80200602 80200602        0     1                 
80200602 80200602        0     1                 
8020060c 8020060c        0     1                 
80200610 80200610        0     1                 
80200610 80200610        0     1                 
8020061a 8020061a        0     1                 
8020061e 8020061e        0     1                 
8020061e 8020061e        0     1                 
80200626 80200626        0     1                 
8020062a 8020062a        0     1                 
8020062a 8020062a        0     1                 
8020062e 8020062e        0     1                 
80200632 80200632        0     1                 
80200632 80200632        0     1                 
8020063e 8020063e        0     1                 
80200640 80200640        0     1                 
80200642 80200642        0     1                 .LBB3_6
80200642 80200642        0     1                 
80200642 80200642        0     1                 
80200650 80200650        0     1                 
8020065a 8020065a        0     1                 
80200664 80200664        0     1                 
8020066e 8020066e        0     1                 
8020067a 8020067a        0     1                 
8020067a 8020067a        0     1                 
8020069a 8020069a        0     1                 
8020069a 8020069a        0     1                 
802006a0 802006a0        0     1                 
802006a6 802006a6        0     1                 
802006a6 802006a6        0     1                 
802006a6 802006a6        0     1                 
802006a6 802006a6        0     1                 
802006a6 802006a6        0     1                 
802006a6 802006a6        0     1                 
802006a6 802006a6        6     1                 sbi_call
802006aa 802006aa        0     1                 
802006aa 802006aa        0     1                 
802006ac 802006ac        0     1                 
802006ac 802006ac        0     1                 
802006ac 802006ac        0     1                 
802006ac 802006ac       14     1                 putchar
802006be 802006be        0     1                 
802006be 802006be        0     1                 
802006c0 802006c0        0     1                 
802006c0 802006c0        0     1                 
802006c0 802006c0        0     1                 
802006c0 802006c0       16     1                 getchar
802006d4 802006d4        0     1                 
802006d4 802006d4        0     1                 
802006d6 802006d6        0     1                 
802006d6 802006d6        0     1                 
802006d6 802006d6        0     1                 
802006d6 802006d6        0     1                 
802006d6 802006d6       46     1                 switch_context
8020071c 8020071c        0     1                 
8020071c 8020071c        0     1                 
8020071c 8020071c        0     1                 
8020071c 8020071c       18     1                 user_entry
80200728 80200728        0     1                 
80200734 80200734        0     1                 
80200734 80200734        0     1                 
80200734 80200734        0     1                 
80200734 80200734        a     1                 virtio_reg_read32
8020073a 8020073a        0     1                 
8020073a 8020073a        0     1                 
8020073c 8020073c        0     1                 
8020073e 8020073e        0     1                 
8020073e 8020073e        0     1                 
8020073e 8020073e        0     1                 
8020073e 8020073e        c     1                 virtio_reg_read64
80200742 80200742        0     1                 
80200744 80200744        0     1                 
80200744 80200744        0     1                 
80200748 80200748        0     1                 
8020074a 8020074a        0     1                 
8020074a 8020074a        0     1                 
8020074a 8020074a        0     1                 
8020074a 8020074a        a     1                 virtio_reg_write32
80200750 80200750        0     1                 
80200750 80200750        0     1                 
80200752 80200752        0     1                 
80200754 80200754        0     1                 
80200754 80200754        0     1                 
80200754 80200754        0     1                 
80200754 80200754        e     1                 virtio_reg_fetch_and_or32
8020075a 8020075a        0     1                 
8020075a 8020075a        0     1                 
8020075c 8020075c        0     1                 
8020075e 8020075e        0     1                 
8020075e 8020075e        0     1                 
80200760 80200760        0     1                 
80200762 80200762        0     1                 
80200762 80200762        0     1                 
80200762 80200762        0     1                 
80200762 80200762      17c     1                 virtio_blk_init
80200772 80200772        0     1                 
80200772 80200772        0     1                 
8020077c 8020077c        0     1                 
80200780 80200780        0     1                 
80200780 80200780        0     1                 
80200784 80200784        0     1                 
80200788 80200788        0     1                 
8020078c 8020078c        0     1                 
8020078c 8020078c        0     1                 
80200790 80200790        0     1                 
80200794 80200794        0     1                 
80200794 80200794        0     1                 
80200798 80200798        0     1                 
80200798 80200798        0     1                 
8020079a 8020079a        0     1                 
8020079e 8020079e        0     1                 
8020079e 8020079e        0     1                 
802007a0 802007a0        0     1                 
802007a0 802007a0        0     1                 
802007a2 802007a2        0     1                 
802007a6 802007a6        0     1                 
802007a6 802007a6        0     1                 
802007a8 802007a8        0     1                 
802007a8 802007a8        0     1                 
802007aa 802007aa        0     1                 
802007ae 802007ae        0     1                 
802007ae 802007ae        0     1                 
802007b0 802007b0        0     1                 
802007b0 802007b0        0     1                 
802007b8 802007b8        0     1                 
802007b8 802007b8        0     1                 
802007ba 802007ba        0     1                 
802007bc 802007bc        0     1                 
802007c4 802007c4        0     1                 
802007c8 802007c8        0     1                 
802007cc 802007cc        0     1                 
802007e4 802007e4        0     1                 
802007e4 802007e4        0     1                 .LBB13_5
802007e6 802007e6        0     1                 .LBB13_6
802007e6 802007e6        0     1                 
802007e6 802007e6        0     1                 
802007fe 802007fe        0     1                 
802007fe 802007fe        0     1                 .LBB13_7
80200800 80200800        0     1                 .LBB13_8
80200800 80200800        0     1                 
80200818 80200818        0     1                 
80200818 80200818        0     1                 .LBB13_9
8020081a 8020081a        0     1                 .LBB13_10
8020081a 8020081a        0     1                 
80200832 80200832        0     1                 
80200832 80200832        0     1                 .LBB13_11
80200834 80200834        0     1                 .LBB13_12
80200834 80200834        0     1                 
80200834 80200834        0     1                 
8020083e 8020083e        0     1                 
8020083e 8020083e        0     1                 
80200840 80200840        0     1                 
80200844 80200844        0     1                 
8020084c 8020084c        0     1                 
8020084e 8020084e        0     1                 
80200856 80200856        0     1                 
80200856 80200856        0     1                 
8020085c 8020085c        0     1                 
8020085c 8020085c        0     1                 
8020085e 8020085e        0     1                 
8020085e 8020085e        0     1                 
80200862 80200862        0     1                 
80200862 80200862        0     1                 
80200864 80200864        0     1                 
80200864 80200864        0     1                 
8020086e 8020086e        0     1                 
8020086e 8020086e        0     1                 
80200870 80200870        0     1                 
80200870 80200870        0     1                 
80200878 80200878        0     1                 
8020087a 8020087a        0     1                 
80200882 80200882        0     1                 
8020088e 8020088e        0     1                 
8020088e 8020088e        0     1                 
80200892 80200892        0     1                 
80200892 80200892        0     1                 
80200898 80200898        0     1                 
8020089c 8020089c        0     1                 
8020089c 8020089c        0     1                 
802008b4 802008b4        0     1                 
802008b4 802008b4        0     1                 .LBB13_14
802008b6 802008b6        0     1                 .LBB13_15
802008b6 802008b6        0     1                 
802008c0 802008c0        0     1                 
802008c0 802008c0        0     1                 
802008c8 802008c8        0     1                 
802008d4 802008d4        0     1                 
802008d4 802008d4        0     1                 
802008da 802008da        0     1                 
802008de 802008de        0     1                 
802008de 802008de        0     1                 
802008de 802008de        0     1                 
802008de 802008de        0     1                 
802008de 802008de        0     1                 
802008de 802008de       78     1                 virtq_init
802008e6 802008e6        0     1                 
802008e6 802008e6        0     1                 
802008ee 802008ee        0     1                 
802008ee 802008ee        0     1                 
802008f0 802008f0        0     1                 
802008f2 802008f2        0     1                 
802008f4 802008f4        0     1                 
802008fc 802008fc        0     1                 
80200900 80200900        0     1                 
80200904 80200904        0     1                 
8020091c 8020091c        0     1                 
8020091c 8020091c        0     1                 .LBB14_2
8020091e 8020091e        0     1                 .LBB14_3
8020091e 8020091e        0     1                 
80200928 80200928        0     1                 
80200928 80200928        0     1                 
8020092a 8020092a        0     1                 
8020092e 8020092e        0     1                 
80200934 80200934        0     1                 
80200936 80200936        0     1                 
8020093e 8020093e        0     1                 
8020093e 8020093e        0     1                 
80200942 80200942        0     1                 
80200942 80200942        0     1                 
80200944 80200944        0     1                 
80200944 80200944        0     1                 
80200948 80200948        0     1                 
80200948 80200948        0     1                 
8020094a 8020094a        0     1                 
80200950 80200950        0     1                 
80200950 80200950        0     1                 
80200952 80200952        0     1                 
80200952 80200952        0     1                 
80200956 80200956        0     1                 
80200956 80200956        0     1                 
80200956 80200956        0     1                 
80200956 80200956        0     1                 
80200956 80200956        0     1                 
80200956 80200956       52     1                 alloc_pages
8020095c 8020095c        0     1                 
80200964 80200964        0     1                 
80200964 80200964        0     1                 
80200968 80200968        0     1                 
8020096c 8020096c        0     1                 
8020096c 8020096c        0     1                 
80200974 80200974        0     1                 
80200978 80200978        0     1                 
8020097c 8020097c        0     1                 
80200994 80200994        0     1                 
80200994 80200994        0     1                 .LBB15_2
80200996 80200996        0     1                 .LBB15_3
80200996 80200996        0     1                 
8020099e 8020099e        0     1                 
8020099e 8020099e        0     1                 
802009a4 802009a4        0     1                 
802009a4 802009a4        0     1                 
802009a8 802009a8        0     1                 
802009a8 802009a8        0     1                 
802009a8 802009a8        0     1                 
802009a8 802009a8        0     1                 
802009a8 802009a8        0     1                 
802009a8 802009a8       36     1                 virtq_kick
802009b2 802009b2        0     1                 
802009b8 802009b8        0     1                 
802009ba 802009ba        0     1                 
802009bc 802009bc        0     1                 
802009c0 802009c0        0     1                 
802009c6 802009c6        0     1                 
802009ca 802009ca        0     1                 
802009cc 802009cc        0     1                 
802009cc 802009cc        0     1                 
802009d0 802009d0        0     1                 
802009d0 802009d0        0     1                 
802009d2 802009d2        0     1                 
802009dc 802009dc        0     1                 
802009de 802009de        0     1                 
802009de 802009de        0     1                 
802009de 802009de        0     1                 
802009de 802009de       1a     1                 virtq_is_busy
802009e4 802009e4        0     1                 
802009e6 802009e6        0     1                 
802009e6 802009e6        0     1                 
802009e8 802009e8        0     1                 
802009ec 802009ec        0     1                 
802009f0 802009f0        0     1                 
802009f6 802009f6        0     1                 
802009f8 802009f8        0     1                 
802009f8 802009f8        0     1                 
802009f8 802009f8        0     1                 
802009f8 802009f8      290     1                 create_process
80200a14 80200a14        0     1                 
80200a20 80200a20        0     1                 
80200a20 80200a20        0     1                 
80200a22 80200a22        0     1                 
80200a22 80200a22        0     1                 
80200a24 80200a24        0     1                 
80200a24 80200a24        0     1                 
80200a2a 80200a2a        0     1                 
80200a2c 80200a2c        0     1                 
80200a2c 80200a2c        0     1                 
80200a3a 80200a3a        0     1                 
80200a3c 80200a3c        0     1                 
80200a3c 80200a3c        0     1                 
80200a42 80200a42        0     1                 
80200a44 80200a44        0     1                 
80200a44 80200a44        0     1                 
80200a52 80200a52        0     1                 
80200a54 80200a54        0     1                 
80200a54 80200a54        0     1                 
80200a5a 80200a5a        0     1                 
80200a5c 80200a5c        0     1                 
80200a5c 80200a5c        0     1                 
80200a6a 80200a6a        0     1                 
80200a6c 80200a6c        0     1                 
80200a6c 80200a6c        0     1                 
80200a72 80200a72        0     1                 
80200a74 80200a74        0     1                 
80200a74 80200a74        0     1                 
80200a8c 80200a8c        0     1                 
80200a8c 80200a8c        0     1                 .LBB18_9
80200a8e 80200a8e        0     1                 .LBB18_10
80200a8e 80200a8e        0     1                 
80200a8e 80200a8e        0     1                 
80200a92 80200a92        0     1                 .LBB18_11
80200a92 80200a92        0     1                 
80200a96 80200a96        0     1                 .LBB18_12
80200a96 80200a96        0     1                 
80200a9a 80200a9a        0     1                 .LBB18_13
80200a9a 80200a9a        0     1                 
80200a9e 80200a9e        0     1                 .LBB18_14
80200a9e 80200a9e        0     1                 
80200aa2 80200aa2        0     1                 .LBB18_15
80200aa2 80200aa2        0     1                 
80200aa6 80200aa6        0     1                 .LBB18_16
80200aa6 80200aa6        0     1                 
80200aaa 80200aaa        0     1                 .LBB18_17
80200aaa 80200aaa        0     1                 
80200aac 80200aac        0     1                 .LBB18_18
80200aac 80200aac        0     1                 
80200aac 80200aac        0     1                 
80200aba 80200aba        0     1                 
80200ac0 80200ac0        0     1                 
80200ac4 80200ac4        0     1                 
80200ac8 80200ac8        0     1                 
80200acc 80200acc        0     1                 
80200ad0 80200ad0        0     1                 
80200ad4 80200ad4        0     1                 
80200ad8 80200ad8        0     1                 
80200adc 80200adc        0     1                 
80200ae0 80200ae0        0     1                 
80200ae4 80200ae4        0     1                 
80200ae8 80200ae8        0     1                 
80200aec 80200aec        0     1                 
80200af4 80200af4        0     1                 
80200af8 80200af8        0     1                 
80200af8 80200af8        0     1                 
80200afc 80200afc        0     1                 
80200afc 80200afc        0     1                 
80200b04 80200b04        0     1                 
80200b04 80200b04        0     1                 
80200b0c 80200b0c        0     1                 
80200b0c 80200b0c        0     1                 
80200b0e 80200b0e        0     1                 
80200b16 80200b16        0     1                 
80200b1e 80200b1e        0     1                 
80200b36 80200b36        0     1                 
80200b36 80200b36        0     1                 .LBB18_20
80200b38 80200b38        0     1                 .LBB18_21
80200b38 80200b38        0     1                 
80200b38 80200b38        0     1                 
80200b3a 80200b3a        0     1                 
80200b3c 80200b3c        0     1                 
80200b48 80200b48        0     1                 
80200b48 80200b48        0     1                 
80200b54 80200b54        0     1                 
80200b54 80200b54        0     1                 
80200b5c 80200b5c        0     1                 
80200b5c 80200b5c        0     1                 .LBB18_23
80200b5c 80200b5c        0     1                 
80200b66 80200b66        0     1                 
80200b66 80200b66        0     1                 
80200b68 80200b68        0     1                 
80200b6c 80200b6c        0     1                 .LBB18_24
80200b6c 80200b6c        0     1                 
80200b6c 80200b6c        0     1                 
80200b70 80200b70        0     1                 
80200b74 80200b74        0     1                 
80200b74 80200b74        0     1                 
80200b76 80200b76        0     1                 
80200b76 80200b76        0     1                 
80200b7e 80200b7e        0     1                 
80200b7e 80200b7e        0     1                 
80200b80 80200b80        0     1                 
80200b82 80200b82        0     1                 
80200b8a 80200b8a        0     1                 
80200b8e 80200b8e        0     1                 
80200b92 80200b92        0     1                 
80200ba8 80200ba8        0     1                 
80200ba8 80200ba8        0     1                 .LBB18_27
80200baa 80200baa        0     1                 .LBB18_28
80200baa 80200baa        0     1                 
80200bb4 80200bb4        0     1                 
80200bb4 80200bb4        0     1                 
80200bb6 80200bb6        0     1                 
80200bba 80200bba        0     1                 
80200bbc 80200bbc        0     1                 
80200bc0 80200bc0        0     1                 .LBB18_29
80200bc0 80200bc0        0     1                 
80200bc0 80200bc0        0     1                 
80200bc4 80200bc4        0     1                 
80200bc4 80200bc4        0     1                 
80200bcc 80200bcc        0     1                 
80200bce 80200bce        0     1                 
80200bce 80200bce        0     1                 
80200bd2 80200bd2        0     1                 
80200bd2 80200bd2        0     1                 
80200bec 80200bec        0     1                 
80200bec 80200bec        0     1                 .LBB18_31
80200bec 80200bec        0     1                 
80200bf0 80200bf0        0     1                 
80200bf6 80200bf6        0     1                 
80200bf6 80200bf6        0     1                 
80200bfa 80200bfa        0     1                 
80200c02 80200c02        0     1                 
80200c02 80200c02        0     1                 
80200c04 80200c04        0     1                 
80200c04 80200c04        0     1                 
80200c0c 80200c0c        0     1                 
80200c10 80200c10        0     1                 .LBB18_32
80200c10 80200c10        0     1                 
80200c10 80200c10        0     1                 
80200c14 80200c14        0     1                 
80200c14 80200c14        0     1                 
80200c1c 80200c1c        0     1                 
80200c20 80200c20        0     1                 
80200c2a 80200c2a        0     1                 
80200c2a 80200c2a        0     1                 
80200c2c 80200c2c        0     1                 
80200c2c 80200c2c        0     1                 
80200c30 80200c30        0     1                 
80200c30 80200c30        0     1                 
80200c34 80200c34        0     1                 .LBB18_35
80200c34 80200c34        0     1                 
80200c40 80200c40        0     1                 
80200c40 80200c40        0     1                 
80200c42 80200c42        0     1                 
80200c48 80200c48        0     1                 
80200c4c 80200c4c        0     1                 
80200c4e 80200c4e        0     1                 
80200c5a 80200c5a        0     1                 
80200c5a 80200c5a        0     1                 
80200c60 80200c60        0     1                 
80200c64 80200c64        0     1                 
80200c6c 80200c6c        0     1                 
80200c70 80200c70        0     1                 .LBB18_36
80200c70 80200c70        0     1                 
80200c70 80200c70        0     1                 
80200c86 80200c86        0     1                 
80200c86 80200c86        0     1                 .LBB18_37
80200c88 80200c88        0     1                 
80200c88 80200c88        0     1                 
80200c88 80200c88        0     1                 
80200c88 80200c88        0     1                 
80200c88 80200c88        0     1                 
80200c88 80200c88        0     1                 
80200c88 80200c88       da     1                 map_page
80200c98 80200c98        0     1                 
80200c98 80200c98        0     1                 
80200c9c 80200c9c        0     1                 
80200ca0 80200ca0        0     1                 
80200cb0 80200cb0        0     1                 
80200cb2 80200cb2        0     1                 
80200cb4 80200cb4        0     1                 
80200cb4 80200cb4        0     1                 .LBB19_2
80200cb6 80200cb6        0     1                 .LBB19_3
80200cb6 80200cb6        0     1                 
80200cb6 80200cb6        0     1                 
80200cba 80200cba        0     1                 
80200cbc 80200cbc        0     1                 
80200cbe 80200cbe        0     1                 
80200cc2 80200cc2        0     1                 
80200cd0 80200cd0        0     1                 
80200cd4 80200cd4        0     1                 
80200cd6 80200cd6        0     1                 
80200cd6 80200cd6        0     1                 .LBB19_5
80200cd8 80200cd8        0     1                 .LBB19_6
80200cd8 80200cd8        0     1                 
80200cd8 80200cd8        0     1                 
80200ce4 80200ce4        0     1                 
80200ce4 80200ce4        0     1                 
80200ce8 80200ce8        0     1                 
80200cea 80200cea        0     1                 
80200cea 80200cea        0     1                 
80200cf2 80200cf2        0     1                 
80200cf2 80200cf2        0     1                 
80200cf4 80200cf4        0     1                 
80200cf6 80200cf6        0     1                 
80200cfe 80200cfe        0     1                 
80200d02 80200d02        0     1                 
80200d06 80200d06        0     1                 
80200d1a 80200d1a        0     1                 
80200d1c 80200d1c        0     1                 
80200d1c 80200d1c        0     1                 .LBB19_9
80200d1e 80200d1e        0     1                 .LBB19_10
80200d1e 80200d1e        0     1                 
80200d1e 80200d1e        0     1                 
80200d20 80200d20        0     1                 
80200d20 80200d20        0     1                 
80200d28 80200d28        0     1                 
80200d2c 80200d2c        0     1                 
80200d2c 80200d2c        0     1                 
80200d30 80200d30        0     1                 
80200d30 80200d30        0     1                 
80200d36 80200d36        0     1                 
80200d38 80200d38        0     1                 
80200d3a 80200d3a        0     1                 .LBB19_11
80200d3a 80200d3a        0     1                 
80200d3a 80200d3a        0     1                 
80200d3e 80200d3e        0     1                 
80200d3e 80200d3e        0     1                 
80200d40 80200d40        0     1                 
80200d46 80200d46        0     1                 
80200d48 80200d48        0     1                 
80200d48 80200d48        0     1                 
80200d4c 80200d4c        0     1                 
80200d50 80200d50        0     1                 
80200d50 80200d50        0     1                 
80200d5e 80200d5e        0     1                 
80200d62 80200d62        0     1                 
80200d62 80200d62        0     1                 
80200d64 80200d64        0     1                 
80200d64 80200d64        0     1                 
80200d64 80200d64        0     1                 
80200d64 80200d64       96     1                 kernel_entry
80200dfa 80200dfa        0     1                 
80200dfa 80200dfa        0     1                 
80200dfa 80200dfa        0     1                 
80200dfa 80200dfa        0     1                 
80200dfa 80200dfa        0     1                 
80200dfa 80200dfa      240     1                 handle_syscall
80200e16 80200e16        0     1                 
80200e16 80200e16        0     1                 
80200e36 80200e36        0     1                 
80200e3a 80200e3a        0     1                 
80200e3c 80200e3c        0     1                 
80200e40 80200e40        0     1                 
80200e42 80200e42        0     1                 
80200e46 80200e46        0     1                 
80200e48 80200e48        0     1                 
80200e4c 80200e4c        0     1                 
80200e50 80200e50        0     1                 
80200e54 80200e54        0     1                 
80200e56 80200e56        0     1                 
80200e60 80200e60        0     1                 
80200e60 80200e60        0     1                 
80200e66 80200e66        0     1                 
80200e68 80200e68        0     1                 
80200e6a 80200e6a        0     1                 
80200e6a 80200e6a        0     1                 
80200e80 80200e80        0     1                 
80200e80 80200e80        0     1                 .LBB21_5
80200e82 80200e82        0     1                 .LBB21_6
80200e82 80200e82        0     1                 
80200e82 80200e82        0     1                 
80200e8c 80200e8c        0     1                 
80200e8c 80200e8c        0     1                 
80200ea2 80200ea2        0     1                 
80200eb2 80200eb2        0     1                 
80200ec2 80200ec2        0     1                 
80200eca 80200eca        0     1                 
80200eca 80200eca        0     1                 
80200eda 80200eda        0     1                 
80200eda 80200eda        0     1                 
80200edc 80200edc        0     1                 
80200edc 80200edc        0     1                 
80200ee4 80200ee4        0     1                 
80200ee4 80200ee4        0     1                 
80200ee6 80200ee6        0     1                 
80200ee6 80200ee6        0     1                 
80200ef2 80200ef2        0     1                 
80200ef2 80200ef2        0     1                 
80200ef6 80200ef6        0     1                 .LBB21_10
80200ef6 80200ef6        0     1                 
80200ef6 80200ef6        0     1                 
80200efa 80200efa        0     1                 
80200efa 80200efa        0     1                 
80200f0c 80200f0c        0     1                 
80200f0c 80200f0c        0     1                 
80200f0e 80200f0e        0     1                 .LBB21_11
80200f0e 80200f0e        0     1                 
80200f0e 80200f0e        0     1                 
80200f22 80200f22        0     1                 
80200f22 80200f22        0     1                 
80200f26 80200f26        0     1                 
80200f26 80200f26        0     1                 .LBB21_12
80200f26 80200f26        0     1                 
80200f28 80200f28        0     1                 
80200f28 80200f28        0     1                 
80200f3c 80200f3c        0     1                 
80200f3c 80200f3c        0     1                 
80200f40 80200f40        0     1                 .LBB21_13
80200f40 80200f40        0     1                 
80200f40 80200f40        0     1                 
80200f56 80200f56        0     1                 
80200f5c 80200f5c        0     1                 .LBB21_14
80200f5c 80200f5c        0     1                 
80200f5c 80200f5c        0     1                 
80200f72 80200f72        0     1                 
80200f72 80200f72        0     1                 .LBB21_15
80200f74 80200f74        0     1                 .LBB21_16
80200f74 80200f74        0     1                 
80200f76 80200f76        0     1                 .LBB21_17
80200f76 80200f76        0     1                 
80200f90 80200f90        0     1                 
80200f98 80200f98        0     1                 
80200f9c 80200f9c        0     1                 
80200fa0 80200fa0        0     1                 
80200fb2 80200fb2        0     1                 .LBB21_19
80200fb2 80200fb2        0     1                 
80200fb4 80200fb4        0     1                 
80200fb4 80200fb4        0     1                 
80200fd4 80200fd4        0     1                 
80200fe8 80200fe8        0     1                 
80200fec 80200fec        0     1                 
80200ff2 80200ff2        0     1                 
80200ff2 80200ff2        0     1                 
80200ff6 80200ff6        0     1                 
80200ffa 80200ffa        0     1                 
80200ffa 80200ffa        0     1                 
80200ffc 80200ffc        0     1                 .LBB21_21
80200ffc 80200ffc        0     1                 
80200ffc 80200ffc        0     1                 
80201000 80201000        0     1                 
80201004 80201004        0     1                 .LBB21_22
80201004 80201004        0     1                 
80201004 80201004        0     1                 
8020101e 8020101e        0     1                 .LBB21_23
8020101e 8020101e        0     1                 
80201022 80201022        0     1                 
80201036 80201036        0     1                 
8020103a 8020103a        0     1                 
8020103a 8020103a        0     1                 
8020103a 8020103a        0     1                 
8020103a 8020103a        0     1                 
8020103a 8020103a        0     1                 
8020103a 8020103a       40     1                 fs_lookup
80201044 80201044        0     1                 
80201044 80201044        0     1                 
80201054 80201054        0     1                 
80201054 80201054        0     1                 
80201056 80201056        0     1                 
80201056 80201056        0     1                 
8020105e 8020105e        0     1                 
8020105e 8020105e        0     1                 
80201060 80201060        0     1                 
80201064 80201064        0     1                 .LBB22_3
80201066 80201066        0     1                 .LBB22_4
80201070 80201070        0     1                 .LBB22_5
80201074 80201074        0     1                 
80201076 80201076        0     1                 
8020107a 8020107a        0     1                 
8020107a 8020107a        0     1                 
8020107a 8020107a        0     1                 
8020107a 8020107a        0     1                 
8020107a 8020107a        0     1                 
8020107a 8020107a      1d4     1                 yield
80201086 80201086        0     1                 
8020108a 8020108a        0     1                 
8020108a 8020108a        0     1                 
80201098 80201098        0     1                 
802010ac 802010ac        0     1                 
802010ac 802010ac        0     1                 
802010b0 802010b0        0     1                 
802010b0 802010b0        0     1                 
802010b2 802010b2        0     1                 
802010b2 802010b2        0     1                 
802010b6 802010b6        0     1                 
802010b6 802010b6        0     1                 
802010b8 802010b8        0     1                 
802010bc 802010bc        0     1                 .LBB23_2
802010bc 802010bc        0     1                 
802010bc 802010bc        0     1                 
802010c0 802010c0        0     1                 
802010cc 802010cc        0     1                 
802010d8 802010d8        0     1                 
802010dc 802010dc        0     1                 
802010e6 802010e6        0     1                 
802010e6 802010e6        0     1                 
802010e8 802010e8        0     1                 
802010ec 802010ec        0     1                 .LBB23_4
802010ec 802010ec        0     1                 
802010ec 802010ec        0     1                 
802010f0 802010f0        0     1                 
802010fc 802010fc        0     1                 
80201114 80201114        0     1                 
80201118 80201118        0     1                 
80201118 80201118        0     1                 
8020111a 8020111a        0     1                 
8020111e 8020111e        0     1                 .LBB23_6
8020111e 8020111e        0     1                 
8020111e 8020111e        0     1                 
80201122 80201122        0     1                 
8020112e 8020112e        0     1                 
8020113a 8020113a        0     1                 
8020113e 8020113e        0     1                 
80201148 80201148        0     1                 
80201148 80201148        0     1                 
8020114a 8020114a        0     1                 
8020114e 8020114e        0     1                 .LBB23_8
8020114e 8020114e        0     1                 
8020114e 8020114e        0     1                 
80201152 80201152        0     1                 
8020115e 8020115e        0     1                 
80201176 80201176        0     1                 
8020117a 8020117a        0     1                 
8020117a 8020117a        0     1                 
8020117c 8020117c        0     1                 
80201180 80201180        0     1                 .LBB23_10
80201180 80201180        0     1                 
80201180 80201180        0     1                 
80201184 80201184        0     1                 
80201190 80201190        0     1                 
8020119c 8020119c        0     1                 
802011a0 802011a0        0     1                 
802011aa 802011aa        0     1                 
802011aa 802011aa        0     1                 
802011ac 802011ac        0     1                 
802011b0 802011b0        0     1                 .LBB23_12
802011b0 802011b0        0     1                 
802011b0 802011b0        0     1                 
802011b4 802011b4        0     1                 
802011c0 802011c0        0     1                 
802011d8 802011d8        0     1                 
802011dc 802011dc        0     1                 
802011dc 802011dc        0     1                 
802011de 802011de        0     1                 
802011e2 802011e2        0     1                 .LBB23_14
802011e2 802011e2        0     1                 
802011e2 802011e2        0     1                 
802011e4 802011e4        0     1                 
802011f0 802011f0        0     1                 
802011fc 802011fc        0     1                 
80201200 80201200        0     1                 
8020120a 8020120a        0     1                 
8020120a 8020120a        0     1                 
8020120c 8020120c        0     1                 
80201210 80201210        0     1                 .LBB23_16
80201210 80201210        0     1                 
80201210 80201210        0     1                 
80201212 80201212        0     1                 .LBB23_17
80201212 80201212        0     1                 
80201212 80201212        0     1                 
80201216 80201216        0     1                 
80201218 80201218        0     1                 
8020121e 8020121e        0     1                 
80201224 80201224        0     1                 
80201226 80201226        0     1                 
80201236 80201236        0     1                 
8020123e 8020123e        0     1                 
8020123e 8020123e        0     1                 
80201240 80201240        0     1                 
80201240 80201240        0     1                 
80201244 80201244        0     1                 
80201248 80201248        0     1                 
8020124c 8020124c        0     1                 .LBB23_19
8020124c 8020124c        0     1                 
8020124c 8020124c        0     1                 
8020124e 8020124e        0     1                 
8020124e 8020124e        0     1                 
8020124e 8020124e        0     1                 
8020124e 8020124e        0     1                 
8020124e 8020124e        0     1                 
8020124e 8020124e       42     1                 handle_trap
80201254 80201254        0     1                 
80201254 80201254        0     1                 
80201258 80201258        0     1                 
80201258 80201258        0     1                 
8020125c 8020125c        0     1                 
8020125c 8020125c        0     1                 
8020125e 8020125e        0     1                 
8020125e 8020125e        0     1                 
80201262 80201262        0     1                 
80201262 80201262        0     1                 
80201266 80201266        0     1                 
80201266 80201266        0     1                 
80201268 80201268        0     1                 
80201268 80201268        0     1                 
8020126a 8020126a        0     1                 
8020126a 8020126a        0     1                 
80201272 80201272        0     1                 
80201272 80201272        0     1                 
80201276 80201276        0     1                 .LBB24_2
80201276 80201276        0     1                 
80201276 80201276        0     1                 
8020127a 8020127a        0     1                 
8020128e 8020128e        0     1                 
8020128e 8020128e        0     1                 .LBB24_3
80201290 80201290        0     1                 
80201290 80201290        0     1                 
80201290 80201290        0     1                 
80201290 80201290        0     1                 
80201290 80201290        0     1                 
80201290 80201290       3a     1                 proc_a_entry
80201296 80201296        0     1                 
802012a0 802012a0        0     1                 
802012a0 802012a0        0     1                 
802012a8 802012a8        0     1                 .LBB25_1
802012a8 802012a8        0     1                 
802012a8 802012a8        0     1                 
802012be 802012be        0     1                 
802012be 802012be        0     1                 
802012c0 802012c0        0     1                 
802012c0 802012c0        0     1                 
802012c2 802012c2        0     1                 
802012c2 802012c2        0     1                 .LBB25_2
802012c2 802012c2        0     1                 
802012c4 802012c4        0     1                 
802012c4 802012c4        0     1                 
802012c6 802012c6        0     1                 
802012c6 802012c6        0     1                 
802012ca 802012ca        0     1                 
802012ca 802012ca        0     1                 
802012ca 802012ca        0     1                 
802012ca 802012ca        0     1                 
802012ca 802012ca        0     1                 
802012ca 802012ca        0     1                 
802012ca 802012ca       3a     1                 proc_b_entry
802012d0 802012d0        0     1                 
802012da 802012da        0     1                 
802012da 802012da        0     1                 
802012e2 802012e2        0     1                 .LBB26_1
802012e2 802012e2        0     1                 
802012e2 802012e2        0     1                 
802012f8 802012f8        0     1                 
802012f8 802012f8        0     1                 
802012fa 802012fa        0     1                 
802012fa 802012fa        0     1                 
802012fc 802012fc        0     1                 
802012fc 802012fc        0     1                 .LBB26_2
802012fc 802012fc        0     1                 
802012fe 802012fe        0     1                 
802012fe 802012fe        0     1                 
80201300 80201300        0     1                 
80201300 80201300        0     1                 
80201304 80201304        0     1                 
80201304 80201304        0     1                 
80201304 80201304        0     1                 
80201304 80201304        0     1                 
80201304 80201304        0     1                 
80201304 80201304        0     1                 
80201304 80201304       82     1                 kernel_main
80201308 80201308        0     1                 
8020131e 8020131e        0     1                 
8020131e 8020131e        0     1                 
80201328 80201328        0     1                 
80201328 80201328        0     1                 
80201330 80201330        0     1                 
80201334 80201334        0     1                 
80201334 80201334        0     1                 
80201338 80201338        0     1                 
80201338 80201338        0     1                 
8020133c 8020133c        0     1                 
8020133c 8020133c        0     1                 
80201344 80201344        0     1                 
80201344 80201344        0     1                 
8020134e 8020134e        0     1                 
80201350 80201350        0     1                 
80201358 80201358        0     1                 
8020136c 8020136c        0     1                 
8020136c 8020136c        0     1                 
8020136e 8020136e        0     1                 
8020136e 8020136e        0     1                 
80201384 80201384        0     1                 
80201384 80201384        0     1                 .LBB27_1
80201386 80201386        0     1                 
80201386 80201386        0     1                 
80201386 80201386      244     2         /tmp/common-1dd2a6.o:(.text)
80201386 80201386        0     1                 
80201386 80201386        0     1                 
80201386 80201386        0     1                 $x.0
80201386 80201386        0     1                 
80201386 80201386      1c0     1                 printf
802013b4 802013b4        0     1                 
802013dc 802013dc        0     1                 .LBB0_1
802013dc 802013dc        0     1                 
802013e0 802013e0        0     1                 .LBB0_2
802013e0 802013e0        0     1                 
802013e2 802013e2        0     1                 .LBB0_3
802013e2 802013e2        0     1                 
802013e6 802013e6        0     1                 
802013ee 802013ee        0     1                 .LBB0_5
802013ee 802013ee        0     1                 
802013f2 802013f2        0     1                 
802013f2 802013f2        0     1                 
802013f4 802013f4        0     1                 
802013f6 802013f6        0     1                 .LBB0_6
802013f6 802013f6        0     1                 
802013fa 802013fa        0     1                 
802013fc 802013fc        0     1                 
8020140c 8020140c        0     1                 
8020140c 8020140c        0     1                 
80201418 80201418        0     1                 
80201418 80201418        0     1                 
8020141c 8020141c        0     1                 
8020141c 8020141c        0     1                 
8020141e 8020141e        0     1                 
80201424 80201424        0     1                 .LBB0_11
80201424 80201424        0     1                 
80201424 80201424        0     1                 
8020142c 8020142c        0     1                 
8020142c 8020142c        0     1                 
80201436 80201436        0     1                 
80201436 80201436        0     1                 
8020143a 8020143a        0     1                 
8020143a 8020143a        0     1                 
8020143c 8020143c        0     1                 
80201440 80201440        0     1                 
80201444 80201444        0     1                 
80201444 80201444        0     1                 
8020144a 8020144a        0     1                 
8020144a 8020144a        0     1                 
8020144c 8020144c        0     1                 
80201450 80201450        0     1                 
80201454 80201454        0     1                 
80201454 80201454        0     1                 
8020145a 8020145a        0     1                 
8020145a 8020145a        0     1                 
8020145c 8020145c        0     1                 
80201460 80201460        0     1                 
80201464 80201464        0     1                 
80201464 80201464        0     1                 
8020146a 8020146a        0     1                 
8020146a 8020146a        0     1                 
8020146c 8020146c        0     1                 
80201470 80201470        0     1                 
80201474 80201474        0     1                 
80201474 80201474        0     1                 
8020147a 8020147a        0     1                 
8020147a 8020147a        0     1                 
8020147c 8020147c        0     1                 
80201480 80201480        0     1                 
80201484 80201484        0     1                 
80201484 80201484        0     1                 
8020148a 8020148a        0     1                 
8020148a 8020148a        0     1                 
8020148c 8020148c        0     1                 
80201490 80201490        0     1                 
80201494 80201494        0     1                 
80201494 80201494        0     1                 
8020149a 8020149a        0     1                 
8020149a 8020149a        0     1                 
8020149c 8020149c        0     1                 
802014a0 802014a0        0     1                 
802014a4 802014a4        0     1                 
802014a4 802014a4        0     1                 
802014a6 802014a6        0     1                 
802014a6 802014a6        0     1                 
802014a8 802014a8        0     1                 
802014ac 802014ac        0     1                 
802014ac 802014ac        0     1                 
802014b0 802014b0        0     1                 
802014b0 802014b0        0     1                 
802014b2 802014b2        0     1                 
802014b4 802014b4        0     1                 .LBB0_14
802014b4 802014b4        0     1                 
802014b4 802014b4        0     1                 
802014be 802014be        0     1                 
802014be 802014be        0     1                 
802014c2 802014c2        0     1                 
802014c8 802014c8        0     1                 
802014c8 802014c8        0     1                 .LBB0_16
802014c8 802014c8        0     1                 
802014d0 802014d0        0     1                 
802014d0 802014d0        0     1                 
802014d4 802014d4        0     1                 
802014d6 802014d6        0     1                 
802014da 802014da        0     1                 .LBB0_17
802014da 802014da        0     1                 
802014da 802014da        0     1                 
802014e2 802014e2        0     1                 
802014e2 802014e2        0     1                 
802014e6 802014e6        0     1                 
802014e6 802014e6        0     1                 
802014e8 802014e8        0     1                 
802014ec 802014ec        0     1                 .LBB0_18
802014ec 802014ec        0     1                 
802014ee 802014ee        0     1                 
802014ee 802014ee        0     1                 .LBB0_19
802014ee 802014ee        0     1                 
802014f2 802014f2        0     1                 
802014f6 802014f6        0     1                 
802014fa 802014fa        0     1                 .LBB0_20
802014fa 802014fa        0     1                 
802014fa 802014fa        0     1                 
802014fc 802014fc        0     1                 
802014fc 802014fc        0     1                 
80201500 80201500        0     1                 
80201504 80201504        0     1                 
8020150c 8020150c        0     1                 
8020150c 8020150c        0     1                 
8020151a 8020151a        0     1                 
8020151a 8020151a        0     1                 
80201520 80201520        0     1                 .LBB0_21
80201520 80201520        0     1                 
80201520 80201520        0     1                 
80201528 80201528        0     1                 .LBB0_22
80201528 80201528        0     1                 
80201528 80201528        0     1                 
8020152c 8020152c        0     1                 
80201542 80201542        0     1                 
80201546 80201546        0     1                 
80201546 80201546        0     1                 
80201546 80201546        0     1                 
80201546 80201546        0     1                 
80201546 80201546        0     1                 
80201546 80201546       1c     1                 memcpy
8020154a 8020154a        0     1                 
8020154a 8020154a        0     1                 
8020154c 8020154c        0     1                 
8020154c 8020154c        0     1                 .LBB1_2
8020154c 8020154c        0     1                 
80201550 80201550        0     1                 
80201552 80201552        0     1                 
80201556 80201556        0     1                 
80201556 80201556        0     1                 
8020155a 8020155a        0     1                 
8020155c 8020155c        0     1                 
8020155c 8020155c        0     1                 
80201560 80201560        0     1                 .LBB1_3
80201560 80201560        0     1                 
80201560 80201560        0     1                 
80201562 80201562        0     1                 
80201562 80201562        0     1                 
80201562 80201562        0     1                 
80201562 80201562        0     1                 
80201562 80201562        0     1                 
80201562 80201562       16     1                 memset
80201566 80201566        0     1                 
80201566 80201566        0     1                 
80201568 80201568        0     1                 
80201568 80201568        0     1                 .LBB2_2
80201568 80201568        0     1                 
8020156c 8020156c        0     1                 
8020156c 8020156c        0     1                 
80201570 80201570        0     1                 
80201572 80201572        0     1                 
80201572 80201572        0     1                 
80201576 80201576        0     1                 .LBB2_3
80201576 80201576        0     1                 
80201576 80201576        0     1                 
80201578 80201578        0     1                 
80201578 80201578        0     1                 
80201578 80201578        0     1                 
80201578 80201578        0     1                 
80201578 80201578        0     1                 
80201578 80201578       24     1                 strcpy
8020157e 8020157e        0     1                 
80201582 80201582        0     1                 
80201582 80201582        0     1                 
80201584 80201584        0     1                 
80201584 80201584        0     1                 .LBB3_2
80201584 80201584        0     1                 
80201588 80201588        0     1                 
8020158c 8020158c        0     1                 
80201590 80201590        0     1                 
80201590 80201590        0     1                 
80201592 80201592        0     1                 
80201592 80201592        0     1                 
80201594 80201594        0     1                 
80201596 80201596        0     1                 .LBB3_3
80201596 80201596        0     1                 
80201596 80201596        0     1                 
8020159a 8020159a        0     1                 
8020159c 8020159c        0     1                 
8020159c 8020159c        0     1                 
8020159c 8020159c        0     1                 
8020159c 8020159c        0     1                 
8020159c 8020159c        0     1                 
8020159c 8020159c       2e     1                 strcmp
802015a0 802015a0        0     1                 
802015a2 802015a2        0     1                 
802015a4 802015a4        0     1                 
802015a4 802015a4        0     1                 .LBB4_2
802015a4 802015a4        0     1                 
802015ac 802015ac        0     1                 
802015b0 802015b0        0     1                 
802015b0 802015b0        0     1                 
802015b4 802015b4        0     1                 
802015b6 802015b6        0     1                 
802015b8 802015b8        0     1                 
802015ba 802015ba        0     1                 .LBB4_4
802015ba 802015ba        0     1                 
802015c0 802015c0        0     1                 .LBB4_5
802015c0 802015c0        0     1                 
802015c0 802015c0        0     1                 
802015c2 802015c2        0     1                 .LBB4_6
802015c2 802015c2        0     1                 
802015c2 802015c2        0     1                 
802015c6 802015c6        0     1                 
802015c6 802015c6        0     1                 
802015c8 802015c8        0     1                 
802015ca 802015ca        0     1                 
802015ca 802015ca        0     1                 
802015cc 802015cc      319     4 .rodata
802015cc 802015cc      319     1         <internal>:(.rodata.str1.1)
802018e8 802018e8    10450     4 .data
802018e8 802018e8    10450     1         shell.bin.o:(.data)
802018e8 802018e8        0     1                 _binary_shell_bin_start
80211d38 80211d38        0     1                 _binary_shell_bin_end
80211d38 80211d38        4     4 .sdata
80211d38 80211d38        4     4         /tmp/kernel-72cbe9.o:(.sdata)
80211d38 80211d38        4     1                 alloc_pages.next_paddr
80211d38 80211d38        0     1                 $d.5
80211d3c 80211d3c    11378     4 .bss
80211d3c 80211d3c        0     1         __bss = .
80211d3c 80211d3c    11358     4         /tmp/kernel-72cbe9.o:(.bss)
80211d3c 80211d3c        0     1                 $d.2
80211d3c 80211d3c      a00     1                 disk
8021273c 8021273c      8d8     1                 files
80213014 80213014    10080     1                 procs
80223094 80223094       20     4         /tmp/kernel-72cbe9.o:(.sbss)
80223094 80223094        0     1                 $d.4
80223094 80223094        4     1                 blk_request_vq
80223098 80223098        4     1                 blk_capacity
8022309c 8022309c        4     1                 blk_req_paddr
802230a0 802230a0        4     1                 blk_req
802230a4 802230a4        4     1                 current_proc
802230a8 802230a8        4     1                 idle_proc
802230ac 802230ac        4     1                 proc_a
802230b0 802230b0        4     1                 proc_b
802230b4 802230b4        0     1         __bss_end = .
802230b4 802230b4        0     1 . = ALIGN ( 4 )
802230b4 802230b4    20000     1 . += 128 * 1024
802430b4 802430b4        0     1 __stack_top = .
802430b4 802430b4      f4c     1 . = ALIGN ( 4096 )
80244000 80244000        0     1 __free_ram = .
80244000 80244000  4000000     1 . += 64 * 1024 * 1024
84244000 84244000        0     1 __free_ram_end = .
       0        0     177b     1 .debug_loc
       0        0     14ac     1         /tmp/kernel-72cbe9.o:(.debug_loc)
       0        0        0     1                 
       0        0        0     1                 $d.6
      1b       1b        0     1                 
      36       36        0     1                 
      69       69        0     1                 
      86       86        0     1                 
      de       de        0     1                 
     17f      17f        0     1                 
     238      238        0     1                 
     269      269        0     1                 
     2a7      2a7        0     1                 
     321      321        0     1                 
     33c      33c        0     1                 
     357      357        0     1                 
     3a9      3a9        0     1                 
     3cf      3cf        0     1                 
     421      421        0     1                 
     43c      43c        0     1                 
     457      457        0     1                 
     474      474        0     1                 
     49c      49c        0     1                 
     4c3      4c3        0     1                 
     4de      4de        0     1                 
     4f9      4f9        0     1                 
     5b2      5b2        0     1                 
     657      657        0     1                 
     681      681        0     1                 
     6ec      6ec        0     1                 
     744      744        0     1                 
     75f      75f        0     1                 
     77a      77a        0     1                 
     795      795        0     1                 
     7b2      7b2        0     1                 
     7da      7da        0     1                 
     7f7      7f7        0     1                 
     814      814        0     1                 
     82f      82f        0     1                 
     84a      84a        0     1                 
     865      865        0     1                 
     880      880        0     1                 
     89b      89b        0     1                 
     8b6      8b6        0     1                 
     8de      8de        0     1                 
     906      906        0     1                 
     92c      92c        0     1                 
     947      947        0     1                 
     962      962        0     1                 
     97d      97d        0     1                 
     9a3      9a3        0     1                 
     9be      9be        0     1                 
     9da      9da        0     1                 
     9f5      9f5        0     1                 
     a10      a10        0     1                 
     a2b      a2b        0     1                 
     a46      a46        0     1                 
     a61      a61        0     1                 
     a7c      a7c        0     1                 
     a97      a97        0     1                 
     ac8      ac8        0     1                 
     af9      af9        0     1                 
     be6      be6        0     1                 
     c0d      c0d        0     1                 
     c69      c69        0     1                 
     c84      c84        0     1                 
     ca0      ca0        0     1                 
     cc6      cc6        0     1                 
     ce1      ce1        0     1                 
     cfc      cfc        0     1                 
     d17      d17        0     1                 
     d32      d32        0     1                 
     d4e      d4e        0     1                 
     d69      d69        0     1                 
     d9b      d9b        0     1                 
     dc1      dc1        0     1                 
     df1      df1        0     1                 
     e0c      e0c        0     1                 
     e34      e34        0     1                 
     e5a      e5a        0     1                 
     e8b      e8b        0     1                 
     eb1      eb1        0     1                 
     ef8      ef8        0     1                 
     f3f      f3f        0     1                 
     f5a      f5a        0     1                 
     f75      f75        0     1                 
     f90      f90        0     1                 
     fc1      fc1        0     1                 
     fe7      fe7        0     1                 
    1002     1002        0     1                 
    1028     1028        0     1                 
    1052     1052        0     1                 
    106e     106e        0     1                 
    1089     1089        0     1                 
    10a4     10a4        0     1                 
    10bf     10bf        0     1                 
    10dc     10dc        0     1                 
    111c     111c        0     1                 
    1146     1146        0     1                 
    116c     116c        0     1                 
    1192     1192        0     1                 
    11bc     11bc        0     1                 
    1224     1224        0     1                 
    12a9     12a9        0     1                 
    12cf     12cf        0     1                 
    12ea     12ea        0     1                 
    1310     1310        0     1                 
    1336     1336        0     1                 
    135c     135c        0     1                 
    1377     1377        0     1                 
    139d     139d        0     1                 
    13bb     13bb        0     1                 
    13d8     13d8        0     1                 
    1417     1417        0     1                 
    1435     1435        0     1                 
    1452     1452        0     1                 
    1491     1491        0     1                 
    14ac     14ac      2cf     1         /tmp/common-1dd2a6.o:(.debug_loc)
    14ac     14ac        0     1                 
    14ac     14ac        0     1                 $d.2
    14ca     14ca        0     1                 
    14e8     14e8        0     1                 
    152b     152b        0     1                 
    15a8     15a8        0     1                 
    15bb     15bb        0     1                 
    161b     161b        0     1                 
    1646     1646        0     1                 
    1659     1659        0     1                 
    168d     168d        0     1                 
    16a2     16a2        0     1                 
    16d6     16d6        0     1                 
    16eb     16eb        0     1                 
    1709     1709        0     1                 
    1732     1732        0     1                 
    1768     1768        0     1                 
       0        0      49e     1 .debug_abbrev
       0        0      376     1         /tmp/kernel-72cbe9.o:(.debug_abbrev)
       0        0        0     1                 $d.7
     376      376      128     1         /tmp/common-1dd2a6.o:(.debug_abbrev)
     376      376        0     1                 $d.3
       0        0     227b     1 .debug_info
       0        0     1f5f     1         /tmp/kernel-72cbe9.o:(.debug_info)
       0        0        0     1                 $d.8
    1f5f     1f5f      31c     1         /tmp/common-1dd2a6.o:(.debug_info)
    1f5f     1f5f        0     1                 $d.4
       0        0      198     1 .debug_ranges
       0        0      180     1         /tmp/kernel-72cbe9.o:(.debug_ranges)
       0        0        0     1                 
       0        0        0     1                 $d.9
      18       18        0     1                 
      40       40        0     1                 
      58       58        0     1                 
      70       70        0     1                 
      88       88        0     1                 
      a0       a0        0     1                 
      b8       b8        0     1                 
      d8       d8        0     1                 
      f0       f0        0     1                 
     108      108        0     1                 
     120      120        0     1                 
     138      138        0     1                 
     150      150        0     1                 
     168      168        0     1                 
     180      180       18     1         /tmp/common-1dd2a6.o:(.debug_ranges)
     180      180        0     1                 
     180      180        0     1                 $d.5
       0        0      63c     1 .debug_str
       0        0      63c     1         <internal>:(.debug_str)
       0        0       42     1 .comment
       0        0       42     1         <internal>:(.comment)
       0        0       2b     1 .riscv.attributes
       0        0       2b     1         <internal>:(.riscv.attributes)
       0        0      350     4 .debug_frame
       0        0      2cc     4         /tmp/kernel-72cbe9.o:(.debug_frame)
       0        0        0     1                 
       0        0        0     1                 $d.13
     2cc      2cc       84     4         /tmp/common-1dd2a6.o:(.debug_frame)
     2cc      2cc        0     1                 
     2cc      2cc        0     1                 $d.9
       0        0     1a65     1 .debug_line
       0        0     1685     1         /tmp/kernel-72cbe9.o:(.debug_line)
       0        0        0     1                 .Lline_table_start0
       0        0        0     1                 $d.14
    1685     1685      3e0     1         /tmp/common-1dd2a6.o:(.debug_line)
    1685     1685        0     1                 .Lline_table_start0
    1685     1685        0     1                 $d.10
       0        0     7080     4 .symtab
       0        0     7080     4         <internal>:(.symtab)
       0        0       ad     1 .shstrtab
       0        0       ad     1         <internal>:(.shstrtab)
       0        0      32e     1 .strtab
       0        0      32e     1         <internal>:(.strtab)
