     VMA      LMA     Size Align Out     In      Symbol
       0        0 80200000     1 . = 0x80200000
80200000        0        0     1 __kernel_base = .
80200000 80200000     150c     4 .text
80200000 80200000        e     2         /var/folders/z7/y0mvtv1153s58zfwzv66_qcr0000gn/T/kernel-2ae1a8.o:(.text.boot)
80200000 80200000        0     1                 .L0 
80200000 80200000        0     1                 .L0 
80200000 80200000        0     1                 $x
80200000 80200000        0     1                 .L0 
80200000 80200000        e     1                 boot
8020000e 8020000e        0     1                 .L0 
8020000e 8020000e        0     1                 .L0 
80200010 80200010     12c2     4         /var/folders/z7/y0mvtv1153s58zfwzv66_qcr0000gn/T/kernel-2ae1a8.o:(.text)
80200010 80200010        0     1                 .L0 
80200010 80200010        0     1                 .L0 
80200010 80200010        0     1                 $x
80200010 80200010        0     1                 .L0 
80200010 80200010       26     1                 oct2int
80200012 80200012        0     1                 .L0 
80200012 80200012        0     1                 .L0 
80200016 80200016        0     1                 .L0 
80200018 80200018        0     1                 .L0 
80200018 80200018        0     1                 .L0 
80200018 80200018        0     1                 .L0 
8020001c 8020001c        0     1                 .L0 
80200024 80200024        0     1                 .L0 
80200026 80200026        0     1                 .L0 
80200026 80200026        0     1                 .L0 
80200028 80200028        0     1                 .L0 
8020002c 8020002c        0     1                 .L0 
8020002c 8020002c        0     1                 .L0 
80200030 80200030        0     1                 .L0 
80200032 80200032        0     1                 .L0 
80200032 80200032        0     1                 .L0 
80200032 80200032        0     1                 .L0 
80200036 80200036        0     1                 .L0 
80200036 80200036        0     1                 .L0 
80200036 80200036        0     1                 .L0 
80200036 80200036        0     1                 .L0 
80200036 80200036        0     1                 .L0 
80200036 80200036      20c     1                 fs_init
80200052 80200052        0     1                 .L0 
80200052 80200052        0     1                 .L0 
80200062 80200062        0     1                 .L0 
8020006e 8020006e        0     1                 .L0 
80200078 80200078        0     1                 .L0 
80200082 80200082        0     1                 .L0 
8020008e 8020008e        0     1                 .L0 
8020008e 8020008e        0     1                 .L0 
802000ae 802000ae        0     1                 .L0 
802000ae 802000ae        0     1                 .L0 
802000b0 802000b0        0     1                 .L0 
802000b0 802000b0        0     1                 .L0 
802000b0 802000b0        0     1                 .L0 
802000bc 802000bc        0     1                 .L0 
802000bc 802000bc        0     1                 .L0 
802000be 802000be        0     1                 .L0 
802000be 802000be        0     1                 .L0 
802000c2 802000c2        0     1                 .L0 
802000c6 802000c6        0     1                 .L0 
802000ce 802000ce        0     1                 .L0 
802000ce 802000ce        0     1                 .L0 
802000d2 802000d2        0     1                 .L0 
802000d6 802000d6        0     1                 .L0 
802000dc 802000dc        0     1                 .L0 
802000dc 802000dc        0     1                 .L0 
802000e0 802000e0        0     1                 .L0 
802000ea 802000ea        0     1                 .L0 
802000ea 802000ea        0     1                 .L0 
802000ee 802000ee        0     1                 .L0 
802000f2 802000f2        0     1                 .L0 
802000f2 802000f2        0     1                 .L0 
802000f6 802000f6        0     1                 .L0 
802000f6 802000f6        0     1                 .L0 
802000f8 802000f8        0     1                 .L0 
802000f8 802000f8        0     1                 .L0 
802000fa 802000fa        0     1                 .L0 
802000fa 802000fa        0     1                 .L0 
802000fe 802000fe        0     1                 .L0 
802000fe 802000fe        0     1                 .L0 
802000fe 802000fe        0     1                 .L0 
80200102 80200102        0     1                 .L0 
80200102 80200102        0     1                 .L0 
80200106 80200106        0     1                 .L0 
8020010a 8020010a        0     1                 .L0 
8020010e 8020010e        0     1                 .L0 
80200116 80200116        0     1                 .L0 
80200116 80200116        0     1                 .L0 
8020011a 8020011a        0     1                 .L0 
8020011a 8020011a        0     1                 .L0 
8020011e 8020011e        0     1                 .L0 
80200126 80200126        0     1                 .L0 
8020012a 8020012a        0     1                 .L0 
8020012e 8020012e        0     1                 .L0 
80200132 80200132        0     1                 .L0 
80200132 80200132        0     1                 .L0 
80200136 80200136        0     1                 .L0 
8020013a 8020013a        0     1                 .L0 
8020013c 8020013c        0     1                 .L0 
8020013c 8020013c        0     1                 .L0 
8020013e 8020013e        0     1                 .L0 
80200142 80200142        0     1                 .L0 
80200146 80200146        0     1                 .L0 
80200146 80200146        0     1                 .L0 
8020014a 8020014a        0     1                 .L0 
8020014e 8020014e        0     1                 .L0 
80200150 80200150        0     1                 .L0 
80200150 80200150        0     1                 .L0 
80200152 80200152        0     1                 .L0 
80200156 80200156        0     1                 .L0 
8020015a 8020015a        0     1                 .L0 
8020015a 8020015a        0     1                 .L0 
8020015e 8020015e        0     1                 .L0 
80200162 80200162        0     1                 .L0 
80200164 80200164        0     1                 .L0 
80200164 80200164        0     1                 .L0 
80200166 80200166        0     1                 .L0 
8020016a 8020016a        0     1                 .L0 
8020016e 8020016e        0     1                 .L0 
8020016e 8020016e        0     1                 .L0 
80200172 80200172        0     1                 .L0 
80200176 80200176        0     1                 .L0 
80200178 80200178        0     1                 .L0 
80200178 80200178        0     1                 .L0 
8020017a 8020017a        0     1                 .L0 
8020017e 8020017e        0     1                 .L0 
80200182 80200182        0     1                 .L0 
80200182 80200182        0     1                 .L0 
80200186 80200186        0     1                 .L0 
8020018a 8020018a        0     1                 .L0 
8020018c 8020018c        0     1                 .L0 
8020018c 8020018c        0     1                 .L0 
8020018e 8020018e        0     1                 .L0 
80200192 80200192        0     1                 .L0 
80200196 80200196        0     1                 .L0 
80200196 80200196        0     1                 .L0 
8020019a 8020019a        0     1                 .L0 
8020019e 8020019e        0     1                 .L0 
802001a0 802001a0        0     1                 .L0 
802001a0 802001a0        0     1                 .L0 
802001a2 802001a2        0     1                 .L0 
802001a6 802001a6        0     1                 .L0 
802001aa 802001aa        0     1                 .L0 
802001aa 802001aa        0     1                 .L0 
802001ae 802001ae        0     1                 .L0 
802001b2 802001b2        0     1                 .L0 
802001b4 802001b4        0     1                 .L0 
802001b4 802001b4        0     1                 .L0 
802001b6 802001b6        0     1                 .L0 
802001ba 802001ba        0     1                 .L0 
802001be 802001be        0     1                 .L0 
802001be 802001be        0     1                 .L0 
802001c2 802001c2        0     1                 .L0 
802001c6 802001c6        0     1                 .L0 
802001c8 802001c8        0     1                 .L0 
802001c8 802001c8        0     1                 .L0 
802001ca 802001ca        0     1                 .L0 
802001ce 802001ce        0     1                 .L0 
802001d2 802001d2        0     1                 .L0 
802001d2 802001d2        0     1                 .L0 
802001d6 802001d6        0     1                 .L0 
802001da 802001da        0     1                 .L0 
802001dc 802001dc        0     1                 .L0 
802001dc 802001dc        0     1                 .L0 
802001de 802001de        0     1                 .L0 
802001e2 802001e2        0     1                 .L0 
802001e6 802001e6        0     1                 .L0 
802001e6 802001e6        0     1                 .L0 
802001ea 802001ea        0     1                 .L0 
802001ee 802001ee        0     1                 .L0 
802001f0 802001f0        0     1                 .L0 
802001f0 802001f0        0     1                 .L0 
802001f2 802001f2        0     1                 .L0 
802001f6 802001f6        0     1                 .L0 
802001fa 802001fa        0     1                 .L0 
802001fa 802001fa        0     1                 .L0 
802001fe 802001fe        0     1                 .L0 
80200200 80200200        0     1                 .L0 
80200200 80200200        0     1                 .L0 
80200202 80200202        0     1                 .L0 
80200206 80200206        0     1                 .L0 
80200206 80200206        0     1                 .L0 
80200208 80200208        0     1                 .L0 
80200208 80200208        0     1                 .L0 
8020021a 8020021a        0     1                 .L0 
80200222 80200222        0     1                 .L0 
80200226 80200226        0     1                 .L0 
80200226 80200226        0     1                 .L0 
80200226 80200226        0     1                 .L0 
80200240 80200240        0     1                 .L0 
80200240 80200240        0     1                 .L0 
80200242 80200242        0     1                 .L0 
80200242 80200242        0     1                 .L0 
80200242 80200242        0     1                 .L0 
80200242 80200242        0     1                 .L0 
80200242 80200242        0     1                 .L0 
80200242 80200242        0     1                 .L0 
80200242 80200242      162     1                 read_write_disk
8020024c 8020024c        0     1                 .L0 
80200254 80200254        0     1                 .L0 
80200256 80200256        0     1                 .L0 
8020025a 8020025a        0     1                 .L0 
8020025c 8020025c        0     1                 .L0 
8020025e 8020025e        0     1                 .L0 
8020025e 8020025e        0     1                 .L0 
80200266 80200266        0     1                 .L0 
80200294 80200294        0     1                 .L0 
80200298 80200298        0     1                 .L0 
80200298 80200298        0     1                 .L0 
802002a8 802002a8        0     1                 .L0 
802002aa 802002aa        0     1                 .L0 
802002ac 802002ac        0     1                 .L0 
802002b6 802002b6        0     1                 .L0 
802002b6 802002b6        0     1                 .L0 
802002ba 802002ba        0     1                 .L0 
802002ba 802002ba        0     1                 .L0 
802002ba 802002ba        0     1                 .L0 
802002be 802002be        0     1                 .L0 
802002c4 802002c4        0     1                 .L0 
802002c4 802002c4        0     1                 .L0 
802002c6 802002c6        0     1                 .L0 
802002c6 802002c6        0     1                 .L0 
802002c8 802002c8        0     1                 .L0 
802002c8 802002c8        0     1                 .L0 
802002d0 802002d0        0     1                 .L0 
802002d0 802002d0        0     1                 .L0 
802002d2 802002d2        0     1                 .L0 
802002e0 802002e0        0     1                 .L0 
802002e8 802002e8        0     1                 .L0 
802002ee 802002ee        0     1                 .L0 
802002f0 802002f0        0     1                 .L0 
802002f4 802002f4        0     1                 .L0 
802002fe 802002fe        0     1                 .L0 
80200300 80200300        0     1                 .L0 
80200306 80200306        0     1                 .L0 
8020030a 8020030a        0     1                 .L0 
8020030e 8020030e        0     1                 .L0 
80200314 80200314        0     1                 .L0 
80200314 80200314        0     1                 .L0 
8020031a 8020031a        0     1                 .L0 
8020031a 8020031a        0     1                 .L0 
8020031c 8020031c        0     1                 .L0 
80200320 80200320        0     1                 .L0 
80200320 80200320        0     1                 .L0 
80200324 80200324        0     1                 .L0 
80200326 80200326        0     1                 .L0 
80200326 80200326        0     1                 .L0 
80200328 80200328        0     1                 .L0 
8020032c 8020032c        0     1                 .L0 
80200332 80200332        0     1                 .L0 
80200336 80200336        0     1                 .L0 
8020033c 8020033c        0     1                 .L0 
8020033c 8020033c        0     1                 .L0 
8020033e 8020033e        0     1                 .L0 
80200350 80200350        0     1                 .L0 
80200350 80200350        0     1                 .L0 
80200350 80200350        0     1                 .L0 
80200354 80200354        0     1                 .L0 
80200358 80200358        0     1                 .L0 
80200360 80200360        0     1                 .L0 
80200364 80200364        0     1                 .L0 
80200366 80200366        0     1                 .L0 
80200368 80200368        0     1                 .L0 
80200370 80200370        0     1                 .L0 
80200370 80200370        0     1                 .L0 
80200370 80200370        0     1                 .L0 
8020037a 8020037a        0     1                 .L0 
8020037e 8020037e        0     1                 .L0 
8020037e 8020037e        0     1                 .L0 
8020037e 8020037e        0     1                 .L0 
80200380 80200380        0     1                 .L0 
80200384 80200384        0     1                 .L0 
80200386 80200386        0     1                 .L0 
80200388 80200388        0     1                 .L0 
8020038c 8020038c        0     1                 .L0 
8020038c 8020038c        0     1                 .L0 
8020038c 8020038c        0     1                 .L0 
80200390 80200390        0     1                 .L0 
8020039a 8020039a        0     1                 .L0 
8020039a 8020039a        0     1                 .L0 
8020039c 8020039c        0     1                 .L0 
8020039e 8020039e        0     1                 .L0 
802003a0 802003a0        0     1                 .L0 
802003a4 802003a4        0     1                 .L0 
802003a4 802003a4        0     1                 .L0 
802003a4 802003a4        0     1                 .L0 
802003a4 802003a4        0     1                 .L0 
802003a4 802003a4        0     1                 .L0 
802003a4 802003a4      2ba     1                 fs_flush
802003be 802003be        0     1                 .L0 
802003d2 802003d2        0     1                 .L0 
802003d2 802003d2        0     1                 .L0 
802003d8 802003d8        0     1                 .L0 
80200402 80200402        0     1                 .L0 
80200402 80200402        0     1                 .L0 
80200402 80200402        0     1                 .L0 
80200408 80200408        0     1                 .L0 
80200408 80200408        0     1                 .L0 
8020040a 8020040a        0     1                 .L0 
8020040e 8020040e        0     1                 .L0 
8020040e 8020040e        0     1                 .L0 
8020040e 8020040e        0     1                 .L0 
80200414 80200414        0     1                 .L0 
80200414 80200414        0     1                 .L0 
80200416 80200416        0     1                 .L0 
80200416 80200416        0     1                 .L0 
80200418 80200418        0     1                 .L0 
8020041c 8020041c        0     1                 .L0 
8020041c 8020041c        0     1                 .L0 
80200428 80200428        0     1                 .L0 
80200428 80200428        0     1                 .L0 
8020042c 8020042c        0     1                 .L0 
80200432 80200432        0     1                 .L0 
80200432 80200432        0     1                 .L0 
80200436 80200436        0     1                 .L0 
8020043c 8020043c        0     1                 .L0 
8020043c 8020043c        0     1                 .L0 
80200440 80200440        0     1                 .L0 
80200446 80200446        0     1                 .L0 
80200446 80200446        0     1                 .L0 
8020044a 8020044a        0     1                 .L0 
80200450 80200450        0     1                 .L0 
80200450 80200450        0     1                 .L0 
80200454 80200454        0     1                 .L0 
80200454 80200454        0     1                 .L0 
80200458 80200458        0     1                 .L0 
80200458 80200458        0     1                 .L0 
80200466 80200466        0     1                 .L0 
80200466 80200466        0     1                 .L0 
8020046e 8020046e        0     1                 .L0 
80200472 80200472        0     1                 .L0 
80200476 80200476        0     1                 .L0 
80200476 80200476        0     1                 .L0 
80200482 80200482        0     1                 .L0 
80200482 80200482        0     1                 .L0 
80200486 80200486        0     1                 .L0 
8020048a 8020048a        0     1                 .L0 
80200492 80200492        0     1                 .L0 
80200492 80200492        0     1                 .L0 
8020049e 8020049e        0     1                 .L0 
8020049e 8020049e        0     1                 .L0 
802004a2 802004a2        0     1                 .L0 
802004a6 802004a6        0     1                 .L0 
802004ae 802004ae        0     1                 .L0 
802004ae 802004ae        0     1                 .L0 
802004ba 802004ba        0     1                 .L0 
802004ba 802004ba        0     1                 .L0 
802004be 802004be        0     1                 .L0 
802004c2 802004c2        0     1                 .L0 
802004ca 802004ca        0     1                 .L0 
802004ca 802004ca        0     1                 .L0 
802004d6 802004d6        0     1                 .L0 
802004d6 802004d6        0     1                 .L0 
802004da 802004da        0     1                 .L0 
802004de 802004de        0     1                 .L0 
802004e6 802004e6        0     1                 .L0 
802004e6 802004e6        0     1                 .L0 
802004f2 802004f2        0     1                 .L0 
802004f2 802004f2        0     1                 .L0 
802004f6 802004f6        0     1                 .L0 
802004fa 802004fa        0     1                 .L0 
80200502 80200502        0     1                 .L0 
80200502 80200502        0     1                 .L0 
80200510 80200510        0     1                 .L0 
80200510 80200510        0     1                 .L0 
80200514 80200514        0     1                 .L0 
80200518 80200518        0     1                 .L0 
80200520 80200520        0     1                 .L0 
80200520 80200520        0     1                 .L0 
8020052e 8020052e        0     1                 .L0 
8020052e 8020052e        0     1                 .L0 
80200532 80200532        0     1                 .L0 
80200536 80200536        0     1                 .L0 
80200540 80200540        0     1                 .L0 
80200540 80200540        0     1                 .L0 
8020054e 8020054e        0     1                 .L0 
8020054e 8020054e        0     1                 .L0 
80200552 80200552        0     1                 .L0 
80200556 80200556        0     1                 .L0 
8020055e 8020055e        0     1                 .L0 
8020055e 8020055e        0     1                 .L0 
8020056c 8020056c        0     1                 .L0 
8020056c 8020056c        0     1                 .L0 
80200570 80200570        0     1                 .L0 
80200574 80200574        0     1                 .L0 
8020057a 8020057a        0     1                 .L0 
8020057a 8020057a        0     1                 .L0 
8020057e 8020057e        0     1                 .L0 
8020057e 8020057e        0     1                 .L0 
80200582 80200582        0     1                 .L0 
80200586 80200586        0     1                 .L0 
80200586 80200586        0     1                 .L0 
80200590 80200590        0     1                 .L0 
80200590 80200590        0     1                 .L0 
80200590 80200590        0     1                 .L0 
80200594 80200594        0     1                 .L0 
80200596 80200596        0     1                 .L0 
80200598 80200598        0     1                 .L0 
8020059c 8020059c        0     1                 .L0 
8020059c 8020059c        0     1                 .L0 
802005a4 802005a4        0     1                 .L0 
802005a8 802005a8        0     1                 .L0 
802005a8 802005a8        0     1                 .L0 
802005b2 802005b2        0     1                 .L0 
802005b6 802005b6        0     1                 .L0 
802005b6 802005b6        0     1                 .L0 
802005c0 802005c0        0     1                 .L0 
802005c4 802005c4        0     1                 .L0 
802005c4 802005c4        0     1                 .L0 
802005ce 802005ce        0     1                 .L0 
802005d2 802005d2        0     1                 .L0 
802005d2 802005d2        0     1                 .L0 
802005dc 802005dc        0     1                 .L0 
802005e0 802005e0        0     1                 .L0 
802005e0 802005e0        0     1                 .L0 
802005e8 802005e8        0     1                 .L0 
802005ec 802005ec        0     1                 .L0 
802005ec 802005ec        0     1                 .L0 
802005f0 802005f0        0     1                 .L0 
802005f4 802005f4        0     1                 .L0 
802005f4 802005f4        0     1                 .L0 
80200600 80200600        0     1                 .L0 
80200602 80200602        0     1                 .L0 
80200604 80200604        0     1                 .L0 
80200604 80200604        0     1                 .L0 
80200604 80200604        0     1                 .L0 
8020060a 8020060a        0     1                 .L0 
80200614 80200614        0     1                 .L0 
8020061e 8020061e        0     1                 .L0 
80200628 80200628        0     1                 .L0 
80200634 80200634        0     1                 .L0 
80200634 80200634        0     1                 .L0 
80200654 80200654        0     1                 .L0 
80200654 80200654        0     1                 .L0 
80200658 80200658        0     1                 .L0 
8020065a 8020065a        0     1                 .L0 
8020065e 8020065e        0     1                 .L0 
8020065e 8020065e        0     1                 .L0 
8020065e 8020065e        0     1                 .L0 
8020065e 8020065e        0     1                 .L0 
8020065e 8020065e        0     1                 .L0 
8020065e 8020065e        6     1                 sbi_call
80200662 80200662        0     1                 .L0 
80200662 80200662        0     1                 .L0 
80200664 80200664        0     1                 .L0 
80200664 80200664        0     1                 .L0 
80200664 80200664        0     1                 .L0 
80200664 80200664       14     1                 putchar
80200676 80200676        0     1                 .L0 
80200676 80200676        0     1                 .L0 
80200678 80200678        0     1                 .L0 
80200678 80200678        0     1                 .L0 
80200678 80200678        0     1                 .L0 
80200678 80200678       16     1                 getchar
8020068c 8020068c        0     1                 .L0 
8020068c 8020068c        0     1                 .L0 
8020068e 8020068e        0     1                 .L0 
8020068e 8020068e        0     1                 .L0 
8020068e 8020068e        0     1                 .L0 
8020068e 8020068e        0     1                 .L0 
8020068e 8020068e       46     1                 switch_context
802006d4 802006d4        0     1                 .L0 
802006d4 802006d4        0     1                 .L0 
802006d4 802006d4        0     1                 .L0 
802006d4 802006d4       18     1                 user_entry
802006e0 802006e0        0     1                 .L0 
802006ec 802006ec        0     1                 .L0 
802006ec 802006ec        0     1                 .L0 
802006ec 802006ec        0     1                 .L0 
802006ec 802006ec        a     1                 virtio_reg_read32
802006f2 802006f2        0     1                 .L0 
802006f2 802006f2        0     1                 .L0 
802006f4 802006f4        0     1                 .L0 
802006f6 802006f6        0     1                 .L0 
802006f6 802006f6        0     1                 .L0 
802006f6 802006f6        0     1                 .L0 
802006f6 802006f6        c     1                 virtio_reg_read64
802006fa 802006fa        0     1                 .L0 
802006fc 802006fc        0     1                 .L0 
802006fc 802006fc        0     1                 .L0 
80200700 80200700        0     1                 .L0 
80200702 80200702        0     1                 .L0 
80200702 80200702        0     1                 .L0 
80200702 80200702        0     1                 .L0 
80200702 80200702        a     1                 virtio_reg_write32
80200708 80200708        0     1                 .L0 
80200708 80200708        0     1                 .L0 
8020070a 8020070a        0     1                 .L0 
8020070c 8020070c        0     1                 .L0 
8020070c 8020070c        0     1                 .L0 
8020070c 8020070c        0     1                 .L0 
8020070c 8020070c        e     1                 virtio_reg_fetch_and_or32
80200712 80200712        0     1                 .L0 
80200712 80200712        0     1                 .L0 
80200714 80200714        0     1                 .L0 
80200716 80200716        0     1                 .L0 
80200716 80200716        0     1                 .L0 
80200718 80200718        0     1                 .L0 
8020071a 8020071a        0     1                 .L0 
8020071a 8020071a        0     1                 .L0 
8020071a 8020071a        0     1                 .L0 
8020071a 8020071a      178     1                 virtio_blk_init
8020072c 8020072c        0     1                 .L0 
8020072c 8020072c        0     1                 .L0 
80200736 80200736        0     1                 .L0 
8020073a 8020073a        0     1                 .L0 
8020073a 8020073a        0     1                 .L0 
8020073e 8020073e        0     1                 .L0 
80200742 80200742        0     1                 .L0 
80200742 80200742        0     1                 .L0 
80200746 80200746        0     1                 .L0 
8020074a 8020074a        0     1                 .L0 
8020074a 8020074a        0     1                 .L0 
8020074e 8020074e        0     1                 .L0 
8020074e 8020074e        0     1                 .L0 
80200750 80200750        0     1                 .L0 
80200754 80200754        0     1                 .L0 
80200754 80200754        0     1                 .L0 
80200756 80200756        0     1                 .L0 
80200756 80200756        0     1                 .L0 
80200758 80200758        0     1                 .L0 
8020075c 8020075c        0     1                 .L0 
8020075c 8020075c        0     1                 .L0 
8020075e 8020075e        0     1                 .L0 
8020075e 8020075e        0     1                 .L0 
80200760 80200760        0     1                 .L0 
80200764 80200764        0     1                 .L0 
80200764 80200764        0     1                 .L0 
80200766 80200766        0     1                 .L0 
80200766 80200766        0     1                 .L0 
8020076e 8020076e        0     1                 .L0 
8020076e 8020076e        0     1                 .L0 
80200770 80200770        0     1                 .L0 
80200772 80200772        0     1                 .L0 
8020077a 8020077a        0     1                 .L0 
8020077e 8020077e        0     1                 .L0 
80200782 80200782        0     1                 .L0 
8020079a 8020079a        0     1                 .L0 
8020079a 8020079a        0     1                 .L0 
8020079c 8020079c        0     1                 .L0 
8020079c 8020079c        0     1                 .L0 
8020079c 8020079c        0     1                 .L0 
802007b4 802007b4        0     1                 .L0 
802007b4 802007b4        0     1                 .L0 
802007b6 802007b6        0     1                 .L0 
802007b6 802007b6        0     1                 .L0 
802007ce 802007ce        0     1                 .L0 
802007ce 802007ce        0     1                 .L0 
802007d0 802007d0        0     1                 .L0 
802007d0 802007d0        0     1                 .L0 
802007e8 802007e8        0     1                 .L0 
802007e8 802007e8        0     1                 .L0 
802007ea 802007ea        0     1                 .L0 
802007ea 802007ea        0     1                 .L0 
802007ea 802007ea        0     1                 .L0 
802007f4 802007f4        0     1                 .L0 
802007f4 802007f4        0     1                 .L0 
802007f6 802007f6        0     1                 .L0 
802007fa 802007fa        0     1                 .L0 
80200802 80200802        0     1                 .L0 
80200804 80200804        0     1                 .L0 
80200808 80200808        0     1                 .L0 
80200808 80200808        0     1                 .L0 
8020080e 8020080e        0     1                 .L0 
8020080e 8020080e        0     1                 .L0 
80200810 80200810        0     1                 .L0 
80200810 80200810        0     1                 .L0 
80200814 80200814        0     1                 .L0 
80200814 80200814        0     1                 .L0 
80200816 80200816        0     1                 .L0 
80200816 80200816        0     1                 .L0 
80200820 80200820        0     1                 .L0 
80200820 80200820        0     1                 .L0 
80200822 80200822        0     1                 .L0 
80200822 80200822        0     1                 .L0 
8020082a 8020082a        0     1                 .L0 
8020082c 8020082c        0     1                 .L0 
80200834 80200834        0     1                 .L0 
80200840 80200840        0     1                 .L0 
80200840 80200840        0     1                 .L0 
80200844 80200844        0     1                 .L0 
80200844 80200844        0     1                 .L0 
8020084a 8020084a        0     1                 .L0 
8020084e 8020084e        0     1                 .L0 
8020084e 8020084e        0     1                 .L0 
80200866 80200866        0     1                 .L0 
80200866 80200866        0     1                 .L0 
80200868 80200868        0     1                 .L0 
80200868 80200868        0     1                 .L0 
80200872 80200872        0     1                 .L0 
80200872 80200872        0     1                 .L0 
8020087a 8020087a        0     1                 .L0 
80200886 80200886        0     1                 .L0 
80200886 80200886        0     1                 .L0 
8020088e 8020088e        0     1                 .L0 
80200892 80200892        0     1                 .L0 
80200892 80200892        0     1                 .L0 
80200892 80200892        0     1                 .L0 
80200892 80200892        0     1                 .L0 
80200892 80200892        0     1                 .L0 
80200892 80200892       78     1                 virtq_init
8020089a 8020089a        0     1                 .L0 
8020089a 8020089a        0     1                 .L0 
802008a2 802008a2        0     1                 .L0 
802008a2 802008a2        0     1                 .L0 
802008a4 802008a4        0     1                 .L0 
802008a6 802008a6        0     1                 .L0 
802008a8 802008a8        0     1                 .L0 
802008b0 802008b0        0     1                 .L0 
802008b4 802008b4        0     1                 .L0 
802008b8 802008b8        0     1                 .L0 
802008d0 802008d0        0     1                 .L0 
802008d0 802008d0        0     1                 .L0 
802008d2 802008d2        0     1                 .L0 
802008d2 802008d2        0     1                 .L0 
802008dc 802008dc        0     1                 .L0 
802008dc 802008dc        0     1                 .L0 
802008de 802008de        0     1                 .L0 
802008e2 802008e2        0     1                 .L0 
802008e8 802008e8        0     1                 .L0 
802008ea 802008ea        0     1                 .L0 
802008f2 802008f2        0     1                 .L0 
802008f2 802008f2        0     1                 .L0 
802008f6 802008f6        0     1                 .L0 
802008f6 802008f6        0     1                 .L0 
802008f8 802008f8        0     1                 .L0 
802008f8 802008f8        0     1                 .L0 
802008fc 802008fc        0     1                 .L0 
802008fc 802008fc        0     1                 .L0 
802008fe 802008fe        0     1                 .L0 
80200904 80200904        0     1                 .L0 
80200904 80200904        0     1                 .L0 
80200906 80200906        0     1                 .L0 
80200906 80200906        0     1                 .L0 
8020090a 8020090a        0     1                 .L0 
8020090a 8020090a        0     1                 .L0 
8020090a 8020090a        0     1                 .L0 
8020090a 8020090a        0     1                 .L0 
8020090a 8020090a        0     1                 .L0 
8020090a 8020090a       52     1                 alloc_pages
80200910 80200910        0     1                 .L0 
80200918 80200918        0     1                 .L0 
80200918 80200918        0     1                 .L0 
8020091c 8020091c        0     1                 .L0 
80200920 80200920        0     1                 .L0 
80200920 80200920        0     1                 .L0 
80200928 80200928        0     1                 .L0 
8020092c 8020092c        0     1                 .L0 
80200930 80200930        0     1                 .L0 
80200948 80200948        0     1                 .L0 
80200948 80200948        0     1                 .L0 
8020094a 8020094a        0     1                 .L0 
8020094a 8020094a        0     1                 .L0 
80200952 80200952        0     1                 .L0 
80200952 80200952        0     1                 .L0 
80200958 80200958        0     1                 .L0 
80200958 80200958        0     1                 .L0 
8020095c 8020095c        0     1                 .L0 
8020095c 8020095c        0     1                 .L0 
8020095c 8020095c        0     1                 .L0 
8020095c 8020095c        0     1                 .L0 
8020095c 8020095c        0     1                 .L0 
8020095c 8020095c       36     1                 virtq_kick
80200966 80200966        0     1                 .L0 
80200968 80200968        0     1                 .L0 
8020096c 8020096c        0     1                 .L0 
8020096e 8020096e        0     1                 .L0 
80200970 80200970        0     1                 .L0 
80200974 80200974        0     1                 .L0 
8020097a 8020097a        0     1                 .L0 
8020097e 8020097e        0     1                 .L0 
80200980 80200980        0     1                 .L0 
80200980 80200980        0     1                 .L0 
80200984 80200984        0     1                 .L0 
80200984 80200984        0     1                 .L0 
80200986 80200986        0     1                 .L0 
80200990 80200990        0     1                 .L0 
80200992 80200992        0     1                 .L0 
80200992 80200992        0     1                 .L0 
80200992 80200992        0     1                 .L0 
80200992 80200992       1a     1                 virtq_is_busy
80200998 80200998        0     1                 .L0 
8020099a 8020099a        0     1                 .L0 
8020099a 8020099a        0     1                 .L0 
8020099c 8020099c        0     1                 .L0 
802009a0 802009a0        0     1                 .L0 
802009a4 802009a4        0     1                 .L0 
802009aa 802009aa        0     1                 .L0 
802009ac 802009ac        0     1                 .L0 
802009ac 802009ac        0     1                 .L0 
802009ac 802009ac        0     1                 .L0 
802009ac 802009ac      27a     1                 create_process
802009c8 802009c8        0     1                 .L0 
802009d6 802009d6        0     1                 .L0 
802009d6 802009d6        0     1                 .L0 
802009d8 802009d8        0     1                 .L0 
802009d8 802009d8        0     1                 .L0 
802009da 802009da        0     1                 .L0 
802009da 802009da        0     1                 .L0 
802009e2 802009e2        0     1                 .L0 
802009e4 802009e4        0     1                 .L0 
802009e4 802009e4        0     1                 .L0 
802009ec 802009ec        0     1                 .L0 
802009ee 802009ee        0     1                 .L0 
802009ee 802009ee        0     1                 .L0 
802009f6 802009f6        0     1                 .L0 
802009f8 802009f8        0     1                 .L0 
802009f8 802009f8        0     1                 .L0 
80200a00 80200a00        0     1                 .L0 
80200a02 80200a02        0     1                 .L0 
80200a02 80200a02        0     1                 .L0 
80200a0a 80200a0a        0     1                 .L0 
80200a0c 80200a0c        0     1                 .L0 
80200a0c 80200a0c        0     1                 .L0 
80200a14 80200a14        0     1                 .L0 
80200a16 80200a16        0     1                 .L0 
80200a16 80200a16        0     1                 .L0 
80200a1e 80200a1e        0     1                 .L0 
80200a20 80200a20        0     1                 .L0 
80200a20 80200a20        0     1                 .L0 
80200a38 80200a38        0     1                 .L0 
80200a38 80200a38        0     1                 .L0 
80200a3a 80200a3a        0     1                 .L0 
80200a3a 80200a3a        0     1                 .L0 
80200a3a 80200a3a        0     1                 .L0 
80200a3e 80200a3e        0     1                 .L0 
80200a3e 80200a3e        0     1                 .L0 
80200a44 80200a44        0     1                 .L0 
80200a46 80200a46        0     1                 .L0 
80200a46 80200a46        0     1                 .L0 
80200a46 80200a46        0     1                 .L0 
80200a4e 80200a4e        0     1                 .L0 
80200a50 80200a50        0     1                 .L0 
80200a50 80200a50        0     1                 .L0 
80200a50 80200a50        0     1                 .L0 
80200a58 80200a58        0     1                 .L0 
80200a5a 80200a5a        0     1                 .L0 
80200a5a 80200a5a        0     1                 .L0 
80200a5a 80200a5a        0     1                 .L0 
80200a62 80200a62        0     1                 .L0 
80200a64 80200a64        0     1                 .L0 
80200a64 80200a64        0     1                 .L0 
80200a64 80200a64        0     1                 .L0 
80200a6c 80200a6c        0     1                 .L0 
80200a6e 80200a6e        0     1                 .L0 
80200a6e 80200a6e        0     1                 .L0 
80200a6e 80200a6e        0     1                 .L0 
80200a76 80200a76        0     1                 .L0 
80200a78 80200a78        0     1                 .L0 
80200a78 80200a78        0     1                 .L0 
80200a78 80200a78        0     1                 .L0 
80200a80 80200a80        0     1                 .L0 
80200a80 80200a80        0     1                 .L0 
80200a86 80200a86        0     1                 .L0 
80200a88 80200a88        0     1                 .L0 
80200a88 80200a88        0     1                 .L0 
80200a8c 80200a8c        0     1                 .L0 
80200a8c 80200a8c        0     1                 .L0 
80200a90 80200a90        0     1                 .L0 
80200a90 80200a90        0     1                 .L0 
80200a94 80200a94        0     1                 .L0 
80200a94 80200a94        0     1                 .L0 
80200a98 80200a98        0     1                 .L0 
80200a98 80200a98        0     1                 .L0 
80200a9c 80200a9c        0     1                 .L0 
80200a9c 80200a9c        0     1                 .L0 
80200aa0 80200aa0        0     1                 .L0 
80200aa0 80200aa0        0     1                 .L0 
80200aa4 80200aa4        0     1                 .L0 
80200aa4 80200aa4        0     1                 .L0 
80200aa8 80200aa8        0     1                 .L0 
80200aa8 80200aa8        0     1                 .L0 
80200aac 80200aac        0     1                 .L0 
80200aac 80200aac        0     1                 .L0 
80200ab0 80200ab0        0     1                 .L0 
80200ab0 80200ab0        0     1                 .L0 
80200ab4 80200ab4        0     1                 .L0 
80200ab4 80200ab4        0     1                 .L0 
80200abc 80200abc        0     1                 .L0 
80200abc 80200abc        0     1                 .L0 
80200aca 80200aca        0     1                 .L0 
80200aca 80200aca        0     1                 .L0 
80200ad0 80200ad0        0     1                 .L0 
80200ad8 80200ad8        0     1                 .L0 
80200ad8 80200ad8        0     1                 .L0 
80200adc 80200adc        0     1                 .L0 
80200adc 80200adc        0     1                 .L0 
80200ae0 80200ae0        0     1                 .L0 
80200ae0 80200ae0        0     1                 .L0 
80200af6 80200af6        0     1                 .L0 
80200af6 80200af6        0     1                 .L0 
80200af8 80200af8        0     1                 .L0 
80200af8 80200af8        0     1                 .L0 
80200afa 80200afa        0     1                 .L0 
80200b06 80200b06        0     1                 .L0 
80200b06 80200b06        0     1                 .L0 
80200b0e 80200b0e        0     1                 .L0 
80200b0e 80200b0e        0     1                 .L0 
80200b12 80200b12        0     1                 .L0 
80200b12 80200b12        0     1                 .L0 
80200b12 80200b12        0     1                 .L0 
80200b1c 80200b1c        0     1                 .L0 
80200b1c 80200b1c        0     1                 .L0 
80200b1e 80200b1e        0     1                 .L0 
80200b22 80200b22        0     1                 .L0 
80200b22 80200b22        0     1                 .L0 
80200b22 80200b22        0     1                 .L0 
80200b26 80200b26        0     1                 .L0 
80200b2a 80200b2a        0     1                 .L0 
80200b2c 80200b2c        0     1                 .L0 
80200b2c 80200b2c        0     1                 .L0 
80200b34 80200b34        0     1                 .L0 
80200b34 80200b34        0     1                 .L0 
80200b36 80200b36        0     1                 .L0 
80200b3c 80200b3c        0     1                 .L0 
80200b40 80200b40        0     1                 .L0 
80200b56 80200b56        0     1                 .L0 
80200b56 80200b56        0     1                 .L0 
80200b58 80200b58        0     1                 .L0 
80200b58 80200b58        0     1                 .L0 
80200b62 80200b62        0     1                 .L0 
80200b62 80200b62        0     1                 .L0 
80200b64 80200b64        0     1                 .L0 
80200b68 80200b68        0     1                 .L0 
80200b6a 80200b6a        0     1                 .L0 
80200b6e 80200b6e        0     1                 .L0 
80200b6e 80200b6e        0     1                 .L0 
80200b6e 80200b6e        0     1                 .L0 
80200b72 80200b72        0     1                 .L0 
80200b72 80200b72        0     1                 .L0 
80200b7a 80200b7a        0     1                 .L0 
80200b7c 80200b7c        0     1                 .L0 
80200b7c 80200b7c        0     1                 .L0 
80200b80 80200b80        0     1                 .L0 
80200b80 80200b80        0     1                 .L0 
80200b92 80200b92        0     1                 .L0 
80200b92 80200b92        0     1                 .L0 
80200b94 80200b94        0     1                 .L0 
80200b94 80200b94        0     1                 .L0 
80200b96 80200b96        0     1                 .L0 
80200b9c 80200b9c        0     1                 .L0 
80200b9c 80200b9c        0     1                 .L0 
80200ba0 80200ba0        0     1                 .L0 
80200ba8 80200ba8        0     1                 .L0 
80200ba8 80200ba8        0     1                 .L0 
80200baa 80200baa        0     1                 .L0 
80200baa 80200baa        0     1                 .L0 
80200bb2 80200bb2        0     1                 .L0 
80200bb6 80200bb6        0     1                 .L0 
80200bb6 80200bb6        0     1                 .L0 
80200bb6 80200bb6        0     1                 .L0 
80200bba 80200bba        0     1                 .L0 
80200bba 80200bba        0     1                 .L0 
80200bc2 80200bc2        0     1                 .L0 
80200bc6 80200bc6        0     1                 .L0 
80200bd0 80200bd0        0     1                 .L0 
80200bd0 80200bd0        0     1                 .L0 
80200bd2 80200bd2        0     1                 .L0 
80200bd2 80200bd2        0     1                 .L0 
80200bd6 80200bd6        0     1                 .L0 
80200bd6 80200bd6        0     1                 .L0 
80200bda 80200bda        0     1                 .L0 
80200bdc 80200bdc        0     1                 .L0 
80200be2 80200be2        0     1                 .L0 
80200be6 80200be6        0     1                 .L0 
80200bea 80200bea        0     1                 .L0 
80200bee 80200bee        0     1                 .L0 
80200bfc 80200bfc        0     1                 .L0 
80200bfc 80200bfc        0     1                 .L0 
80200bfe 80200bfe        0     1                 .L0 
80200c00 80200c00        0     1                 .L0 
80200c04 80200c04        0     1                 .L0 
80200c0a 80200c0a        0     1                 .L0 
80200c0e 80200c0e        0     1                 .L0 
80200c0e 80200c0e        0     1                 .L0 
80200c0e 80200c0e        0     1                 .L0 
80200c24 80200c24        0     1                 .L0 
80200c24 80200c24        0     1                 .L0 
80200c26 80200c26        0     1                 .L0 
80200c26 80200c26        0     1                 .L0 
80200c26 80200c26        0     1                 .L0 
80200c26 80200c26        0     1                 .L0 
80200c26 80200c26        0     1                 .L0 
80200c26 80200c26        0     1                 .L0 
80200c26 80200c26       d8     1                 map_page
80200c36 80200c36        0     1                 .L0 
80200c36 80200c36        0     1                 .L0 
80200c3a 80200c3a        0     1                 .L0 
80200c3e 80200c3e        0     1                 .L0 
80200c4e 80200c4e        0     1                 .L0 
80200c50 80200c50        0     1                 .L0 
80200c52 80200c52        0     1                 .L0 
80200c52 80200c52        0     1                 .L0 
80200c54 80200c54        0     1                 .L0 
80200c54 80200c54        0     1                 .L0 
80200c54 80200c54        0     1                 .L0 
80200c58 80200c58        0     1                 .L0 
80200c5a 80200c5a        0     1                 .L0 
80200c5c 80200c5c        0     1                 .L0 
80200c60 80200c60        0     1                 .L0 
80200c6e 80200c6e        0     1                 .L0 
80200c72 80200c72        0     1                 .L0 
80200c74 80200c74        0     1                 .L0 
80200c74 80200c74        0     1                 .L0 
80200c76 80200c76        0     1                 .L0 
80200c76 80200c76        0     1                 .L0 
80200c76 80200c76        0     1                 .L0 
80200c82 80200c82        0     1                 .L0 
80200c82 80200c82        0     1                 .L0 
80200c86 80200c86        0     1                 .L0 
80200c88 80200c88        0     1                 .L0 
80200c88 80200c88        0     1                 .L0 
80200c90 80200c90        0     1                 .L0 
80200c90 80200c90        0     1                 .L0 
80200c92 80200c92        0     1                 .L0 
80200c94 80200c94        0     1                 .L0 
80200c9c 80200c9c        0     1                 .L0 
80200ca0 80200ca0        0     1                 .L0 
80200ca4 80200ca4        0     1                 .L0 
80200cb8 80200cb8        0     1                 .L0 
80200cba 80200cba        0     1                 .L0 
80200cba 80200cba        0     1                 .L0 
80200cbc 80200cbc        0     1                 .L0 
80200cbc 80200cbc        0     1                 .L0 
80200cbc 80200cbc        0     1                 .L0 
80200cbe 80200cbe        0     1                 .L0 
80200cbe 80200cbe        0     1                 .L0 
80200cc6 80200cc6        0     1                 .L0 
80200cc8 80200cc8        0     1                 .L0 
80200cc8 80200cc8        0     1                 .L0 
80200ccc 80200ccc        0     1                 .L0 
80200ccc 80200ccc        0     1                 .L0 
80200cd2 80200cd2        0     1                 .L0 
80200cd4 80200cd4        0     1                 .L0 
80200cd6 80200cd6        0     1                 .L0 
80200cd6 80200cd6        0     1                 .L0 
80200cd6 80200cd6        0     1                 .L0 
80200cda 80200cda        0     1                 .L0 
80200cda 80200cda        0     1                 .L0 
80200cdc 80200cdc        0     1                 .L0 
80200ce2 80200ce2        0     1                 .L0 
80200ce4 80200ce4        0     1                 .L0 
80200ce4 80200ce4        0     1                 .L0 
80200ce8 80200ce8        0     1                 .L0 
80200cec 80200cec        0     1                 .L0 
80200cec 80200cec        0     1                 .L0 
80200cfa 80200cfa        0     1                 .L0 
80200cfe 80200cfe        0     1                 .L0 
80200cfe 80200cfe        0     1                 .L0 
80200d00 80200d00        0     1                 .L0 
80200d00 80200d00        0     1                 .L0 
80200d00 80200d00        0     1                 .L0 
80200d00 80200d00       96     1                 kernel_entry
80200d96 80200d96        0     1                 .L0 
80200d96 80200d96        0     1                 .L0 
80200d96 80200d96        0     1                 .L0 
80200d96 80200d96        0     1                 .L0 
80200d96 80200d96        0     1                 .L0 
80200d96 80200d96      226     1                 handle_syscall
80200db2 80200db2        0     1                 .L0 
80200db2 80200db2        0     1                 .L0 
80200dd2 80200dd2        0     1                 .L0 
80200dd6 80200dd6        0     1                 .L0 
80200dd8 80200dd8        0     1                 .L0 
80200ddc 80200ddc        0     1                 .L0 
80200dde 80200dde        0     1                 .L0 
80200de2 80200de2        0     1                 .L0 
80200de4 80200de4        0     1                 .L0 
80200de8 80200de8        0     1                 .L0 
80200dec 80200dec        0     1                 .L0 
80200df0 80200df0        0     1                 .L0 
80200df2 80200df2        0     1                 .L0 
80200dfc 80200dfc        0     1                 .L0 
80200dfc 80200dfc        0     1                 .L0 
80200e02 80200e02        0     1                 .L0 
80200e04 80200e04        0     1                 .L0 
80200e06 80200e06        0     1                 .L0 
80200e06 80200e06        0     1                 .L0 
80200e1c 80200e1c        0     1                 .L0 
80200e1c 80200e1c        0     1                 .L0 
80200e1e 80200e1e        0     1                 .L0 
80200e1e 80200e1e        0     1                 .L0 
80200e1e 80200e1e        0     1                 .L0 
80200e28 80200e28        0     1                 .L0 
80200e28 80200e28        0     1                 .L0 
80200e3e 80200e3e        0     1                 .L0 
80200e4e 80200e4e        0     1                 .L0 
80200e5e 80200e5e        0     1                 .L0 
80200e66 80200e66        0     1                 .L0 
80200e66 80200e66        0     1                 .L0 
80200e6e 80200e6e        0     1                 .L0 
80200e76 80200e76        0     1                 .L0 
80200e76 80200e76        0     1                 .L0 
80200e78 80200e78        0     1                 .L0 
80200e78 80200e78        0     1                 .L0 
80200e7c 80200e7c        0     1                 .L0 
80200e88 80200e88        0     1                 .L0 
80200e88 80200e88        0     1                 .L0 
80200e8a 80200e8a        0     1                 .L0 
80200e8a 80200e8a        0     1                 .L0 
80200e96 80200e96        0     1                 .L0 
80200e96 80200e96        0     1                 .L0 
80200e98 80200e98        0     1                 .L0 
80200e98 80200e98        0     1                 .L0 
80200e9a 80200e9a        0     1                 .L0 
80200e9a 80200e9a        0     1                 .L0 
80200e9a 80200e9a        0     1                 .L0 
80200e9e 80200e9e        0     1                 .L0 
80200e9e 80200e9e        0     1                 .L0 
80200eb0 80200eb0        0     1                 .L0 
80200eb0 80200eb0        0     1                 .L0 
80200eb2 80200eb2        0     1                 .L0 
80200eb2 80200eb2        0     1                 .L0 
80200eb2 80200eb2        0     1                 .L0 
80200ec6 80200ec6        0     1                 .L0 
80200ec6 80200ec6        0     1                 .L0 
80200eca 80200eca        0     1                 .L0 
80200eca 80200eca        0     1                 .L0 
80200eca 80200eca        0     1                 .L0 
80200ecc 80200ecc        0     1                 .L0 
80200ecc 80200ecc        0     1                 .L0 
80200ee0 80200ee0        0     1                 .L0 
80200ee0 80200ee0        0     1                 .L0 
80200ee4 80200ee4        0     1                 .L0 
80200ee4 80200ee4        0     1                 .L0 
80200ee4 80200ee4        0     1                 .L0 
80200f00 80200f00        0     1                 .L0 
80200f00 80200f00        0     1                 .L0 
80200f00 80200f00        0     1                 .L0 
80200f16 80200f16        0     1                 .L0 
80200f16 80200f16        0     1                 .L0 
80200f18 80200f18        0     1                 .L0 
80200f18 80200f18        0     1                 .L0 
80200f1c 80200f1c        0     1                 .L0 
80200f1c 80200f1c        0     1                 .L0 
80200f34 80200f34        0     1                 .L0 
80200f36 80200f36        0     1                 .L0 
80200f3e 80200f3e        0     1                 .L0 
80200f42 80200f42        0     1                 .L0 
80200f46 80200f46        0     1                 .L0 
80200f46 80200f46        0     1                 .L0 
80200f48 80200f48        0     1                 .L0 
80200f48 80200f48        0     1                 .L0 
80200f66 80200f66        0     1                 .L0 
80200f6a 80200f6a        0     1                 .L0 
80200f6e 80200f6e        0     1                 .L0 
80200f74 80200f74        0     1                 .L0 
80200f74 80200f74        0     1                 .L0 
80200f78 80200f78        0     1                 .L0 
80200f7c 80200f7c        0     1                 .L0 
80200f7c 80200f7c        0     1                 .L0 
80200f7e 80200f7e        0     1                 .L0 
80200f7e 80200f7e        0     1                 .L0 
80200f7e 80200f7e        0     1                 .L0 
80200f82 80200f82        0     1                 .L0 
80200f86 80200f86        0     1                 .L0 
80200f86 80200f86        0     1                 .L0 
80200f86 80200f86        0     1                 .L0 
80200fa0 80200fa0        0     1                 .L0 
80200fa0 80200fa0        0     1                 .L0 
80200fa4 80200fa4        0     1                 .L0 
80200fb8 80200fb8        0     1                 .L0 
80200fbc 80200fbc        0     1                 .L0 
80200fbc 80200fbc        0     1                 .L0 
80200fbc 80200fbc        0     1                 .L0 
80200fbc 80200fbc        0     1                 .L0 
80200fbc 80200fbc        0     1                 .L0 
80200fbc 80200fbc       44     1                 fs_lookup
80200fc6 80200fc6        0     1                 .L0 
80200fc6 80200fc6        0     1                 .L0 
80200fce 80200fce        0     1                 .L0 
80200fd6 80200fd6        0     1                 .L0 
80200fd6 80200fd6        0     1                 .L0 
80200fd8 80200fd8        0     1                 .L0 
80200fd8 80200fd8        0     1                 .L0 
80200fdc 80200fdc        0     1                 .L0 
80200fe8 80200fe8        0     1                 .L0 
80200fec 80200fec        0     1                 .L0 
80200fec 80200fec        0     1                 .L0 
80200ff2 80200ff2        0     1                 .L0 
80200ff4 80200ff4        0     1                 .L0 
80200ff4 80200ff4        0     1                 .L0 
80200ff4 80200ff4        0     1                 .L0 
80200ffa 80200ffa        0     1                 .L0 
80200ffa 80200ffa        0     1                 .L0 
80200ffc 80200ffc        0     1                 .L0 
80201000 80201000        0     1                 .L0 
80201000 80201000        0     1                 .L0 
80201000 80201000        0     1                 .L0 
80201000 80201000        0     1                 .L0 
80201000 80201000        0     1                 .L0 
80201000 80201000      19a     1                 yield
8020100a 8020100a        0     1                 .L0 
8020100e 8020100e        0     1                 .L0 
8020100e 8020100e        0     1                 .L0 
8020101c 8020101c        0     1                 .L0 
8020102e 8020102e        0     1                 .L0 
8020102e 8020102e        0     1                 .L0 
80201030 80201030        0     1                 .L0 
80201030 80201030        0     1                 .L0 
80201034 80201034        0     1                 .L0 
80201034 80201034        0     1                 .L0 
80201036 80201036        0     1                 .L0 
80201036 80201036        0     1                 .L0 
8020103a 8020103a        0     1                 .L0 
8020103c 8020103c        0     1                 .L0 
80201040 80201040        0     1                 .L0 
80201040 80201040        0     1                 .L0 
80201040 80201040        0     1                 .L0 
80201044 80201044        0     1                 .L0 
80201048 80201048        0     1                 .L0 
80201050 80201050        0     1                 .L0 
8020105c 8020105c        0     1                 .L0 
8020105c 8020105c        0     1                 .L0 
8020105e 8020105e        0     1                 .L0 
80201062 80201062        0     1                 .L0 
80201064 80201064        0     1                 .L0 
80201068 80201068        0     1                 .L0 
80201068 80201068        0     1                 .L0 
80201068 80201068        0     1                 .L0 
8020106c 8020106c        0     1                 .L0 
80201070 80201070        0     1                 .L0 
80201078 80201078        0     1                 .L0 
80201084 80201084        0     1                 .L0 
80201084 80201084        0     1                 .L0 
80201088 80201088        0     1                 .L0 
8020108c 8020108c        0     1                 .L0 
8020108e 8020108e        0     1                 .L0 
80201092 80201092        0     1                 .L0 
80201092 80201092        0     1                 .L0 
80201092 80201092        0     1                 .L0 
80201096 80201096        0     1                 .L0 
8020109a 8020109a        0     1                 .L0 
802010a2 802010a2        0     1                 .L0 
802010ae 802010ae        0     1                 .L0 
802010ae 802010ae        0     1                 .L0 
802010b0 802010b0        0     1                 .L0 
802010b4 802010b4        0     1                 .L0 
802010b6 802010b6        0     1                 .L0 
802010ba 802010ba        0     1                 .L0 
802010ba 802010ba        0     1                 .L0 
802010ba 802010ba        0     1                 .L0 
802010be 802010be        0     1                 .L0 
802010c2 802010c2        0     1                 .L0 
802010ca 802010ca        0     1                 .L0 
802010d6 802010d6        0     1                 .L0 
802010d6 802010d6        0     1                 .L0 
802010da 802010da        0     1                 .L0 
802010de 802010de        0     1                 .L0 
802010e0 802010e0        0     1                 .L0 
802010e4 802010e4        0     1                 .L0 
802010e4 802010e4        0     1                 .L0 
802010e4 802010e4        0     1                 .L0 
802010e8 802010e8        0     1                 .L0 
802010ec 802010ec        0     1                 .L0 
802010f4 802010f4        0     1                 .L0 
80201100 80201100        0     1                 .L0 
80201100 80201100        0     1                 .L0 
80201102 80201102        0     1                 .L0 
80201106 80201106        0     1                 .L0 
80201108 80201108        0     1                 .L0 
8020110c 8020110c        0     1                 .L0 
8020110c 8020110c        0     1                 .L0 
8020110c 8020110c        0     1                 .L0 
80201110 80201110        0     1                 .L0 
80201114 80201114        0     1                 .L0 
8020111c 8020111c        0     1                 .L0 
80201128 80201128        0     1                 .L0 
80201128 80201128        0     1                 .L0 
8020112c 8020112c        0     1                 .L0 
80201130 80201130        0     1                 .L0 
80201132 80201132        0     1                 .L0 
80201136 80201136        0     1                 .L0 
80201136 80201136        0     1                 .L0 
80201136 80201136        0     1                 .L0 
80201138 80201138        0     1                 .L0 
80201144 80201144        0     1                 .L0 
80201150 80201150        0     1                 .L0 
80201152 80201152        0     1                 .L0 
80201156 80201156        0     1                 .L0 
80201158 80201158        0     1                 .L0 
8020115c 8020115c        0     1                 .L0 
8020115c 8020115c        0     1                 .L0 
8020115c 8020115c        0     1                 .L0 
8020115e 8020115e        0     1                 .L0 
8020115e 8020115e        0     1                 .L0 
8020115e 8020115e        0     1                 .L0 
80201162 80201162        0     1                 .L0 
80201164 80201164        0     1                 .L0 
8020116a 8020116a        0     1                 .L0 
80201170 80201170        0     1                 .L0 
80201172 80201172        0     1                 .L0 
80201182 80201182        0     1                 .L0 
8020118a 8020118a        0     1                 .L0 
8020118a 8020118a        0     1                 .L0 
8020118c 8020118c        0     1                 .L0 
8020118c 8020118c        0     1                 .L0 
80201190 80201190        0     1                 .L0 
80201194 80201194        0     1                 .L0 
80201194 80201194        0     1                 .L0 
80201198 80201198        0     1                 .L0 
80201198 80201198        0     1                 .L0 
8020119a 8020119a        0     1                 .L0 
8020119a 8020119a        0     1                 .L0 
8020119a 8020119a        0     1                 .L0 
8020119a 8020119a        0     1                 .L0 
8020119a 8020119a        0     1                 .L0 
8020119a 8020119a       42     1                 handle_trap
802011a0 802011a0        0     1                 .L0 
802011a0 802011a0        0     1                 .L0 
802011a4 802011a4        0     1                 .L0 
802011a4 802011a4        0     1                 .L0 
802011a8 802011a8        0     1                 .L0 
802011a8 802011a8        0     1                 .L0 
802011aa 802011aa        0     1                 .L0 
802011aa 802011aa        0     1                 .L0 
802011ae 802011ae        0     1                 .L0 
802011ae 802011ae        0     1                 .L0 
802011b2 802011b2        0     1                 .L0 
802011b2 802011b2        0     1                 .L0 
802011b4 802011b4        0     1                 .L0 
802011b4 802011b4        0     1                 .L0 
802011b6 802011b6        0     1                 .L0 
802011b6 802011b6        0     1                 .L0 
802011be 802011be        0     1                 .L0 
802011be 802011be        0     1                 .L0 
802011c2 802011c2        0     1                 .L0 
802011c2 802011c2        0     1                 .L0 
802011c2 802011c2        0     1                 .L0 
802011c6 802011c6        0     1                 .L0 
802011da 802011da        0     1                 .L0 
802011da 802011da        0     1                 .L0 
802011dc 802011dc        0     1                 .L0 
802011dc 802011dc        0     1                 .L0 
802011dc 802011dc        0     1                 .L0 
802011dc 802011dc        0     1                 .L0 
802011dc 802011dc        0     1                 .L0 
802011dc 802011dc       3a     1                 proc_a_entry
802011e2 802011e2        0     1                 .L0 
802011ec 802011ec        0     1                 .L0 
802011ec 802011ec        0     1                 .L0 
802011f4 802011f4        0     1                 .L0 
802011f4 802011f4        0     1                 .L0 
802011f4 802011f4        0     1                 .L0 
8020120a 8020120a        0     1                 .L0 
8020120a 8020120a        0     1                 .L0 
8020120c 8020120c        0     1                 .L0 
8020120c 8020120c        0     1                 .L0 
8020120e 8020120e        0     1                 .L0 
8020120e 8020120e        0     1                 .L0 
8020120e 8020120e        0     1                 .L0 
80201210 80201210        0     1                 .L0 
80201210 80201210        0     1                 .L0 
80201212 80201212        0     1                 .L0 
80201212 80201212        0     1                 .L0 
80201216 80201216        0     1                 .L0 
80201216 80201216        0     1                 .L0 
80201216 80201216        0     1                 .L0 
80201216 80201216        0     1                 .L0 
80201216 80201216        0     1                 .L0 
80201216 80201216        0     1                 .L0 
80201216 80201216       3a     1                 proc_b_entry
8020121c 8020121c        0     1                 .L0 
80201226 80201226        0     1                 .L0 
80201226 80201226        0     1                 .L0 
8020122e 8020122e        0     1                 .L0 
8020122e 8020122e        0     1                 .L0 
8020122e 8020122e        0     1                 .L0 
80201244 80201244        0     1                 .L0 
80201244 80201244        0     1                 .L0 
80201246 80201246        0     1                 .L0 
80201246 80201246        0     1                 .L0 
80201248 80201248        0     1                 .L0 
80201248 80201248        0     1                 .L0 
80201248 80201248        0     1                 .L0 
8020124a 8020124a        0     1                 .L0 
8020124a 8020124a        0     1                 .L0 
8020124c 8020124c        0     1                 .L0 
8020124c 8020124c        0     1                 .L0 
80201250 80201250        0     1                 .L0 
80201250 80201250        0     1                 .L0 
80201250 80201250        0     1                 .L0 
80201250 80201250        0     1                 .L0 
80201250 80201250        0     1                 .L0 
80201250 80201250        0     1                 .L0 
80201250 80201250       82     1                 kernel_main
80201254 80201254        0     1                 .L0 
8020126a 8020126a        0     1                 .L0 
8020126a 8020126a        0     1                 .L0 
80201274 80201274        0     1                 .L0 
80201274 80201274        0     1                 .L0 
8020127c 8020127c        0     1                 .L0 
80201280 80201280        0     1                 .L0 
80201280 80201280        0     1                 .L0 
80201284 80201284        0     1                 .L0 
80201284 80201284        0     1                 .L0 
80201288 80201288        0     1                 .L0 
80201288 80201288        0     1                 .L0 
80201290 80201290        0     1                 .L0 
80201290 80201290        0     1                 .L0 
8020129a 8020129a        0     1                 .L0 
8020129c 8020129c        0     1                 .L0 
802012a4 802012a4        0     1                 .L0 
802012b8 802012b8        0     1                 .L0 
802012b8 802012b8        0     1                 .L0 
802012ba 802012ba        0     1                 .L0 
802012ba 802012ba        0     1                 .L0 
802012d0 802012d0        0     1                 .L0 
802012d0 802012d0        0     1                 .L0 
802012d2 802012d2        0     1                 .L0 
802012d2 802012d2        0     1                 .L0 
802012d2 802012d2      23a     2         /var/folders/z7/y0mvtv1153s58zfwzv66_qcr0000gn/T/common-efbd0d.o:(.text)
802012d2 802012d2        0     1                 .L0 
802012d2 802012d2        0     1                 .L0 
802012d2 802012d2        0     1                 $x
802012d2 802012d2        0     1                 .L0 
802012d2 802012d2      1c0     1                 printf
80201300 80201300        0     1                 .L0 
80201328 80201328        0     1                 .L0 
80201328 80201328        0     1                 .L0 
8020132c 8020132c        0     1                 .L0 
8020132c 8020132c        0     1                 .L0 
8020132e 8020132e        0     1                 .L0 
8020132e 8020132e        0     1                 .L0 
80201332 80201332        0     1                 .L0 
8020133a 8020133a        0     1                 .L0 
8020133a 8020133a        0     1                 .L0 
8020133e 8020133e        0     1                 .L0 
8020133e 8020133e        0     1                 .L0 
80201340 80201340        0     1                 .L0 
80201342 80201342        0     1                 .L0 
80201342 80201342        0     1                 .L0 
80201346 80201346        0     1                 .L0 
80201348 80201348        0     1                 .L0 
80201358 80201358        0     1                 .L0 
80201358 80201358        0     1                 .L0 
80201364 80201364        0     1                 .L0 
80201364 80201364        0     1                 .L0 
80201368 80201368        0     1                 .L0 
80201368 80201368        0     1                 .L0 
8020136a 8020136a        0     1                 .L0 
80201370 80201370        0     1                 .L0 
80201370 80201370        0     1                 .L0 
80201370 80201370        0     1                 .L0 
80201378 80201378        0     1                 .L0 
80201378 80201378        0     1                 .L0 
80201382 80201382        0     1                 .L0 
80201382 80201382        0     1                 .L0 
80201386 80201386        0     1                 .L0 
80201386 80201386        0     1                 .L0 
80201388 80201388        0     1                 .L0 
8020138c 8020138c        0     1                 .L0 
80201390 80201390        0     1                 .L0 
80201390 80201390        0     1                 .L0 
80201396 80201396        0     1                 .L0 
80201396 80201396        0     1                 .L0 
80201398 80201398        0     1                 .L0 
8020139c 8020139c        0     1                 .L0 
802013a0 802013a0        0     1                 .L0 
802013a0 802013a0        0     1                 .L0 
802013a6 802013a6        0     1                 .L0 
802013a6 802013a6        0     1                 .L0 
802013a8 802013a8        0     1                 .L0 
802013ac 802013ac        0     1                 .L0 
802013b0 802013b0        0     1                 .L0 
802013b0 802013b0        0     1                 .L0 
802013b6 802013b6        0     1                 .L0 
802013b6 802013b6        0     1                 .L0 
802013b8 802013b8        0     1                 .L0 
802013bc 802013bc        0     1                 .L0 
802013c0 802013c0        0     1                 .L0 
802013c0 802013c0        0     1                 .L0 
802013c6 802013c6        0     1                 .L0 
802013c6 802013c6        0     1                 .L0 
802013c8 802013c8        0     1                 .L0 
802013cc 802013cc        0     1                 .L0 
802013d0 802013d0        0     1                 .L0 
802013d0 802013d0        0     1                 .L0 
802013d6 802013d6        0     1                 .L0 
802013d6 802013d6        0     1                 .L0 
802013d8 802013d8        0     1                 .L0 
802013dc 802013dc        0     1                 .L0 
802013e0 802013e0        0     1                 .L0 
802013e0 802013e0        0     1                 .L0 
802013e6 802013e6        0     1                 .L0 
802013e6 802013e6        0     1                 .L0 
802013e8 802013e8        0     1                 .L0 
802013ec 802013ec        0     1                 .L0 
802013f0 802013f0        0     1                 .L0 
802013f0 802013f0        0     1                 .L0 
802013f2 802013f2        0     1                 .L0 
802013f2 802013f2        0     1                 .L0 
802013f4 802013f4        0     1                 .L0 
802013f8 802013f8        0     1                 .L0 
802013f8 802013f8        0     1                 .L0 
802013fc 802013fc        0     1                 .L0 
802013fc 802013fc        0     1                 .L0 
802013fe 802013fe        0     1                 .L0 
80201400 80201400        0     1                 .L0 
80201400 80201400        0     1                 .L0 
80201400 80201400        0     1                 .L0 
8020140a 8020140a        0     1                 .L0 
8020140a 8020140a        0     1                 .L0 
8020140e 8020140e        0     1                 .L0 
80201414 80201414        0     1                 .L0 
80201414 80201414        0     1                 .L0 
80201414 80201414        0     1                 .L0 
8020141c 8020141c        0     1                 .L0 
8020141c 8020141c        0     1                 .L0 
80201420 80201420        0     1                 .L0 
80201422 80201422        0     1                 .L0 
80201426 80201426        0     1                 .L0 
80201426 80201426        0     1                 .L0 
80201426 80201426        0     1                 .L0 
8020142e 8020142e        0     1                 .L0 
8020142e 8020142e        0     1                 .L0 
80201432 80201432        0     1                 .L0 
80201432 80201432        0     1                 .L0 
80201434 80201434        0     1                 .L0 
80201438 80201438        0     1                 .L0 
80201438 80201438        0     1                 .L0 
8020143a 8020143a        0     1                 .L0 
8020143a 8020143a        0     1                 .L0 
8020143a 8020143a        0     1                 .L0 
8020143e 8020143e        0     1                 .L0 
80201442 80201442        0     1                 .L0 
80201446 80201446        0     1                 .L0 
80201446 80201446        0     1                 .L0 
80201446 80201446        0     1                 .L0 
80201448 80201448        0     1                 .L0 
80201448 80201448        0     1                 .L0 
8020144c 8020144c        0     1                 .L0 
80201450 80201450        0     1                 .L0 
80201458 80201458        0     1                 .L0 
80201458 80201458        0     1                 .L0 
80201460 80201460        0     1                 .L0 
80201466 80201466        0     1                 .L0 
80201466 80201466        0     1                 .L0 
8020146c 8020146c        0     1                 .L0 
8020146c 8020146c        0     1                 .L0 
8020146c 8020146c        0     1                 .L0 
80201474 80201474        0     1                 .L0 
80201474 80201474        0     1                 .L0 
80201474 80201474        0     1                 .L0 
80201478 80201478        0     1                 .L0 
8020148e 8020148e        0     1                 .L0 
80201492 80201492        0     1                 .L0 
80201492 80201492        0     1                 .L0 
80201492 80201492        0     1                 .L0 
80201492 80201492        0     1                 .L0 
80201492 80201492        0     1                 .L0 
80201492 80201492       1c     1                 memcpy
80201496 80201496        0     1                 .L0 
80201496 80201496        0     1                 .L0 
80201498 80201498        0     1                 .L0 
80201498 80201498        0     1                 .L0 
80201498 80201498        0     1                 .L0 
8020149c 8020149c        0     1                 .L0 
8020149e 8020149e        0     1                 .L0 
802014a2 802014a2        0     1                 .L0 
802014a2 802014a2        0     1                 .L0 
802014a6 802014a6        0     1                 .L0 
802014a8 802014a8        0     1                 .L0 
802014a8 802014a8        0     1                 .L0 
802014ac 802014ac        0     1                 .L0 
802014ac 802014ac        0     1                 .L0 
802014ac 802014ac        0     1                 .L0 
802014ae 802014ae        0     1                 .L0 
802014ae 802014ae        0     1                 .L0 
802014ae 802014ae        0     1                 .L0 
802014ae 802014ae        0     1                 .L0 
802014ae 802014ae        0     1                 .L0 
802014ae 802014ae       16     1                 memset
802014b2 802014b2        0     1                 .L0 
802014b2 802014b2        0     1                 .L0 
802014b4 802014b4        0     1                 .L0 
802014b4 802014b4        0     1                 .L0 
802014b4 802014b4        0     1                 .L0 
802014b8 802014b8        0     1                 .L0 
802014b8 802014b8        0     1                 .L0 
802014bc 802014bc        0     1                 .L0 
802014be 802014be        0     1                 .L0 
802014be 802014be        0     1                 .L0 
802014c2 802014c2        0     1                 .L0 
802014c2 802014c2        0     1                 .L0 
802014c2 802014c2        0     1                 .L0 
802014c4 802014c4        0     1                 .L0 
802014c4 802014c4        0     1                 .L0 
802014c4 802014c4        0     1                 .L0 
802014c4 802014c4        0     1                 .L0 
802014c4 802014c4        0     1                 .L0 
802014c4 802014c4       24     1                 strcpy
802014ca 802014ca        0     1                 .L0 
802014ce 802014ce        0     1                 .L0 
802014ce 802014ce        0     1                 .L0 
802014d0 802014d0        0     1                 .L0 
802014d0 802014d0        0     1                 .L0 
802014d0 802014d0        0     1                 .L0 
802014d4 802014d4        0     1                 .L0 
802014d8 802014d8        0     1                 .L0 
802014dc 802014dc        0     1                 .L0 
802014dc 802014dc        0     1                 .L0 
802014de 802014de        0     1                 .L0 
802014de 802014de        0     1                 .L0 
802014e0 802014e0        0     1                 .L0 
802014e2 802014e2        0     1                 .L0 
802014e2 802014e2        0     1                 .L0 
802014e2 802014e2        0     1                 .L0 
802014e6 802014e6        0     1                 .L0 
802014e8 802014e8        0     1                 .L0 
802014e8 802014e8        0     1                 .L0 
802014e8 802014e8        0     1                 .L0 
802014e8 802014e8        0     1                 .L0 
802014e8 802014e8        0     1                 .L0 
802014e8 802014e8       24     1                 strcmp
802014ec 802014ec        0     1                 .L0 
802014ee 802014ee        0     1                 .L0 
802014f0 802014f0        0     1                 .L0 
802014f0 802014f0        0     1                 .L0 
802014f0 802014f0        0     1                 .L0 
802014f4 802014f4        0     1                 .L0 
802014f8 802014f8        0     1                 .L0 
802014f8 802014f8        0     1                 .L0 
802014fc 802014fc        0     1                 .L0 
802014fe 802014fe        0     1                 .L0 
80201500 80201500        0     1                 .L0 
80201502 80201502        0     1                 .L0 
80201502 80201502        0     1                 .L0 
80201506 80201506        0     1                 .L0 
8020150a 8020150a        0     1                 .L0 
8020150c 8020150c        0     1                 .L0 
8020150c 8020150c        0     1                 .L0 
8020150c 8020150c      310     4 .rodata
8020150c 8020150c      310     1         <internal>:(.rodata.str1.1)
8020181c 8020181c    10440     4 .data
8020181c 8020181c    10440     1         shell.bin.o:(.data)
8020181c 8020181c        0     1                 _binary_shell_bin_start
80211c5c 80211c5c        0     1                 _binary_shell_bin_end
80211c5c 80211c5c        4     4 .sdata
80211c5c 80211c5c        4     4         /var/folders/z7/y0mvtv1153s58zfwzv66_qcr0000gn/T/kernel-2ae1a8.o:(.sdata)
80211c5c 80211c5c        4     1                 alloc_pages.next_paddr
80211c5c 80211c5c        0     1                 $d
80211c60 80211c60    11378     4 .bss
80211c60 80211c60        0     1         __bss = .
80211c60 80211c60    11358     4         /var/folders/z7/y0mvtv1153s58zfwzv66_qcr0000gn/T/kernel-2ae1a8.o:(.bss)
80211c60 80211c60        0     1                 $d
80211c60 80211c60      a00     1                 disk
80212660 80212660      8d8     1                 files
80212f38 80212f38    10080     1                 procs
80222fb8 80222fb8       20     4         /var/folders/z7/y0mvtv1153s58zfwzv66_qcr0000gn/T/kernel-2ae1a8.o:(.sbss)
80222fb8 80222fb8        0     1                 $d
80222fb8 80222fb8        4     1                 blk_request_vq
80222fbc 80222fbc        4     1                 blk_capacity
80222fc0 80222fc0        4     1                 blk_req_paddr
80222fc4 80222fc4        4     1                 blk_req
80222fc8 80222fc8        4     1                 current_proc
80222fcc 80222fcc        4     1                 idle_proc
80222fd0 80222fd0        4     1                 proc_a
80222fd4 80222fd4        4     1                 proc_b
80222fd8 80222fd8        0     1         __bss_end = .
80222fd8 80222fd8        0     1 . = ALIGN ( 4 )
80222fd8 80222fd8    20000     1 . += 128 * 1024
80242fd8 80242fd8        0     1 __stack_top = .
80242fd8 80242fd8       28     1 . = ALIGN ( 4096 )
80243000 80243000        0     1 __free_ram = .
80243000 80243000  4000000     1 . += 64 * 1024 * 1024
84243000 84243000        0     1 __free_ram_end = .
       0        0      e74     1 .debug_loclists
       0        0      cab     1         /var/folders/z7/y0mvtv1153s58zfwzv66_qcr0000gn/T/kernel-2ae1a8.o:(.debug_loclists)
       0        0        0     1                 $d
       c        c        0     1                 .L0 
     cab      cab      1c9     1         /var/folders/z7/y0mvtv1153s58zfwzv66_qcr0000gn/T/common-efbd0d.o:(.debug_loclists)
     cab      cab        0     1                 $d
     cb7      cb7        0     1                 .L0 
       0        0      4a7     1 .debug_abbrev
       0        0      37a     1         /var/folders/z7/y0mvtv1153s58zfwzv66_qcr0000gn/T/kernel-2ae1a8.o:(.debug_abbrev)
       0        0        0     1                 $d
     37a      37a      12d     1         /var/folders/z7/y0mvtv1153s58zfwzv66_qcr0000gn/T/common-efbd0d.o:(.debug_abbrev)
     37a      37a        0     1                 $d
       0        0     1ae6     1 .debug_info
       0        0     18b1     1         /var/folders/z7/y0mvtv1153s58zfwzv66_qcr0000gn/T/kernel-2ae1a8.o:(.debug_info)
       0        0        0     1                 $d
    18b1     18b1      235     1         /var/folders/z7/y0mvtv1153s58zfwzv66_qcr0000gn/T/common-efbd0d.o:(.debug_info)
    18b1     18b1        0     1                 $d
       0        0      136     1 .debug_rnglists
       0        0      11b     1         /var/folders/z7/y0mvtv1153s58zfwzv66_qcr0000gn/T/kernel-2ae1a8.o:(.debug_rnglists)
       0        0        0     1                 $d
       c        c        0     1                 .L0 
     11b      11b       1b     1         /var/folders/z7/y0mvtv1153s58zfwzv66_qcr0000gn/T/common-efbd0d.o:(.debug_rnglists)
     11b      11b        0     1                 $d
     127      127        0     1                 .L0 
       0        0      3a0     1 .debug_str_offsets
       0        0      30c     1         /var/folders/z7/y0mvtv1153s58zfwzv66_qcr0000gn/T/kernel-2ae1a8.o:(.debug_str_offsets)
       0        0        0     1                 $d
       8        8        0     1                 .L0 
     30c      30c       94     1         /var/folders/z7/y0mvtv1153s58zfwzv66_qcr0000gn/T/common-efbd0d.o:(.debug_str_offsets)
     30c      30c        0     1                 $d
     314      314        0     1                 .L0 
       0        0      61c     1 .debug_str
       0        0      61c     1         <internal>:(.debug_str)
       0        0      378     1 .debug_addr
       0        0      318     1         /var/folders/z7/y0mvtv1153s58zfwzv66_qcr0000gn/T/kernel-2ae1a8.o:(.debug_addr)
       0        0        0     1                 $d
       8        8        0     1                 .L0 
     318      318       60     1         /var/folders/z7/y0mvtv1153s58zfwzv66_qcr0000gn/T/common-efbd0d.o:(.debug_addr)
     318      318        0     1                 $d
     320      320        0     1                 .L0 
       0        0       3b     1 .comment
       0        0       3b     1         <internal>:(.comment)
       0        0       34     1 .riscv.attributes
       0        0       34     1         <internal>:(.riscv.attributes)
       0        0      34c     4 .debug_frame
       0        0      2c8     4         /var/folders/z7/y0mvtv1153s58zfwzv66_qcr0000gn/T/kernel-2ae1a8.o:(.debug_frame)
       0        0        0     1                 .L0 
       0        0        0     1                 $d
     2c8      2c8       84     4         /var/folders/z7/y0mvtv1153s58zfwzv66_qcr0000gn/T/common-efbd0d.o:(.debug_frame)
     2c8      2c8        0     1                 .L0 
     2c8      2c8        0     1                 $d
       0        0     1a9f     1 .debug_line
       0        0     16c7     1         /var/folders/z7/y0mvtv1153s58zfwzv66_qcr0000gn/T/kernel-2ae1a8.o:(.debug_line)
       0        0        0     1                 .Lline_table_start0
       0        0        0     1                 $d
    16c7     16c7      3d8     1         /var/folders/z7/y0mvtv1153s58zfwzv66_qcr0000gn/T/common-efbd0d.o:(.debug_line)
    16c7     16c7        0     1                 .Lline_table_start0
    16c7     16c7        0     1                 $d
       0        0       38     1 .debug_line_str
       0        0       38     1         <internal>:(.debug_line_str)
       0        0      5a0     4 .symtab
       0        0      5a0     4         <internal>:(.symtab)
       0        0       e3     1 .shstrtab
       0        0       e3     1         <internal>:(.shstrtab)
       0        0      306     1 .strtab
       0        0      306     1         <internal>:(.strtab)
