     VMA      LMA     Size Align Out     In      Symbol
       0        0 80200000     1 . = 0x80200000
80200000        0        0     1 __kernel_base = .
80200000 80200000      91c     4 .text
80200000 80200000        e     2         /var/folders/z7/y0mvtv1153s58zfwzv66_qcr0000gn/T/kernel-ffb02a.o:(.text.boot)
80200000 80200000        0     1                 .L0 
80200000 80200000        0     1                 .L0 
80200000 80200000        0     1                 $x
80200000 80200000        0     1                 .L0 
80200000 80200000        e     1                 boot
8020000e 8020000e        0     1                 .L0 
8020000e 8020000e        0     1                 .L0 
80200010 80200010      6ec     4         /var/folders/z7/y0mvtv1153s58zfwzv66_qcr0000gn/T/kernel-ffb02a.o:(.text)
80200010 80200010        0     1                 .L0 
80200010 80200010        0     1                 .L0 
80200010 80200010        0     1                 $x
80200010 80200010        0     1                 .L0 
80200010 80200010       46     1                 switch_context
80200056 80200056        0     1                 .L0 
80200056 80200056        0     1                 .L0 
80200056 80200056        0     1                 .L0 
80200056 80200056      18e     1                 create_process
8020006a 8020006a        0     1                 .L0 
80200074 80200074        0     1                 .L0 
80200074 80200074        0     1                 .L0 
80200080 80200080        0     1                 .L0 
80200082 80200082        0     1                 .L0 
80200082 80200082        0     1                 .L0 
8020008a 8020008a        0     1                 .L0 
8020008c 8020008c        0     1                 .L0 
8020008c 8020008c        0     1                 .L0 
80200094 80200094        0     1                 .L0 
80200096 80200096        0     1                 .L0 
80200096 80200096        0     1                 .L0 
8020009e 8020009e        0     1                 .L0 
802000a0 802000a0        0     1                 .L0 
802000a0 802000a0        0     1                 .L0 
802000a8 802000a8        0     1                 .L0 
802000aa 802000aa        0     1                 .L0 
802000aa 802000aa        0     1                 .L0 
802000b2 802000b2        0     1                 .L0 
802000b4 802000b4        0     1                 .L0 
802000b4 802000b4        0     1                 .L0 
802000bc 802000bc        0     1                 .L0 
802000be 802000be        0     1                 .L0 
802000be 802000be        0     1                 .L0 
802000c6 802000c6        0     1                 .L0 
802000c8 802000c8        0     1                 .L0 
802000c8 802000c8        0     1                 .L0 
802000de 802000de        0     1                 .L0 
802000de 802000de        0     1                 .L0 
802000e0 802000e0        0     1                 .L0 
802000e0 802000e0        0     1                 .L0 
802000e0 802000e0        0     1                 .L0 
802000e4 802000e4        0     1                 .L0 
802000e4 802000e4        0     1                 .L0 
802000ea 802000ea        0     1                 .L0 
802000ec 802000ec        0     1                 .L0 
802000ec 802000ec        0     1                 .L0 
802000ec 802000ec        0     1                 .L0 
802000f4 802000f4        0     1                 .L0 
802000f6 802000f6        0     1                 .L0 
802000f6 802000f6        0     1                 .L0 
802000f6 802000f6        0     1                 .L0 
802000fe 802000fe        0     1                 .L0 
80200100 80200100        0     1                 .L0 
80200100 80200100        0     1                 .L0 
80200100 80200100        0     1                 .L0 
80200108 80200108        0     1                 .L0 
8020010a 8020010a        0     1                 .L0 
8020010a 8020010a        0     1                 .L0 
8020010a 8020010a        0     1                 .L0 
80200112 80200112        0     1                 .L0 
80200114 80200114        0     1                 .L0 
80200114 80200114        0     1                 .L0 
80200114 80200114        0     1                 .L0 
8020011c 8020011c        0     1                 .L0 
8020011e 8020011e        0     1                 .L0 
8020011e 8020011e        0     1                 .L0 
8020011e 8020011e        0     1                 .L0 
80200126 80200126        0     1                 .L0 
80200126 80200126        0     1                 .L0 
8020012c 8020012c        0     1                 .L0 
8020012e 8020012e        0     1                 .L0 
8020012e 8020012e        0     1                 .L0 
80200132 80200132        0     1                 .L0 
80200132 80200132        0     1                 .L0 
80200136 80200136        0     1                 .L0 
80200136 80200136        0     1                 .L0 
8020013a 8020013a        0     1                 .L0 
8020013a 8020013a        0     1                 .L0 
8020013e 8020013e        0     1                 .L0 
8020013e 8020013e        0     1                 .L0 
80200142 80200142        0     1                 .L0 
80200142 80200142        0     1                 .L0 
80200146 80200146        0     1                 .L0 
80200146 80200146        0     1                 .L0 
8020014a 8020014a        0     1                 .L0 
8020014a 8020014a        0     1                 .L0 
8020014e 8020014e        0     1                 .L0 
8020014e 8020014e        0     1                 .L0 
80200152 80200152        0     1                 .L0 
80200152 80200152        0     1                 .L0 
80200156 80200156        0     1                 .L0 
80200156 80200156        0     1                 .L0 
8020015e 8020015e        0     1                 .L0 
8020015e 8020015e        0     1                 .L0 
80200162 80200162        0     1                 .L0 
80200162 80200162        0     1                 .L0 
80200168 80200168        0     1                 .L0 
80200168 80200168        0     1                 .L0 
8020016e 8020016e        0     1                 .L0 
80200172 80200172        0     1                 .L0 
80200176 80200176        0     1                 .L0 
80200176 80200176        0     1                 .L0 
8020017a 8020017a        0     1                 .L0 
8020017a 8020017a        0     1                 .L0 
8020017e 8020017e        0     1                 .L0 
8020017e 8020017e        0     1                 .L0 
80200194 80200194        0     1                 .L0 
80200194 80200194        0     1                 .L0 
80200196 80200196        0     1                 .L0 
80200196 80200196        0     1                 .L0 
802001a0 802001a0        0     1                 .L0 
802001a0 802001a0        0     1                 .L0 
802001a8 802001a8        0     1                 .L0 
802001a8 802001a8        0     1                 .L0 
802001ac 802001ac        0     1                 .L0 
802001ac 802001ac        0     1                 .L0 
802001ac 802001ac        0     1                 .L0 
802001b6 802001b6        0     1                 .L0 
802001b6 802001b6        0     1                 .L0 
802001b8 802001b8        0     1                 .L0 
802001bc 802001bc        0     1                 .L0 
802001bc 802001bc        0     1                 .L0 
802001bc 802001bc        0     1                 .L0 
802001c2 802001c2        0     1                 .L0 
802001c6 802001c6        0     1                 .L0 
802001ca 802001ca        0     1                 .L0 
802001ce 802001ce        0     1                 .L0 
802001d4 802001d4        0     1                 .L0 
802001d4 802001d4        0     1                 .L0 
802001da 802001da        0     1                 .L0 
802001de 802001de        0     1                 .L0 
802001e0 802001e0        0     1                 .L0 
802001e4 802001e4        0     1                 .L0 
802001e4 802001e4        0     1                 .L0 
802001e4 802001e4        0     1                 .L0 
802001e4 802001e4        0     1                 .L0 
802001e4 802001e4        0     1                 .L0 
802001e4 802001e4       4e     1                 alloc_pages
802001ea 802001ea        0     1                 .L0 
802001f2 802001f2        0     1                 .L0 
802001f2 802001f2        0     1                 .L0 
802001f6 802001f6        0     1                 .L0 
802001fa 802001fa        0     1                 .L0 
802001fa 802001fa        0     1                 .L0 
80200202 80200202        0     1                 .L0 
80200206 80200206        0     1                 .L0 
8020020a 8020020a        0     1                 .L0 
80200220 80200220        0     1                 .L0 
80200220 80200220        0     1                 .L0 
80200222 80200222        0     1                 .L0 
80200222 80200222        0     1                 .L0 
80200228 80200228        0     1                 .L0 
80200228 80200228        0     1                 .L0 
8020022e 8020022e        0     1                 .L0 
8020022e 8020022e        0     1                 .L0 
80200232 80200232        0     1                 .L0 
80200232 80200232        0     1                 .L0 
80200232 80200232        0     1                 .L0 
80200232 80200232        0     1                 .L0 
80200232 80200232        0     1                 .L0 
80200232 80200232       d8     1                 map_page
80200242 80200242        0     1                 .L0 
80200242 80200242        0     1                 .L0 
80200246 80200246        0     1                 .L0 
8020024a 8020024a        0     1                 .L0 
8020025a 8020025a        0     1                 .L0 
8020025c 8020025c        0     1                 .L0 
8020025e 8020025e        0     1                 .L0 
8020025e 8020025e        0     1                 .L0 
80200260 80200260        0     1                 .L0 
80200260 80200260        0     1                 .L0 
80200260 80200260        0     1                 .L0 
80200264 80200264        0     1                 .L0 
80200266 80200266        0     1                 .L0 
80200268 80200268        0     1                 .L0 
8020026c 8020026c        0     1                 .L0 
8020027a 8020027a        0     1                 .L0 
8020027e 8020027e        0     1                 .L0 
80200280 80200280        0     1                 .L0 
80200280 80200280        0     1                 .L0 
80200282 80200282        0     1                 .L0 
80200282 80200282        0     1                 .L0 
80200282 80200282        0     1                 .L0 
8020028e 8020028e        0     1                 .L0 
8020028e 8020028e        0     1                 .L0 
80200292 80200292        0     1                 .L0 
80200294 80200294        0     1                 .L0 
80200294 80200294        0     1                 .L0 
8020029c 8020029c        0     1                 .L0 
8020029c 8020029c        0     1                 .L0 
8020029e 8020029e        0     1                 .L0 
802002a0 802002a0        0     1                 .L0 
802002a8 802002a8        0     1                 .L0 
802002ac 802002ac        0     1                 .L0 
802002b0 802002b0        0     1                 .L0 
802002c4 802002c4        0     1                 .L0 
802002c6 802002c6        0     1                 .L0 
802002c6 802002c6        0     1                 .L0 
802002c8 802002c8        0     1                 .L0 
802002c8 802002c8        0     1                 .L0 
802002c8 802002c8        0     1                 .L0 
802002ca 802002ca        0     1                 .L0 
802002ca 802002ca        0     1                 .L0 
802002d2 802002d2        0     1                 .L0 
802002d4 802002d4        0     1                 .L0 
802002d4 802002d4        0     1                 .L0 
802002d8 802002d8        0     1                 .L0 
802002d8 802002d8        0     1                 .L0 
802002de 802002de        0     1                 .L0 
802002e0 802002e0        0     1                 .L0 
802002e2 802002e2        0     1                 .L0 
802002e2 802002e2        0     1                 .L0 
802002e2 802002e2        0     1                 .L0 
802002e6 802002e6        0     1                 .L0 
802002e6 802002e6        0     1                 .L0 
802002e8 802002e8        0     1                 .L0 
802002ee 802002ee        0     1                 .L0 
802002f0 802002f0        0     1                 .L0 
802002f0 802002f0        0     1                 .L0 
802002f4 802002f4        0     1                 .L0 
802002f8 802002f8        0     1                 .L0 
802002f8 802002f8        0     1                 .L0 
80200306 80200306        0     1                 .L0 
8020030a 8020030a        0     1                 .L0 
8020030a 8020030a        0     1                 .L0 
8020030c 8020030c        0     1                 .L0 
8020030c 8020030c        0     1                 .L0 
8020030c 8020030c        0     1                 .L0 
8020030c 8020030c       90     1                 kernel_entry
8020039c 8020039c        0     1                 .L0 
8020039c 8020039c        0     1                 .L0 
8020039c 8020039c        0     1                 .L0 
8020039c 8020039c        0     1                 .L0 
8020039c 8020039c        0     1                 .L0 
8020039c 8020039c       28     1                 handle_trap
802003a0 802003a0        0     1                 .L0 
802003a0 802003a0        0     1                 .L0 
802003a4 802003a4        0     1                 .L0 
802003a4 802003a4        0     1                 .L0 
802003a8 802003a8        0     1                 .L0 
802003a8 802003a8        0     1                 .L0 
802003ac 802003ac        0     1                 .L0 
802003ac 802003ac        0     1                 .L0 
802003b0 802003b0        0     1                 .L0 
802003c2 802003c2        0     1                 .L0 
802003c2 802003c2        0     1                 .L0 
802003c4 802003c4        0     1                 .L0 
802003c4 802003c4        0     1                 .L0 
802003c4 802003c4        0     1                 .L0 
802003c4 802003c4        0     1                 .L0 
802003c4 802003c4        0     1                 .L0 
802003c4 802003c4        6     1                 sbi_call
802003c8 802003c8        0     1                 .L0 
802003c8 802003c8        0     1                 .L0 
802003ca 802003ca        0     1                 .L0 
802003ca 802003ca        0     1                 .L0 
802003ca 802003ca        0     1                 .L0 
802003ca 802003ca       14     1                 putchar
802003dc 802003dc        0     1                 .L0 
802003dc 802003dc        0     1                 .L0 
802003de 802003de        0     1                 .L0 
802003de 802003de        0     1                 .L0 
802003de 802003de        0     1                 .L0 
802003de 802003de      198     1                 yield
802003e8 802003e8        0     1                 .L0 
802003ec 802003ec        0     1                 .L0 
802003ec 802003ec        0     1                 .L0 
802003fa 802003fa        0     1                 .L0 
8020040c 8020040c        0     1                 .L0 
8020040c 8020040c        0     1                 .L0 
8020040e 8020040e        0     1                 .L0 
8020040e 8020040e        0     1                 .L0 
80200412 80200412        0     1                 .L0 
80200412 80200412        0     1                 .L0 
80200414 80200414        0     1                 .L0 
80200414 80200414        0     1                 .L0 
80200418 80200418        0     1                 .L0 
8020041a 8020041a        0     1                 .L0 
8020041e 8020041e        0     1                 .L0 
8020041e 8020041e        0     1                 .L0 
8020041e 8020041e        0     1                 .L0 
80200422 80200422        0     1                 .L0 
80200426 80200426        0     1                 .L0 
8020042e 8020042e        0     1                 .L0 
8020043a 8020043a        0     1                 .L0 
8020043a 8020043a        0     1                 .L0 
8020043c 8020043c        0     1                 .L0 
80200440 80200440        0     1                 .L0 
80200442 80200442        0     1                 .L0 
80200446 80200446        0     1                 .L0 
80200446 80200446        0     1                 .L0 
80200446 80200446        0     1                 .L0 
8020044a 8020044a        0     1                 .L0 
8020044e 8020044e        0     1                 .L0 
80200456 80200456        0     1                 .L0 
80200462 80200462        0     1                 .L0 
80200462 80200462        0     1                 .L0 
80200466 80200466        0     1                 .L0 
8020046a 8020046a        0     1                 .L0 
8020046c 8020046c        0     1                 .L0 
80200470 80200470        0     1                 .L0 
80200470 80200470        0     1                 .L0 
80200470 80200470        0     1                 .L0 
80200474 80200474        0     1                 .L0 
80200478 80200478        0     1                 .L0 
80200480 80200480        0     1                 .L0 
8020048c 8020048c        0     1                 .L0 
8020048c 8020048c        0     1                 .L0 
8020048e 8020048e        0     1                 .L0 
80200492 80200492        0     1                 .L0 
80200494 80200494        0     1                 .L0 
80200498 80200498        0     1                 .L0 
80200498 80200498        0     1                 .L0 
80200498 80200498        0     1                 .L0 
8020049c 8020049c        0     1                 .L0 
802004a0 802004a0        0     1                 .L0 
802004a8 802004a8        0     1                 .L0 
802004b4 802004b4        0     1                 .L0 
802004b4 802004b4        0     1                 .L0 
802004b8 802004b8        0     1                 .L0 
802004bc 802004bc        0     1                 .L0 
802004be 802004be        0     1                 .L0 
802004c2 802004c2        0     1                 .L0 
802004c2 802004c2        0     1                 .L0 
802004c2 802004c2        0     1                 .L0 
802004c6 802004c6        0     1                 .L0 
802004ca 802004ca        0     1                 .L0 
802004d2 802004d2        0     1                 .L0 
802004de 802004de        0     1                 .L0 
802004de 802004de        0     1                 .L0 
802004e0 802004e0        0     1                 .L0 
802004e4 802004e4        0     1                 .L0 
802004e6 802004e6        0     1                 .L0 
802004ea 802004ea        0     1                 .L0 
802004ea 802004ea        0     1                 .L0 
802004ea 802004ea        0     1                 .L0 
802004ee 802004ee        0     1                 .L0 
802004f2 802004f2        0     1                 .L0 
802004fa 802004fa        0     1                 .L0 
80200506 80200506        0     1                 .L0 
80200506 80200506        0     1                 .L0 
8020050a 8020050a        0     1                 .L0 
8020050e 8020050e        0     1                 .L0 
80200510 80200510        0     1                 .L0 
80200514 80200514        0     1                 .L0 
80200514 80200514        0     1                 .L0 
80200514 80200514        0     1                 .L0 
80200516 80200516        0     1                 .L0 
80200522 80200522        0     1                 .L0 
8020052e 8020052e        0     1                 .L0 
80200530 80200530        0     1                 .L0 
80200534 80200534        0     1                 .L0 
80200536 80200536        0     1                 .L0 
8020053a 8020053a        0     1                 .L0 
8020053a 8020053a        0     1                 .L0 
8020053a 8020053a        0     1                 .L0 
8020053c 8020053c        0     1                 .L0 
8020053c 8020053c        0     1                 .L0 
8020053c 8020053c        0     1                 .L0 
80200540 80200540        0     1                 .L0 
80200542 80200542        0     1                 .L0 
80200548 80200548        0     1                 .L0 
8020054e 8020054e        0     1                 .L0 
80200550 80200550        0     1                 .L0 
80200560 80200560        0     1                 .L0 
80200568 80200568        0     1                 .L0 
80200568 80200568        0     1                 .L0 
8020056a 8020056a        0     1                 .L0 
8020056a 8020056a        0     1                 .L0 
8020056e 8020056e        0     1                 .L0 
80200572 80200572        0     1                 .L0 
80200572 80200572        0     1                 .L0 
80200574 80200574        0     1                 .L0 
80200574 80200574        0     1                 .L0 
80200576 80200576        0     1                 .L0 
80200576 80200576        0     1                 .L0 
80200576 80200576        0     1                 .L0 
80200576 80200576        0     1                 .L0 
80200576 80200576        0     1                 .L0 
80200576 80200576       3a     1                 proc_a_entry
8020057c 8020057c        0     1                 .L0 
80200586 80200586        0     1                 .L0 
80200586 80200586        0     1                 .L0 
8020058e 8020058e        0     1                 .L0 
8020058e 8020058e        0     1                 .L0 
8020058e 8020058e        0     1                 .L0 
802005a4 802005a4        0     1                 .L0 
802005a4 802005a4        0     1                 .L0 
802005a6 802005a6        0     1                 .L0 
802005a6 802005a6        0     1                 .L0 
802005a8 802005a8        0     1                 .L0 
802005a8 802005a8        0     1                 .L0 
802005a8 802005a8        0     1                 .L0 
802005aa 802005aa        0     1                 .L0 
802005aa 802005aa        0     1                 .L0 
802005ac 802005ac        0     1                 .L0 
802005ac 802005ac        0     1                 .L0 
802005b0 802005b0        0     1                 .L0 
802005b0 802005b0        0     1                 .L0 
802005b0 802005b0        0     1                 .L0 
802005b0 802005b0        0     1                 .L0 
802005b0 802005b0        0     1                 .L0 
802005b0 802005b0        0     1                 .L0 
802005b0 802005b0       3a     1                 proc_b_entry
802005b6 802005b6        0     1                 .L0 
802005c0 802005c0        0     1                 .L0 
802005c0 802005c0        0     1                 .L0 
802005c8 802005c8        0     1                 .L0 
802005c8 802005c8        0     1                 .L0 
802005c8 802005c8        0     1                 .L0 
802005de 802005de        0     1                 .L0 
802005de 802005de        0     1                 .L0 
802005e0 802005e0        0     1                 .L0 
802005e0 802005e0        0     1                 .L0 
802005e2 802005e2        0     1                 .L0 
802005e2 802005e2        0     1                 .L0 
802005e2 802005e2        0     1                 .L0 
802005e4 802005e4        0     1                 .L0 
802005e4 802005e4        0     1                 .L0 
802005e6 802005e6        0     1                 .L0 
802005e6 802005e6        0     1                 .L0 
802005ea 802005ea        0     1                 .L0 
802005ea 802005ea        0     1                 .L0 
802005ea 802005ea        0     1                 .L0 
802005ea 802005ea        0     1                 .L0 
802005ea 802005ea        0     1                 .L0 
802005ea 802005ea        0     1                 .L0 
802005ea 802005ea      112     1                 kernel_main
802005f6 802005f6        0     1                 .L0 
8020060c 8020060c        0     1                 .L0 
8020060c 8020060c        0     1                 .L0 
80200616 80200616        0     1                 .L0 
80200616 80200616        0     1                 .L0 
8020061e 8020061e        0     1                 .L0 
80200622 80200622        0     1                 .L0 
80200622 80200622        0     1                 .L0 
80200624 80200624        0     1                 .L0 
80200626 80200626        0     1                 .L0 
80200626 80200626        0     1                 .L0 
80200630 80200630        0     1                 .L0 
80200632 80200632        0     1                 .L0 
80200632 80200632        0     1                 .L0 
8020063a 8020063a        0     1                 .L0 
8020063a 8020063a        0     1                 .L0 
80200644 80200644        0     1                 .L0 
80200644 80200644        0     1                 .L0 
80200646 80200646        0     1                 .L0 
8020064e 8020064e        0     1                 .L0 
80200652 80200652        0     1                 .L0 
80200656 80200656        0     1                 .L0 
8020066c 8020066c        0     1                 .L0 
8020066c 8020066c        0     1                 .L0 
8020066e 8020066e        0     1                 .L0 
8020066e 8020066e        0     1                 .L0 
80200676 80200676        0     1                 .L0 
80200676 80200676        0     1                 .L0 
8020067a 8020067a        0     1                 .L0 
8020067a 8020067a        0     1                 .L0 
8020067c 8020067c        0     1                 .L0 
80200682 80200682        0     1                 .L0 
80200686 80200686        0     1                 .L0 
80200686 80200686        0     1                 .L0 
8020069c 8020069c        0     1                 .L0 
8020069c 8020069c        0     1                 .L0 
8020069e 8020069e        0     1                 .L0 
8020069e 8020069e        0     1                 .L0 
802006a6 802006a6        0     1                 .L0 
802006a6 802006a6        0     1                 .L0 
802006b2 802006b2        0     1                 .L0 
802006b2 802006b2        0     1                 .L0 
802006be 802006be        0     1                 .L0 
802006be 802006be        0     1                 .L0 
802006c8 802006c8        0     1                 .L0 
802006c8 802006c8        0     1                 .L0 
802006d0 802006d0        0     1                 .L0 
802006da 802006da        0     1                 .L0 
802006da 802006da        0     1                 .L0 
802006e2 802006e2        0     1                 .L0 
802006e4 802006e4        0     1                 .L0 
802006e4 802006e4        0     1                 .L0 
802006fa 802006fa        0     1                 .L0 
802006fa 802006fa        0     1                 .L0 
802006fc 802006fc        0     1                 .L0 
802006fc 802006fc        0     1                 .L0 
802006fc 802006fc      220     2         /var/folders/z7/y0mvtv1153s58zfwzv66_qcr0000gn/T/common-392c0c.o:(.text)
802006fc 802006fc        0     1                 .L0 
802006fc 802006fc        0     1                 .L0 
802006fc 802006fc        0     1                 $x
802006fc 802006fc        0     1                 .L0 
802006fc 802006fc      1a6     1                 printf
8020072a 8020072a        0     1                 .L0 
80200752 80200752        0     1                 .L0 
80200752 80200752        0     1                 .L0 
80200756 80200756        0     1                 .L0 
80200756 80200756        0     1                 .L0 
80200758 80200758        0     1                 .L0 
80200758 80200758        0     1                 .L0 
8020075c 8020075c        0     1                 .L0 
80200764 80200764        0     1                 .L0 
80200764 80200764        0     1                 .L0 
80200766 80200766        0     1                 .L0 
80200766 80200766        0     1                 .L0 
80200768 80200768        0     1                 .L0 
8020076a 8020076a        0     1                 .L0 
8020076a 8020076a        0     1                 .L0 
8020076e 8020076e        0     1                 .L0 
80200770 80200770        0     1                 .L0 
80200780 80200780        0     1                 .L0 
80200780 80200780        0     1                 .L0 
8020078c 8020078c        0     1                 .L0 
8020078c 8020078c        0     1                 .L0 
80200790 80200790        0     1                 .L0 
80200790 80200790        0     1                 .L0 
80200792 80200792        0     1                 .L0 
80200798 80200798        0     1                 .L0 
80200798 80200798        0     1                 .L0 
80200798 80200798        0     1                 .L0 
802007a0 802007a0        0     1                 .L0 
802007a0 802007a0        0     1                 .L0 
802007aa 802007aa        0     1                 .L0 
802007aa 802007aa        0     1                 .L0 
802007ae 802007ae        0     1                 .L0 
802007ae 802007ae        0     1                 .L0 
802007b0 802007b0        0     1                 .L0 
802007b4 802007b4        0     1                 .L0 
802007b6 802007b6        0     1                 .L0 
802007b6 802007b6        0     1                 .L0 
802007bc 802007bc        0     1                 .L0 
802007bc 802007bc        0     1                 .L0 
802007be 802007be        0     1                 .L0 
802007c2 802007c2        0     1                 .L0 
802007c4 802007c4        0     1                 .L0 
802007c4 802007c4        0     1                 .L0 
802007ca 802007ca        0     1                 .L0 
802007ca 802007ca        0     1                 .L0 
802007cc 802007cc        0     1                 .L0 
802007d0 802007d0        0     1                 .L0 
802007d2 802007d2        0     1                 .L0 
802007d2 802007d2        0     1                 .L0 
802007d8 802007d8        0     1                 .L0 
802007d8 802007d8        0     1                 .L0 
802007da 802007da        0     1                 .L0 
802007de 802007de        0     1                 .L0 
802007e0 802007e0        0     1                 .L0 
802007e0 802007e0        0     1                 .L0 
802007e6 802007e6        0     1                 .L0 
802007e6 802007e6        0     1                 .L0 
802007e8 802007e8        0     1                 .L0 
802007ec 802007ec        0     1                 .L0 
802007ee 802007ee        0     1                 .L0 
802007ee 802007ee        0     1                 .L0 
802007f4 802007f4        0     1                 .L0 
802007f4 802007f4        0     1                 .L0 
802007f6 802007f6        0     1                 .L0 
802007fa 802007fa        0     1                 .L0 
802007fc 802007fc        0     1                 .L0 
802007fc 802007fc        0     1                 .L0 
80200802 80200802        0     1                 .L0 
80200802 80200802        0     1                 .L0 
80200804 80200804        0     1                 .L0 
80200808 80200808        0     1                 .L0 
8020080a 8020080a        0     1                 .L0 
8020080a 8020080a        0     1                 .L0 
8020080c 8020080c        0     1                 .L0 
8020080c 8020080c        0     1                 .L0 
8020080e 8020080e        0     1                 .L0 
80200812 80200812        0     1                 .L0 
80200812 80200812        0     1                 .L0 
80200814 80200814        0     1                 .L0 
80200814 80200814        0     1                 .L0 
80200816 80200816        0     1                 .L0 
80200818 80200818        0     1                 .L0 
80200818 80200818        0     1                 .L0 
80200818 80200818        0     1                 .L0 
80200822 80200822        0     1                 .L0 
80200822 80200822        0     1                 .L0 
80200826 80200826        0     1                 .L0 
8020082c 8020082c        0     1                 .L0 
8020082c 8020082c        0     1                 .L0 
8020082c 8020082c        0     1                 .L0 
80200832 80200832        0     1                 .L0 
80200832 80200832        0     1                 .L0 
80200836 80200836        0     1                 .L0 
80200838 80200838        0     1                 .L0 
8020083c 8020083c        0     1                 .L0 
8020083c 8020083c        0     1                 .L0 
8020083c 8020083c        0     1                 .L0 
80200842 80200842        0     1                 .L0 
80200842 80200842        0     1                 .L0 
80200846 80200846        0     1                 .L0 
80200846 80200846        0     1                 .L0 
80200848 80200848        0     1                 .L0 
8020084c 8020084c        0     1                 .L0 
8020084c 8020084c        0     1                 .L0 
8020084e 8020084e        0     1                 .L0 
8020084e 8020084e        0     1                 .L0 
8020084e 8020084e        0     1                 .L0 
80200852 80200852        0     1                 .L0 
80200856 80200856        0     1                 .L0 
8020085a 8020085a        0     1                 .L0 
8020085a 8020085a        0     1                 .L0 
8020085a 8020085a        0     1                 .L0 
8020085c 8020085c        0     1                 .L0 
8020085c 8020085c        0     1                 .L0 
80200860 80200860        0     1                 .L0 
80200864 80200864        0     1                 .L0 
8020086a 8020086a        0     1                 .L0 
8020086a 8020086a        0     1                 .L0 
80200872 80200872        0     1                 .L0 
80200878 80200878        0     1                 .L0 
80200878 80200878        0     1                 .L0 
8020087e 8020087e        0     1                 .L0 
8020087e 8020087e        0     1                 .L0 
8020087e 8020087e        0     1                 .L0 
80200884 80200884        0     1                 .L0 
80200884 80200884        0     1                 .L0 
80200884 80200884        0     1                 .L0 
80200888 80200888        0     1                 .L0 
8020089e 8020089e        0     1                 .L0 
802008a2 802008a2        0     1                 .L0 
802008a2 802008a2        0     1                 .L0 
802008a2 802008a2        0     1                 .L0 
802008a2 802008a2        0     1                 .L0 
802008a2 802008a2        0     1                 .L0 
802008a2 802008a2       1c     1                 memcpy
802008a6 802008a6        0     1                 .L0 
802008a6 802008a6        0     1                 .L0 
802008a8 802008a8        0     1                 .L0 
802008a8 802008a8        0     1                 .L0 
802008a8 802008a8        0     1                 .L0 
802008ac 802008ac        0     1                 .L0 
802008ae 802008ae        0     1                 .L0 
802008b2 802008b2        0     1                 .L0 
802008b2 802008b2        0     1                 .L0 
802008b6 802008b6        0     1                 .L0 
802008b8 802008b8        0     1                 .L0 
802008b8 802008b8        0     1                 .L0 
802008bc 802008bc        0     1                 .L0 
802008bc 802008bc        0     1                 .L0 
802008bc 802008bc        0     1                 .L0 
802008be 802008be        0     1                 .L0 
802008be 802008be        0     1                 .L0 
802008be 802008be        0     1                 .L0 
802008be 802008be        0     1                 .L0 
802008be 802008be        0     1                 .L0 
802008be 802008be       16     1                 memset
802008c2 802008c2        0     1                 .L0 
802008c2 802008c2        0     1                 .L0 
802008c4 802008c4        0     1                 .L0 
802008c4 802008c4        0     1                 .L0 
802008c4 802008c4        0     1                 .L0 
802008c8 802008c8        0     1                 .L0 
802008c8 802008c8        0     1                 .L0 
802008cc 802008cc        0     1                 .L0 
802008ce 802008ce        0     1                 .L0 
802008ce 802008ce        0     1                 .L0 
802008d2 802008d2        0     1                 .L0 
802008d2 802008d2        0     1                 .L0 
802008d2 802008d2        0     1                 .L0 
802008d4 802008d4        0     1                 .L0 
802008d4 802008d4        0     1                 .L0 
802008d4 802008d4        0     1                 .L0 
802008d4 802008d4        0     1                 .L0 
802008d4 802008d4        0     1                 .L0 
802008d4 802008d4       24     1                 strcpy
802008da 802008da        0     1                 .L0 
802008de 802008de        0     1                 .L0 
802008de 802008de        0     1                 .L0 
802008e0 802008e0        0     1                 .L0 
802008e0 802008e0        0     1                 .L0 
802008e0 802008e0        0     1                 .L0 
802008e4 802008e4        0     1                 .L0 
802008e8 802008e8        0     1                 .L0 
802008ec 802008ec        0     1                 .L0 
802008ec 802008ec        0     1                 .L0 
802008ee 802008ee        0     1                 .L0 
802008ee 802008ee        0     1                 .L0 
802008f0 802008f0        0     1                 .L0 
802008f2 802008f2        0     1                 .L0 
802008f2 802008f2        0     1                 .L0 
802008f2 802008f2        0     1                 .L0 
802008f6 802008f6        0     1                 .L0 
802008f8 802008f8        0     1                 .L0 
802008f8 802008f8        0     1                 .L0 
802008f8 802008f8        0     1                 .L0 
802008f8 802008f8        0     1                 .L0 
802008f8 802008f8        0     1                 .L0 
802008f8 802008f8       24     1                 strcmp
802008fc 802008fc        0     1                 .L0 
802008fe 802008fe        0     1                 .L0 
80200900 80200900        0     1                 .L0 
80200900 80200900        0     1                 .L0 
80200900 80200900        0     1                 .L0 
80200904 80200904        0     1                 .L0 
80200908 80200908        0     1                 .L0 
80200908 80200908        0     1                 .L0 
8020090c 8020090c        0     1                 .L0 
8020090e 8020090e        0     1                 .L0 
80200910 80200910        0     1                 .L0 
80200912 80200912        0     1                 .L0 
80200912 80200912        0     1                 .L0 
80200916 80200916        0     1                 .L0 
8020091a 8020091a        0     1                 .L0 
8020091c 8020091c        0     1                 .L0 
8020091c 8020091c        0     1                 .L0 
8020091c 8020091c      17c     4 .rodata
8020091c 8020091c      17c     1         <internal>:(.rodata.str1.1)
80200a98 80200a98    10250     4 .data
80200a98 80200a98    10250     1         shell.bin.o:(.data)
80200a98 80200a98        0     1                 _binary_shell_bin_start
80210ce8 80210ce8        0     1                 _binary_shell_bin_end
80210ce8 80210ce8        4     4 .sdata
80210ce8 80210ce8        4     4         /var/folders/z7/y0mvtv1153s58zfwzv66_qcr0000gn/T/kernel-ffb02a.o:(.sdata)
80210ce8 80210ce8        4     1                 alloc_pages.next_paddr
80210ce8 80210ce8        0     1                 $d
80210cec 80210cec    10090     4 .bss
80210cec 80210cec        0     1         __bss = .
80210cec 80210cec    10080     4         /var/folders/z7/y0mvtv1153s58zfwzv66_qcr0000gn/T/kernel-ffb02a.o:(.bss)
80210cec 80210cec        0     1                 $d
80210cec 80210cec    10080     1                 procs
80220d6c 80220d6c       10     4         /var/folders/z7/y0mvtv1153s58zfwzv66_qcr0000gn/T/kernel-ffb02a.o:(.sbss)
80220d6c 80220d6c        0     1                 $d
80220d6c 80220d6c        4     1                 idle_proc
80220d70 80220d70        4     1                 current_proc
80220d74 80220d74        4     1                 proc_a
80220d78 80220d78        4     1                 proc_b
80220d7c 80220d7c        0     1         __bss_end = .
80220d7c 80220d7c        0     1 . = ALIGN ( 4 )
80220d7c 80220d7c    20000     1 . += 128 * 1024
80240d7c 80240d7c        0     1 __stack_top = .
80240d7c 80240d7c      284     1 . = ALIGN ( 4096 )
80241000 80241000        0     1 __free_ram = .
80241000 80241000  4000000     1 . += 64 * 1024 * 1024
84241000 84241000        0     1 __free_ram_end = .
       0        0      62f     1 .debug_loclists
       0        0      466     1         /var/folders/z7/y0mvtv1153s58zfwzv66_qcr0000gn/T/kernel-ffb02a.o:(.debug_loclists)
       0        0        0     1                 $d
       c        c        0     1                 .L0 
     466      466      1c9     1         /var/folders/z7/y0mvtv1153s58zfwzv66_qcr0000gn/T/common-392c0c.o:(.debug_loclists)
     466      466        0     1                 $d
     472      472        0     1                 .L0 
       0        0      3d1     1 .debug_abbrev
       0        0      2a4     1         /var/folders/z7/y0mvtv1153s58zfwzv66_qcr0000gn/T/kernel-ffb02a.o:(.debug_abbrev)
       0        0        0     1                 $d
     2a4      2a4      12d     1         /var/folders/z7/y0mvtv1153s58zfwzv66_qcr0000gn/T/common-392c0c.o:(.debug_abbrev)
     2a4      2a4        0     1                 $d
       0        0      b9f     1 .debug_info
       0        0      96a     1         /var/folders/z7/y0mvtv1153s58zfwzv66_qcr0000gn/T/kernel-ffb02a.o:(.debug_info)
       0        0        0     1                 $d
     96a      96a      235     1         /var/folders/z7/y0mvtv1153s58zfwzv66_qcr0000gn/T/common-392c0c.o:(.debug_info)
     96a      96a        0     1                 $d
       0        0       7c     1 .debug_rnglists
       0        0       61     1         /var/folders/z7/y0mvtv1153s58zfwzv66_qcr0000gn/T/kernel-ffb02a.o:(.debug_rnglists)
       0        0        0     1                 $d
       c        c        0     1                 .L0 
      61       61       1b     1         /var/folders/z7/y0mvtv1153s58zfwzv66_qcr0000gn/T/common-392c0c.o:(.debug_rnglists)
      61       61        0     1                 $d
      6d       6d        0     1                 .L0 
       0        0      244     1 .debug_str_offsets
       0        0      1b0     1         /var/folders/z7/y0mvtv1153s58zfwzv66_qcr0000gn/T/kernel-ffb02a.o:(.debug_str_offsets)
       0        0        0     1                 $d
       8        8        0     1                 .L0 
     1b0      1b0       94     1         /var/folders/z7/y0mvtv1153s58zfwzv66_qcr0000gn/T/common-392c0c.o:(.debug_str_offsets)
     1b0      1b0        0     1                 $d
     1b8      1b8        0     1                 .L0 
       0        0      31c     1 .debug_str
       0        0      31c     1         <internal>:(.debug_str)
       0        0      180     1 .debug_addr
       0        0      120     1         /var/folders/z7/y0mvtv1153s58zfwzv66_qcr0000gn/T/kernel-ffb02a.o:(.debug_addr)
       0        0        0     1                 $d
       8        8        0     1                 .L0 
     120      120       60     1         /var/folders/z7/y0mvtv1153s58zfwzv66_qcr0000gn/T/common-392c0c.o:(.debug_addr)
     120      120        0     1                 $d
     128      128        0     1                 .L0 
       0        0       3b     1 .comment
       0        0       3b     1         <internal>:(.comment)
       0        0       34     1 .riscv.attributes
       0        0       34     1         <internal>:(.riscv.attributes)
       0        0      1bc     4 .debug_frame
       0        0      138     4         /var/folders/z7/y0mvtv1153s58zfwzv66_qcr0000gn/T/kernel-ffb02a.o:(.debug_frame)
       0        0        0     1                 .L0 
       0        0        0     1                 $d
     138      138       84     4         /var/folders/z7/y0mvtv1153s58zfwzv66_qcr0000gn/T/common-392c0c.o:(.debug_frame)
     138      138        0     1                 .L0 
     138      138        0     1                 $d
       0        0      c09     1 .debug_line
       0        0      831     1         /var/folders/z7/y0mvtv1153s58zfwzv66_qcr0000gn/T/kernel-ffb02a.o:(.debug_line)
       0        0        0     1                 .Lline_table_start0
       0        0        0     1                 $d
     831      831      3d8     1         /var/folders/z7/y0mvtv1153s58zfwzv66_qcr0000gn/T/common-392c0c.o:(.debug_line)
     831      831        0     1                 .Lline_table_start0
     831      831        0     1                 $d
       0        0       38     1 .debug_line_str
       0        0       38     1         <internal>:(.debug_line_str)
       0        0      440     4 .symtab
       0        0      440     4         <internal>:(.symtab)
       0        0       e3     1 .shstrtab
       0        0       e3     1         <internal>:(.shstrtab)
       0        0      1ef     1 .strtab
       0        0      1ef     1         <internal>:(.strtab)
