     VMA      LMA     Size Align Out     In      Symbol
       0        0 80200000     1 . = 0x80200000
80200000        0        0     1 __kernel_base = .
80200000 80200000      ebe     4 .text
80200000 80200000        e     2         /var/folders/z7/y0mvtv1153s58zfwzv66_qcr0000gn/T/kernel-6ed92f.o:(.text.boot)
80200000 80200000        0     1                 .L0 
80200000 80200000        0     1                 .L0 
80200000 80200000        0     1                 $x
80200000 80200000        0     1                 .L0 
80200000 80200000        e     1                 boot
8020000e 8020000e        0     1                 .L0 
8020000e 8020000e        0     1                 .L0 
80200010 80200010      c74     4         /var/folders/z7/y0mvtv1153s58zfwzv66_qcr0000gn/T/kernel-6ed92f.o:(.text)
80200010 80200010        0     1                 .L0 
80200010 80200010        0     1                 .L0 
80200010 80200010        0     1                 $x
80200010 80200010        0     1                 .L0 
80200010 80200010        6     1                 sbi_call
80200014 80200014        0     1                 .L0 
80200016 80200016        0     1                 .L0 
80200016 80200016        0     1                 .L0 
80200016 80200016        0     1                 .L0 
80200016 80200016       14     1                 putchar
80200028 80200028        0     1                 .L0 
8020002a 8020002a        0     1                 .L0 
8020002a 8020002a        0     1                 .L0 
8020002a 8020002a        0     1                 .L0 
8020002a 8020002a       16     1                 getchar
8020003e 8020003e        0     1                 .L0 
80200040 80200040        0     1                 .L0 
80200040 80200040        0     1                 .L0 
80200040 80200040        0     1                 .L0 
80200040 80200040       46     1                 switch_context
80200086 80200086        0     1                 .L0 
80200086 80200086        0     1                 .L0 
80200086 80200086        0     1                 .L0 
80200086 80200086       14     1                 user_entry
8020008e 8020008e        0     1                 .L0 
8020009a 8020009a        0     1                 .L0 
8020009a 8020009a        0     1                 .L0 
8020009a 8020009a        0     1                 .L0 
8020009a 8020009a        a     1                 virtio_reg_read32
802000a0 802000a0        0     1                 .L0 
802000a2 802000a2        0     1                 .L0 
802000a4 802000a4        0     1                 .L0 
802000a4 802000a4        0     1                 .L0 
802000a4 802000a4        0     1                 .L0 
802000a4 802000a4        c     1                 virtio_reg_read64
802000a8 802000a8        0     1                 .L0 
802000aa 802000aa        0     1                 .L0 
802000ae 802000ae        0     1                 .L0 
802000b0 802000b0        0     1                 .L0 
802000b0 802000b0        0     1                 .L0 
802000b0 802000b0        0     1                 .L0 
802000b0 802000b0        a     1                 virtio_reg_write32
802000b6 802000b6        0     1                 .L0 
802000b8 802000b8        0     1                 .L0 
802000ba 802000ba        0     1                 .L0 
802000ba 802000ba        0     1                 .L0 
802000ba 802000ba        0     1                 .L0 
802000ba 802000ba        e     1                 virtio_reg_fetch_and_or32
802000c0 802000c0        0     1                 .L0 
802000c2 802000c2        0     1                 .L0 
802000c4 802000c4        0     1                 .L0 
802000c4 802000c4        0     1                 .L0 
802000c6 802000c6        0     1                 .L0 
802000c8 802000c8        0     1                 .L0 
802000c8 802000c8        0     1                 .L0 
802000c8 802000c8        0     1                 .L0 
802000c8 802000c8      178     1                 virtio_blk_init
802000da 802000da        0     1                 .L0 
802000da 802000da        0     1                 .L0 
802000e4 802000e4        0     1                 .L0 
802000e8 802000e8        0     1                 .L0 
802000e8 802000e8        0     1                 .L0 
802000ec 802000ec        0     1                 .L0 
802000f0 802000f0        0     1                 .L0 
802000f0 802000f0        0     1                 .L0 
802000f4 802000f4        0     1                 .L0 
802000f8 802000f8        0     1                 .L0 
802000f8 802000f8        0     1                 .L0 
802000fc 802000fc        0     1                 .L0 
802000fc 802000fc        0     1                 .L0 
802000fe 802000fe        0     1                 .L0 
80200102 80200102        0     1                 .L0 
80200102 80200102        0     1                 .L0 
80200104 80200104        0     1                 .L0 
80200104 80200104        0     1                 .L0 
80200106 80200106        0     1                 .L0 
8020010a 8020010a        0     1                 .L0 
8020010a 8020010a        0     1                 .L0 
8020010c 8020010c        0     1                 .L0 
8020010c 8020010c        0     1                 .L0 
8020010e 8020010e        0     1                 .L0 
80200112 80200112        0     1                 .L0 
80200112 80200112        0     1                 .L0 
80200114 80200114        0     1                 .L0 
80200114 80200114        0     1                 .L0 
8020011c 8020011c        0     1                 .L0 
8020011c 8020011c        0     1                 .L0 
8020011e 8020011e        0     1                 .L0 
80200120 80200120        0     1                 .L0 
80200128 80200128        0     1                 .L0 
8020012c 8020012c        0     1                 .L0 
80200130 80200130        0     1                 .L0 
80200148 80200148        0     1                 .L0 
80200148 80200148        0     1                 .L0 
8020014a 8020014a        0     1                 .L0 
8020014a 8020014a        0     1                 .L0 
8020014a 8020014a        0     1                 .L0 
80200162 80200162        0     1                 .L0 
80200162 80200162        0     1                 .L0 
80200164 80200164        0     1                 .L0 
80200164 80200164        0     1                 .L0 
8020017c 8020017c        0     1                 .L0 
8020017c 8020017c        0     1                 .L0 
8020017e 8020017e        0     1                 .L0 
8020017e 8020017e        0     1                 .L0 
80200196 80200196        0     1                 .L0 
80200196 80200196        0     1                 .L0 
80200198 80200198        0     1                 .L0 
80200198 80200198        0     1                 .L0 
80200198 80200198        0     1                 .L0 
802001a2 802001a2        0     1                 .L0 
802001a2 802001a2        0     1                 .L0 
802001a4 802001a4        0     1                 .L0 
802001a8 802001a8        0     1                 .L0 
802001b0 802001b0        0     1                 .L0 
802001b2 802001b2        0     1                 .L0 
802001b6 802001b6        0     1                 .L0 
802001b6 802001b6        0     1                 .L0 
802001bc 802001bc        0     1                 .L0 
802001bc 802001bc        0     1                 .L0 
802001be 802001be        0     1                 .L0 
802001be 802001be        0     1                 .L0 
802001c2 802001c2        0     1                 .L0 
802001c2 802001c2        0     1                 .L0 
802001c4 802001c4        0     1                 .L0 
802001c4 802001c4        0     1                 .L0 
802001ce 802001ce        0     1                 .L0 
802001ce 802001ce        0     1                 .L0 
802001d0 802001d0        0     1                 .L0 
802001d0 802001d0        0     1                 .L0 
802001d8 802001d8        0     1                 .L0 
802001da 802001da        0     1                 .L0 
802001e2 802001e2        0     1                 .L0 
802001ee 802001ee        0     1                 .L0 
802001ee 802001ee        0     1                 .L0 
802001f2 802001f2        0     1                 .L0 
802001f2 802001f2        0     1                 .L0 
802001f8 802001f8        0     1                 .L0 
802001fc 802001fc        0     1                 .L0 
802001fc 802001fc        0     1                 .L0 
80200214 80200214        0     1                 .L0 
80200214 80200214        0     1                 .L0 
80200216 80200216        0     1                 .L0 
80200216 80200216        0     1                 .L0 
80200220 80200220        0     1                 .L0 
80200220 80200220        0     1                 .L0 
80200228 80200228        0     1                 .L0 
80200234 80200234        0     1                 .L0 
80200234 80200234        0     1                 .L0 
8020023c 8020023c        0     1                 .L0 
80200240 80200240        0     1                 .L0 
80200240 80200240        0     1                 .L0 
80200240 80200240        0     1                 .L0 
80200240 80200240        0     1                 .L0 
80200240 80200240        0     1                 .L0 
80200240 80200240       78     1                 virtq_init
80200248 80200248        0     1                 .L0 
80200248 80200248        0     1                 .L0 
80200250 80200250        0     1                 .L0 
80200250 80200250        0     1                 .L0 
80200252 80200252        0     1                 .L0 
80200254 80200254        0     1                 .L0 
80200256 80200256        0     1                 .L0 
8020025e 8020025e        0     1                 .L0 
80200262 80200262        0     1                 .L0 
80200266 80200266        0     1                 .L0 
8020027e 8020027e        0     1                 .L0 
8020027e 8020027e        0     1                 .L0 
80200280 80200280        0     1                 .L0 
80200280 80200280        0     1                 .L0 
8020028a 8020028a        0     1                 .L0 
8020028a 8020028a        0     1                 .L0 
8020028c 8020028c        0     1                 .L0 
80200290 80200290        0     1                 .L0 
80200296 80200296        0     1                 .L0 
80200298 80200298        0     1                 .L0 
802002a0 802002a0        0     1                 .L0 
802002a0 802002a0        0     1                 .L0 
802002a4 802002a4        0     1                 .L0 
802002a4 802002a4        0     1                 .L0 
802002a6 802002a6        0     1                 .L0 
802002a6 802002a6        0     1                 .L0 
802002aa 802002aa        0     1                 .L0 
802002aa 802002aa        0     1                 .L0 
802002ac 802002ac        0     1                 .L0 
802002b2 802002b2        0     1                 .L0 
802002b2 802002b2        0     1                 .L0 
802002b4 802002b4        0     1                 .L0 
802002b4 802002b4        0     1                 .L0 
802002b8 802002b8        0     1                 .L0 
802002b8 802002b8        0     1                 .L0 
802002b8 802002b8        0     1                 .L0 
802002b8 802002b8        0     1                 .L0 
802002b8 802002b8        0     1                 .L0 
802002b8 802002b8       52     1                 alloc_pages
802002be 802002be        0     1                 .L0 
802002c6 802002c6        0     1                 .L0 
802002c6 802002c6        0     1                 .L0 
802002ca 802002ca        0     1                 .L0 
802002ce 802002ce        0     1                 .L0 
802002ce 802002ce        0     1                 .L0 
802002d6 802002d6        0     1                 .L0 
802002da 802002da        0     1                 .L0 
802002de 802002de        0     1                 .L0 
802002f6 802002f6        0     1                 .L0 
802002f6 802002f6        0     1                 .L0 
802002f8 802002f8        0     1                 .L0 
802002f8 802002f8        0     1                 .L0 
80200300 80200300        0     1                 .L0 
80200300 80200300        0     1                 .L0 
80200306 80200306        0     1                 .L0 
80200306 80200306        0     1                 .L0 
8020030a 8020030a        0     1                 .L0 
8020030a 8020030a        0     1                 .L0 
8020030a 8020030a        0     1                 .L0 
8020030a 8020030a        0     1                 .L0 
8020030a 8020030a        0     1                 .L0 
8020030a 8020030a       36     1                 virtq_kick
80200314 80200314        0     1                 .L0 
80200316 80200316        0     1                 .L0 
8020031a 8020031a        0     1                 .L0 
8020031c 8020031c        0     1                 .L0 
8020031e 8020031e        0     1                 .L0 
80200322 80200322        0     1                 .L0 
80200328 80200328        0     1                 .L0 
8020032c 8020032c        0     1                 .L0 
8020032e 8020032e        0     1                 .L0 
8020032e 8020032e        0     1                 .L0 
80200332 80200332        0     1                 .L0 
80200332 80200332        0     1                 .L0 
80200334 80200334        0     1                 .L0 
8020033e 8020033e        0     1                 .L0 
80200340 80200340        0     1                 .L0 
80200340 80200340        0     1                 .L0 
80200340 80200340        0     1                 .L0 
80200340 80200340       1a     1                 virtq_is_busy
80200346 80200346        0     1                 .L0 
80200348 80200348        0     1                 .L0 
80200348 80200348        0     1                 .L0 
8020034a 8020034a        0     1                 .L0 
8020034e 8020034e        0     1                 .L0 
80200352 80200352        0     1                 .L0 
80200358 80200358        0     1                 .L0 
8020035a 8020035a        0     1                 .L0 
8020035a 8020035a        0     1                 .L0 
8020035a 8020035a        0     1                 .L0 
8020035a 8020035a      160     1                 read_write_disk
80200364 80200364        0     1                 .L0 
8020036c 8020036c        0     1                 .L0 
8020036e 8020036e        0     1                 .L0 
80200372 80200372        0     1                 .L0 
80200374 80200374        0     1                 .L0 
80200376 80200376        0     1                 .L0 
80200376 80200376        0     1                 .L0 
8020037e 8020037e        0     1                 .L0 
802003ac 802003ac        0     1                 .L0 
802003b0 802003b0        0     1                 .L0 
802003b0 802003b0        0     1                 .L0 
802003c0 802003c0        0     1                 .L0 
802003c2 802003c2        0     1                 .L0 
802003c4 802003c4        0     1                 .L0 
802003ce 802003ce        0     1                 .L0 
802003ce 802003ce        0     1                 .L0 
802003d2 802003d2        0     1                 .L0 
802003d2 802003d2        0     1                 .L0 
802003d2 802003d2        0     1                 .L0 
802003d6 802003d6        0     1                 .L0 
802003dc 802003dc        0     1                 .L0 
802003dc 802003dc        0     1                 .L0 
802003de 802003de        0     1                 .L0 
802003de 802003de        0     1                 .L0 
802003e0 802003e0        0     1                 .L0 
802003e0 802003e0        0     1                 .L0 
802003e8 802003e8        0     1                 .L0 
802003e8 802003e8        0     1                 .L0 
802003ea 802003ea        0     1                 .L0 
802003f8 802003f8        0     1                 .L0 
80200400 80200400        0     1                 .L0 
80200406 80200406        0     1                 .L0 
80200408 80200408        0     1                 .L0 
8020040c 8020040c        0     1                 .L0 
80200416 80200416        0     1                 .L0 
80200418 80200418        0     1                 .L0 
8020041e 8020041e        0     1                 .L0 
80200422 80200422        0     1                 .L0 
80200426 80200426        0     1                 .L0 
8020042c 8020042c        0     1                 .L0 
8020042c 8020042c        0     1                 .L0 
80200432 80200432        0     1                 .L0 
80200432 80200432        0     1                 .L0 
80200434 80200434        0     1                 .L0 
80200438 80200438        0     1                 .L0 
80200438 80200438        0     1                 .L0 
8020043c 8020043c        0     1                 .L0 
8020043e 8020043e        0     1                 .L0 
8020043e 8020043e        0     1                 .L0 
80200440 80200440        0     1                 .L0 
80200444 80200444        0     1                 .L0 
8020044a 8020044a        0     1                 .L0 
8020044e 8020044e        0     1                 .L0 
80200454 80200454        0     1                 .L0 
80200454 80200454        0     1                 .L0 
80200456 80200456        0     1                 .L0 
80200468 80200468        0     1                 .L0 
80200468 80200468        0     1                 .L0 
80200468 80200468        0     1                 .L0 
8020046c 8020046c        0     1                 .L0 
80200470 80200470        0     1                 .L0 
80200478 80200478        0     1                 .L0 
8020047c 8020047c        0     1                 .L0 
8020047e 8020047e        0     1                 .L0 
80200480 80200480        0     1                 .L0 
80200488 80200488        0     1                 .L0 
80200488 80200488        0     1                 .L0 
80200488 80200488        0     1                 .L0 
80200492 80200492        0     1                 .L0 
80200494 80200494        0     1                 .L0 
80200494 80200494        0     1                 .L0 
80200494 80200494        0     1                 .L0 
80200496 80200496        0     1                 .L0 
8020049a 8020049a        0     1                 .L0 
8020049c 8020049c        0     1                 .L0 
8020049e 8020049e        0     1                 .L0 
802004a2 802004a2        0     1                 .L0 
802004a2 802004a2        0     1                 .L0 
802004a2 802004a2        0     1                 .L0 
802004a6 802004a6        0     1                 .L0 
802004b0 802004b0        0     1                 .L0 
802004b0 802004b0        0     1                 .L0 
802004b2 802004b2        0     1                 .L0 
802004b4 802004b4        0     1                 .L0 
802004b6 802004b6        0     1                 .L0 
802004ba 802004ba        0     1                 .L0 
802004ba 802004ba        0     1                 .L0 
802004ba 802004ba        0     1                 .L0 
802004ba 802004ba        0     1                 .L0 
802004ba 802004ba        0     1                 .L0 
802004ba 802004ba      272     1                 create_process
802004d6 802004d6        0     1                 .L0 
802004e4 802004e4        0     1                 .L0 
802004e4 802004e4        0     1                 .L0 
802004e6 802004e6        0     1                 .L0 
802004e6 802004e6        0     1                 .L0 
802004e8 802004e8        0     1                 .L0 
802004e8 802004e8        0     1                 .L0 
802004f0 802004f0        0     1                 .L0 
802004f2 802004f2        0     1                 .L0 
802004f2 802004f2        0     1                 .L0 
802004fa 802004fa        0     1                 .L0 
802004fc 802004fc        0     1                 .L0 
802004fc 802004fc        0     1                 .L0 
80200504 80200504        0     1                 .L0 
80200506 80200506        0     1                 .L0 
80200506 80200506        0     1                 .L0 
8020050e 8020050e        0     1                 .L0 
80200510 80200510        0     1                 .L0 
80200510 80200510        0     1                 .L0 
80200518 80200518        0     1                 .L0 
8020051a 8020051a        0     1                 .L0 
8020051a 8020051a        0     1                 .L0 
80200522 80200522        0     1                 .L0 
80200524 80200524        0     1                 .L0 
80200524 80200524        0     1                 .L0 
8020052c 8020052c        0     1                 .L0 
8020052e 8020052e        0     1                 .L0 
8020052e 8020052e        0     1                 .L0 
80200544 80200544        0     1                 .L0 
80200544 80200544        0     1                 .L0 
80200546 80200546        0     1                 .L0 
80200546 80200546        0     1                 .L0 
80200546 80200546        0     1                 .L0 
8020054a 8020054a        0     1                 .L0 
8020054a 8020054a        0     1                 .L0 
80200550 80200550        0     1                 .L0 
80200552 80200552        0     1                 .L0 
80200552 80200552        0     1                 .L0 
80200552 80200552        0     1                 .L0 
8020055a 8020055a        0     1                 .L0 
8020055c 8020055c        0     1                 .L0 
8020055c 8020055c        0     1                 .L0 
8020055c 8020055c        0     1                 .L0 
80200564 80200564        0     1                 .L0 
80200566 80200566        0     1                 .L0 
80200566 80200566        0     1                 .L0 
80200566 80200566        0     1                 .L0 
8020056e 8020056e        0     1                 .L0 
80200570 80200570        0     1                 .L0 
80200570 80200570        0     1                 .L0 
80200570 80200570        0     1                 .L0 
80200578 80200578        0     1                 .L0 
8020057a 8020057a        0     1                 .L0 
8020057a 8020057a        0     1                 .L0 
8020057a 8020057a        0     1                 .L0 
80200582 80200582        0     1                 .L0 
80200584 80200584        0     1                 .L0 
80200584 80200584        0     1                 .L0 
80200584 80200584        0     1                 .L0 
8020058c 8020058c        0     1                 .L0 
8020058c 8020058c        0     1                 .L0 
80200592 80200592        0     1                 .L0 
80200594 80200594        0     1                 .L0 
80200594 80200594        0     1                 .L0 
80200598 80200598        0     1                 .L0 
80200598 80200598        0     1                 .L0 
8020059c 8020059c        0     1                 .L0 
8020059c 8020059c        0     1                 .L0 
802005a0 802005a0        0     1                 .L0 
802005a0 802005a0        0     1                 .L0 
802005a4 802005a4        0     1                 .L0 
802005a4 802005a4        0     1                 .L0 
802005a8 802005a8        0     1                 .L0 
802005a8 802005a8        0     1                 .L0 
802005ac 802005ac        0     1                 .L0 
802005ac 802005ac        0     1                 .L0 
802005b0 802005b0        0     1                 .L0 
802005b0 802005b0        0     1                 .L0 
802005b4 802005b4        0     1                 .L0 
802005b4 802005b4        0     1                 .L0 
802005b8 802005b8        0     1                 .L0 
802005b8 802005b8        0     1                 .L0 
802005bc 802005bc        0     1                 .L0 
802005bc 802005bc        0     1                 .L0 
802005c0 802005c0        0     1                 .L0 
802005c0 802005c0        0     1                 .L0 
802005c8 802005c8        0     1                 .L0 
802005c8 802005c8        0     1                 .L0 
802005d6 802005d6        0     1                 .L0 
802005d6 802005d6        0     1                 .L0 
802005dc 802005dc        0     1                 .L0 
802005e4 802005e4        0     1                 .L0 
802005e4 802005e4        0     1                 .L0 
802005e8 802005e8        0     1                 .L0 
802005e8 802005e8        0     1                 .L0 
802005ec 802005ec        0     1                 .L0 
802005ec 802005ec        0     1                 .L0 
80200602 80200602        0     1                 .L0 
80200602 80200602        0     1                 .L0 
80200604 80200604        0     1                 .L0 
80200604 80200604        0     1                 .L0 
80200606 80200606        0     1                 .L0 
80200612 80200612        0     1                 .L0 
80200612 80200612        0     1                 .L0 
8020061a 8020061a        0     1                 .L0 
8020061a 8020061a        0     1                 .L0 
8020061e 8020061e        0     1                 .L0 
8020061e 8020061e        0     1                 .L0 
8020061e 8020061e        0     1                 .L0 
80200628 80200628        0     1                 .L0 
80200628 80200628        0     1                 .L0 
8020062a 8020062a        0     1                 .L0 
8020062e 8020062e        0     1                 .L0 
8020062e 8020062e        0     1                 .L0 
8020062e 8020062e        0     1                 .L0 
80200632 80200632        0     1                 .L0 
80200636 80200636        0     1                 .L0 
80200638 80200638        0     1                 .L0 
80200638 80200638        0     1                 .L0 
80200640 80200640        0     1                 .L0 
80200640 80200640        0     1                 .L0 
80200642 80200642        0     1                 .L0 
80200648 80200648        0     1                 .L0 
8020064c 8020064c        0     1                 .L0 
80200662 80200662        0     1                 .L0 
80200662 80200662        0     1                 .L0 
80200664 80200664        0     1                 .L0 
80200664 80200664        0     1                 .L0 
8020066c 8020066c        0     1                 .L0 
8020066c 8020066c        0     1                 .L0 
8020066e 8020066e        0     1                 .L0 
80200672 80200672        0     1                 .L0 
80200674 80200674        0     1                 .L0 
80200678 80200678        0     1                 .L0 
80200678 80200678        0     1                 .L0 
80200678 80200678        0     1                 .L0 
8020067c 8020067c        0     1                 .L0 
8020067c 8020067c        0     1                 .L0 
80200684 80200684        0     1                 .L0 
80200686 80200686        0     1                 .L0 
80200686 80200686        0     1                 .L0 
8020068a 8020068a        0     1                 .L0 
8020068a 8020068a        0     1                 .L0 
8020069c 8020069c        0     1                 .L0 
8020069c 8020069c        0     1                 .L0 
8020069e 8020069e        0     1                 .L0 
8020069e 8020069e        0     1                 .L0 
802006a0 802006a0        0     1                 .L0 
802006a4 802006a4        0     1                 .L0 
802006a4 802006a4        0     1                 .L0 
802006a8 802006a8        0     1                 .L0 
802006b0 802006b0        0     1                 .L0 
802006b0 802006b0        0     1                 .L0 
802006b2 802006b2        0     1                 .L0 
802006b2 802006b2        0     1                 .L0 
802006ba 802006ba        0     1                 .L0 
802006be 802006be        0     1                 .L0 
802006be 802006be        0     1                 .L0 
802006be 802006be        0     1                 .L0 
802006c2 802006c2        0     1                 .L0 
802006c2 802006c2        0     1                 .L0 
802006ca 802006ca        0     1                 .L0 
802006ce 802006ce        0     1                 .L0 
802006d6 802006d6        0     1                 .L0 
802006d6 802006d6        0     1                 .L0 
802006d8 802006d8        0     1                 .L0 
802006d8 802006d8        0     1                 .L0 
802006dc 802006dc        0     1                 .L0 
802006dc 802006dc        0     1                 .L0 
802006e0 802006e0        0     1                 .L0 
802006e2 802006e2        0     1                 .L0 
802006e8 802006e8        0     1                 .L0 
802006ec 802006ec        0     1                 .L0 
802006f0 802006f0        0     1                 .L0 
802006f4 802006f4        0     1                 .L0 
80200702 80200702        0     1                 .L0 
80200702 80200702        0     1                 .L0 
80200704 80200704        0     1                 .L0 
80200706 80200706        0     1                 .L0 
8020070a 8020070a        0     1                 .L0 
80200710 80200710        0     1                 .L0 
80200714 80200714        0     1                 .L0 
80200714 80200714        0     1                 .L0 
80200714 80200714        0     1                 .L0 
8020072a 8020072a        0     1                 .L0 
8020072a 8020072a        0     1                 .L0 
8020072c 8020072c        0     1                 .L0 
8020072c 8020072c        0     1                 .L0 
8020072c 8020072c        0     1                 .L0 
8020072c 8020072c        0     1                 .L0 
8020072c 8020072c        0     1                 .L0 
8020072c 8020072c        0     1                 .L0 
8020072c 8020072c       d8     1                 map_page
8020073c 8020073c        0     1                 .L0 
8020073c 8020073c        0     1                 .L0 
80200740 80200740        0     1                 .L0 
80200744 80200744        0     1                 .L0 
80200754 80200754        0     1                 .L0 
80200756 80200756        0     1                 .L0 
80200758 80200758        0     1                 .L0 
80200758 80200758        0     1                 .L0 
8020075a 8020075a        0     1                 .L0 
8020075a 8020075a        0     1                 .L0 
8020075a 8020075a        0     1                 .L0 
8020075e 8020075e        0     1                 .L0 
80200760 80200760        0     1                 .L0 
80200762 80200762        0     1                 .L0 
80200766 80200766        0     1                 .L0 
80200774 80200774        0     1                 .L0 
80200778 80200778        0     1                 .L0 
8020077a 8020077a        0     1                 .L0 
8020077a 8020077a        0     1                 .L0 
8020077c 8020077c        0     1                 .L0 
8020077c 8020077c        0     1                 .L0 
8020077c 8020077c        0     1                 .L0 
80200788 80200788        0     1                 .L0 
80200788 80200788        0     1                 .L0 
8020078c 8020078c        0     1                 .L0 
8020078e 8020078e        0     1                 .L0 
8020078e 8020078e        0     1                 .L0 
80200796 80200796        0     1                 .L0 
80200796 80200796        0     1                 .L0 
80200798 80200798        0     1                 .L0 
8020079a 8020079a        0     1                 .L0 
802007a2 802007a2        0     1                 .L0 
802007a6 802007a6        0     1                 .L0 
802007aa 802007aa        0     1                 .L0 
802007be 802007be        0     1                 .L0 
802007c0 802007c0        0     1                 .L0 
802007c0 802007c0        0     1                 .L0 
802007c2 802007c2        0     1                 .L0 
802007c2 802007c2        0     1                 .L0 
802007c2 802007c2        0     1                 .L0 
802007c4 802007c4        0     1                 .L0 
802007c4 802007c4        0     1                 .L0 
802007cc 802007cc        0     1                 .L0 
802007ce 802007ce        0     1                 .L0 
802007ce 802007ce        0     1                 .L0 
802007d2 802007d2        0     1                 .L0 
802007d2 802007d2        0     1                 .L0 
802007d8 802007d8        0     1                 .L0 
802007da 802007da        0     1                 .L0 
802007dc 802007dc        0     1                 .L0 
802007dc 802007dc        0     1                 .L0 
802007dc 802007dc        0     1                 .L0 
802007e0 802007e0        0     1                 .L0 
802007e0 802007e0        0     1                 .L0 
802007e2 802007e2        0     1                 .L0 
802007e8 802007e8        0     1                 .L0 
802007ea 802007ea        0     1                 .L0 
802007ea 802007ea        0     1                 .L0 
802007ee 802007ee        0     1                 .L0 
802007f2 802007f2        0     1                 .L0 
802007f2 802007f2        0     1                 .L0 
80200800 80200800        0     1                 .L0 
80200804 80200804        0     1                 .L0 
80200804 80200804        0     1                 .L0 
80200804 80200804        0     1                 .L0 
80200804 80200804        0     1                 .L0 
80200804 80200804        0     1                 .L0 
80200804 80200804       96     1                 kernel_entry
8020089a 8020089a        0     1                 .L0 
8020089a 8020089a        0     1                 .L0 
8020089a 8020089a        0     1                 .L0 
8020089a 8020089a        0     1                 .L0 
8020089a 8020089a        0     1                 .L0 
8020089a 8020089a       f0     1                 handle_syscall
802008a0 802008a0        0     1                 .L0 
802008be 802008be        0     1                 .L0 
802008c2 802008c2        0     1                 .L0 
802008c4 802008c4        0     1                 .L0 
802008c8 802008c8        0     1                 .L0 
802008ca 802008ca        0     1                 .L0 
802008ce 802008ce        0     1                 .L0 
802008ce 802008ce        0     1                 .L0 
802008d0 802008d0        0     1                 .L0 
802008d0 802008d0        0     1                 .L0 
802008e4 802008e4        0     1                 .L0 
802008e4 802008e4        0     1                 .L0 
802008e8 802008e8        0     1                 .L0 
802008e8 802008e8        0     1                 .L0 
802008e8 802008e8        0     1                 .L0 
802008ea 802008ea        0     1                 .L0 
802008ea 802008ea        0     1                 .L0 
802008fe 802008fe        0     1                 .L0 
802008fe 802008fe        0     1                 .L0 
80200902 80200902        0     1                 .L0 
80200902 80200902        0     1                 .L0 
80200902 80200902        0     1                 .L0 
8020091e 8020091e        0     1                 .L0 
8020091e 8020091e        0     1                 .L0 
8020091e 8020091e        0     1                 .L0 
80200926 80200926        0     1                 .L0 
80200926 80200926        0     1                 .L0 
80200928 80200928        0     1                 .L0 
80200932 80200932        0     1                 .L0 
80200932 80200932        0     1                 .L0 
80200938 80200938        0     1                 .L0 
8020093a 8020093a        0     1                 .L0 
8020093c 8020093c        0     1                 .L0 
8020093c 8020093c        0     1                 .L0 
80200952 80200952        0     1                 .L0 
80200952 80200952        0     1                 .L0 
80200954 80200954        0     1                 .L0 
80200954 80200954        0     1                 .L0 
80200954 80200954        0     1                 .L0 
80200958 80200958        0     1                 .L0 
80200958 80200958        0     1                 .L0 
8020096a 8020096a        0     1                 .L0 
8020096a 8020096a        0     1                 .L0 
8020096a 8020096a        0     1                 .L0 
8020096e 8020096e        0     1                 .L0 
80200972 80200972        0     1                 .L0 
80200972 80200972        0     1                 .L0 
80200972 80200972        0     1                 .L0 
80200976 80200976        0     1                 .L0 
80200988 80200988        0     1                 .L0 
80200988 80200988        0     1                 .L0 
8020098a 8020098a        0     1                 .L0 
8020098a 8020098a        0     1                 .L0 
8020098a 8020098a        0     1                 .L0 
8020098a 8020098a        0     1                 .L0 
8020098a 8020098a        0     1                 .L0 
8020098a 8020098a      19a     1                 yield
80200994 80200994        0     1                 .L0 
80200998 80200998        0     1                 .L0 
80200998 80200998        0     1                 .L0 
802009a6 802009a6        0     1                 .L0 
802009b8 802009b8        0     1                 .L0 
802009b8 802009b8        0     1                 .L0 
802009ba 802009ba        0     1                 .L0 
802009ba 802009ba        0     1                 .L0 
802009be 802009be        0     1                 .L0 
802009be 802009be        0     1                 .L0 
802009c0 802009c0        0     1                 .L0 
802009c0 802009c0        0     1                 .L0 
802009c4 802009c4        0     1                 .L0 
802009c6 802009c6        0     1                 .L0 
802009ca 802009ca        0     1                 .L0 
802009ca 802009ca        0     1                 .L0 
802009ca 802009ca        0     1                 .L0 
802009ce 802009ce        0     1                 .L0 
802009d2 802009d2        0     1                 .L0 
802009da 802009da        0     1                 .L0 
802009e6 802009e6        0     1                 .L0 
802009e6 802009e6        0     1                 .L0 
802009e8 802009e8        0     1                 .L0 
802009ec 802009ec        0     1                 .L0 
802009ee 802009ee        0     1                 .L0 
802009f2 802009f2        0     1                 .L0 
802009f2 802009f2        0     1                 .L0 
802009f2 802009f2        0     1                 .L0 
802009f6 802009f6        0     1                 .L0 
802009fa 802009fa        0     1                 .L0 
80200a02 80200a02        0     1                 .L0 
80200a0e 80200a0e        0     1                 .L0 
80200a0e 80200a0e        0     1                 .L0 
80200a12 80200a12        0     1                 .L0 
80200a16 80200a16        0     1                 .L0 
80200a18 80200a18        0     1                 .L0 
80200a1c 80200a1c        0     1                 .L0 
80200a1c 80200a1c        0     1                 .L0 
80200a1c 80200a1c        0     1                 .L0 
80200a20 80200a20        0     1                 .L0 
80200a24 80200a24        0     1                 .L0 
80200a2c 80200a2c        0     1                 .L0 
80200a38 80200a38        0     1                 .L0 
80200a38 80200a38        0     1                 .L0 
80200a3a 80200a3a        0     1                 .L0 
80200a3e 80200a3e        0     1                 .L0 
80200a40 80200a40        0     1                 .L0 
80200a44 80200a44        0     1                 .L0 
80200a44 80200a44        0     1                 .L0 
80200a44 80200a44        0     1                 .L0 
80200a48 80200a48        0     1                 .L0 
80200a4c 80200a4c        0     1                 .L0 
80200a54 80200a54        0     1                 .L0 
80200a60 80200a60        0     1                 .L0 
80200a60 80200a60        0     1                 .L0 
80200a64 80200a64        0     1                 .L0 
80200a68 80200a68        0     1                 .L0 
80200a6a 80200a6a        0     1                 .L0 
80200a6e 80200a6e        0     1                 .L0 
80200a6e 80200a6e        0     1                 .L0 
80200a6e 80200a6e        0     1                 .L0 
80200a72 80200a72        0     1                 .L0 
80200a76 80200a76        0     1                 .L0 
80200a7e 80200a7e        0     1                 .L0 
80200a8a 80200a8a        0     1                 .L0 
80200a8a 80200a8a        0     1                 .L0 
80200a8c 80200a8c        0     1                 .L0 
80200a90 80200a90        0     1                 .L0 
80200a92 80200a92        0     1                 .L0 
80200a96 80200a96        0     1                 .L0 
80200a96 80200a96        0     1                 .L0 
80200a96 80200a96        0     1                 .L0 
80200a9a 80200a9a        0     1                 .L0 
80200a9e 80200a9e        0     1                 .L0 
80200aa6 80200aa6        0     1                 .L0 
80200ab2 80200ab2        0     1                 .L0 
80200ab2 80200ab2        0     1                 .L0 
80200ab6 80200ab6        0     1                 .L0 
80200aba 80200aba        0     1                 .L0 
80200abc 80200abc        0     1                 .L0 
80200ac0 80200ac0        0     1                 .L0 
80200ac0 80200ac0        0     1                 .L0 
80200ac0 80200ac0        0     1                 .L0 
80200ac2 80200ac2        0     1                 .L0 
80200ace 80200ace        0     1                 .L0 
80200ada 80200ada        0     1                 .L0 
80200adc 80200adc        0     1                 .L0 
80200ae0 80200ae0        0     1                 .L0 
80200ae2 80200ae2        0     1                 .L0 
80200ae6 80200ae6        0     1                 .L0 
80200ae6 80200ae6        0     1                 .L0 
80200ae6 80200ae6        0     1                 .L0 
80200ae8 80200ae8        0     1                 .L0 
80200ae8 80200ae8        0     1                 .L0 
80200ae8 80200ae8        0     1                 .L0 
80200aec 80200aec        0     1                 .L0 
80200aee 80200aee        0     1                 .L0 
80200af4 80200af4        0     1                 .L0 
80200afa 80200afa        0     1                 .L0 
80200afc 80200afc        0     1                 .L0 
80200b0c 80200b0c        0     1                 .L0 
80200b14 80200b14        0     1                 .L0 
80200b14 80200b14        0     1                 .L0 
80200b16 80200b16        0     1                 .L0 
80200b16 80200b16        0     1                 .L0 
80200b1a 80200b1a        0     1                 .L0 
80200b1e 80200b1e        0     1                 .L0 
80200b1e 80200b1e        0     1                 .L0 
80200b22 80200b22        0     1                 .L0 
80200b22 80200b22        0     1                 .L0 
80200b24 80200b24        0     1                 .L0 
80200b24 80200b24        0     1                 .L0 
80200b24 80200b24        0     1                 .L0 
80200b24 80200b24        0     1                 .L0 
80200b24 80200b24        0     1                 .L0 
80200b24 80200b24       42     1                 handle_trap
80200b2a 80200b2a        0     1                 .L0 
80200b2a 80200b2a        0     1                 .L0 
80200b2e 80200b2e        0     1                 .L0 
80200b2e 80200b2e        0     1                 .L0 
80200b32 80200b32        0     1                 .L0 
80200b32 80200b32        0     1                 .L0 
80200b34 80200b34        0     1                 .L0 
80200b34 80200b34        0     1                 .L0 
80200b38 80200b38        0     1                 .L0 
80200b38 80200b38        0     1                 .L0 
80200b3c 80200b3c        0     1                 .L0 
80200b3c 80200b3c        0     1                 .L0 
80200b3e 80200b3e        0     1                 .L0 
80200b3e 80200b3e        0     1                 .L0 
80200b40 80200b40        0     1                 .L0 
80200b40 80200b40        0     1                 .L0 
80200b48 80200b48        0     1                 .L0 
80200b48 80200b48        0     1                 .L0 
80200b4c 80200b4c        0     1                 .L0 
80200b4c 80200b4c        0     1                 .L0 
80200b4c 80200b4c        0     1                 .L0 
80200b50 80200b50        0     1                 .L0 
80200b64 80200b64        0     1                 .L0 
80200b64 80200b64        0     1                 .L0 
80200b66 80200b66        0     1                 .L0 
80200b66 80200b66        0     1                 .L0 
80200b66 80200b66        0     1                 .L0 
80200b66 80200b66        0     1                 .L0 
80200b66 80200b66        0     1                 .L0 
80200b66 80200b66       3a     1                 proc_a_entry
80200b6c 80200b6c        0     1                 .L0 
80200b76 80200b76        0     1                 .L0 
80200b76 80200b76        0     1                 .L0 
80200b7e 80200b7e        0     1                 .L0 
80200b7e 80200b7e        0     1                 .L0 
80200b7e 80200b7e        0     1                 .L0 
80200b94 80200b94        0     1                 .L0 
80200b94 80200b94        0     1                 .L0 
80200b96 80200b96        0     1                 .L0 
80200b96 80200b96        0     1                 .L0 
80200b98 80200b98        0     1                 .L0 
80200b98 80200b98        0     1                 .L0 
80200b98 80200b98        0     1                 .L0 
80200b9a 80200b9a        0     1                 .L0 
80200b9a 80200b9a        0     1                 .L0 
80200b9c 80200b9c        0     1                 .L0 
80200b9c 80200b9c        0     1                 .L0 
80200ba0 80200ba0        0     1                 .L0 
80200ba0 80200ba0        0     1                 .L0 
80200ba0 80200ba0        0     1                 .L0 
80200ba0 80200ba0        0     1                 .L0 
80200ba0 80200ba0        0     1                 .L0 
80200ba0 80200ba0        0     1                 .L0 
80200ba0 80200ba0       3a     1                 proc_b_entry
80200ba6 80200ba6        0     1                 .L0 
80200bb0 80200bb0        0     1                 .L0 
80200bb0 80200bb0        0     1                 .L0 
80200bb8 80200bb8        0     1                 .L0 
80200bb8 80200bb8        0     1                 .L0 
80200bb8 80200bb8        0     1                 .L0 
80200bce 80200bce        0     1                 .L0 
80200bce 80200bce        0     1                 .L0 
80200bd0 80200bd0        0     1                 .L0 
80200bd0 80200bd0        0     1                 .L0 
80200bd2 80200bd2        0     1                 .L0 
80200bd2 80200bd2        0     1                 .L0 
80200bd2 80200bd2        0     1                 .L0 
80200bd4 80200bd4        0     1                 .L0 
80200bd4 80200bd4        0     1                 .L0 
80200bd6 80200bd6        0     1                 .L0 
80200bd6 80200bd6        0     1                 .L0 
80200bda 80200bda        0     1                 .L0 
80200bda 80200bda        0     1                 .L0 
80200bda 80200bda        0     1                 .L0 
80200bda 80200bda        0     1                 .L0 
80200bda 80200bda        0     1                 .L0 
80200bda 80200bda        0     1                 .L0 
80200bda 80200bda       aa     1                 kernel_main
80200be2 80200be2        0     1                 .L0 
80200bf8 80200bf8        0     1                 .L0 
80200bf8 80200bf8        0     1                 .L0 
80200c02 80200c02        0     1                 .L0 
80200c02 80200c02        0     1                 .L0 
80200c0a 80200c0a        0     1                 .L0 
80200c0e 80200c0e        0     1                 .L0 
80200c0e 80200c0e        0     1                 .L0 
80200c12 80200c12        0     1                 .L0 
80200c12 80200c12        0     1                 .L0 
80200c1c 80200c1c        0     1                 .L0 
80200c1c 80200c1c        0     1                 .L0 
80200c28 80200c28        0     1                 .L0 
80200c28 80200c28        0     1                 .L0 
80200c34 80200c34        0     1                 .L0 
80200c34 80200c34        0     1                 .L0 
80200c3e 80200c3e        0     1                 .L0 
80200c3e 80200c3e        0     1                 .L0 
80200c44 80200c44        0     1                 .L0 
80200c44 80200c44        0     1                 .L0 
80200c4e 80200c4e        0     1                 .L0 
80200c50 80200c50        0     1                 .L0 
80200c58 80200c58        0     1                 .L0 
80200c6a 80200c6a        0     1                 .L0 
80200c6a 80200c6a        0     1                 .L0 
80200c6c 80200c6c        0     1                 .L0 
80200c6c 80200c6c        0     1                 .L0 
80200c82 80200c82        0     1                 .L0 
80200c82 80200c82        0     1                 .L0 
80200c84 80200c84        0     1                 .L0 
80200c84 80200c84        0     1                 .L0 
80200c84 80200c84      23a     2         /var/folders/z7/y0mvtv1153s58zfwzv66_qcr0000gn/T/common-c09b7c.o:(.text)
80200c84 80200c84        0     1                 .L0 
80200c84 80200c84        0     1                 .L0 
80200c84 80200c84        0     1                 $x
80200c84 80200c84        0     1                 .L0 
80200c84 80200c84      1c0     1                 printf
80200cb2 80200cb2        0     1                 .L0 
80200cda 80200cda        0     1                 .L0 
80200cda 80200cda        0     1                 .L0 
80200cde 80200cde        0     1                 .L0 
80200cde 80200cde        0     1                 .L0 
80200ce0 80200ce0        0     1                 .L0 
80200ce0 80200ce0        0     1                 .L0 
80200ce4 80200ce4        0     1                 .L0 
80200cec 80200cec        0     1                 .L0 
80200cec 80200cec        0     1                 .L0 
80200cf0 80200cf0        0     1                 .L0 
80200cf0 80200cf0        0     1                 .L0 
80200cf2 80200cf2        0     1                 .L0 
80200cf4 80200cf4        0     1                 .L0 
80200cf4 80200cf4        0     1                 .L0 
80200cf8 80200cf8        0     1                 .L0 
80200cfa 80200cfa        0     1                 .L0 
80200d0a 80200d0a        0     1                 .L0 
80200d0a 80200d0a        0     1                 .L0 
80200d16 80200d16        0     1                 .L0 
80200d16 80200d16        0     1                 .L0 
80200d1a 80200d1a        0     1                 .L0 
80200d1a 80200d1a        0     1                 .L0 
80200d1c 80200d1c        0     1                 .L0 
80200d22 80200d22        0     1                 .L0 
80200d22 80200d22        0     1                 .L0 
80200d22 80200d22        0     1                 .L0 
80200d2a 80200d2a        0     1                 .L0 
80200d2a 80200d2a        0     1                 .L0 
80200d34 80200d34        0     1                 .L0 
80200d34 80200d34        0     1                 .L0 
80200d38 80200d38        0     1                 .L0 
80200d38 80200d38        0     1                 .L0 
80200d3a 80200d3a        0     1                 .L0 
80200d3e 80200d3e        0     1                 .L0 
80200d42 80200d42        0     1                 .L0 
80200d42 80200d42        0     1                 .L0 
80200d48 80200d48        0     1                 .L0 
80200d48 80200d48        0     1                 .L0 
80200d4a 80200d4a        0     1                 .L0 
80200d4e 80200d4e        0     1                 .L0 
80200d52 80200d52        0     1                 .L0 
80200d52 80200d52        0     1                 .L0 
80200d58 80200d58        0     1                 .L0 
80200d58 80200d58        0     1                 .L0 
80200d5a 80200d5a        0     1                 .L0 
80200d5e 80200d5e        0     1                 .L0 
80200d62 80200d62        0     1                 .L0 
80200d62 80200d62        0     1                 .L0 
80200d68 80200d68        0     1                 .L0 
80200d68 80200d68        0     1                 .L0 
80200d6a 80200d6a        0     1                 .L0 
80200d6e 80200d6e        0     1                 .L0 
80200d72 80200d72        0     1                 .L0 
80200d72 80200d72        0     1                 .L0 
80200d78 80200d78        0     1                 .L0 
80200d78 80200d78        0     1                 .L0 
80200d7a 80200d7a        0     1                 .L0 
80200d7e 80200d7e        0     1                 .L0 
80200d82 80200d82        0     1                 .L0 
80200d82 80200d82        0     1                 .L0 
80200d88 80200d88        0     1                 .L0 
80200d88 80200d88        0     1                 .L0 
80200d8a 80200d8a        0     1                 .L0 
80200d8e 80200d8e        0     1                 .L0 
80200d92 80200d92        0     1                 .L0 
80200d92 80200d92        0     1                 .L0 
80200d98 80200d98        0     1                 .L0 
80200d98 80200d98        0     1                 .L0 
80200d9a 80200d9a        0     1                 .L0 
80200d9e 80200d9e        0     1                 .L0 
80200da2 80200da2        0     1                 .L0 
80200da2 80200da2        0     1                 .L0 
80200da4 80200da4        0     1                 .L0 
80200da4 80200da4        0     1                 .L0 
80200da6 80200da6        0     1                 .L0 
80200daa 80200daa        0     1                 .L0 
80200daa 80200daa        0     1                 .L0 
80200dae 80200dae        0     1                 .L0 
80200dae 80200dae        0     1                 .L0 
80200db0 80200db0        0     1                 .L0 
80200db2 80200db2        0     1                 .L0 
80200db2 80200db2        0     1                 .L0 
80200db2 80200db2        0     1                 .L0 
80200dbc 80200dbc        0     1                 .L0 
80200dbc 80200dbc        0     1                 .L0 
80200dc0 80200dc0        0     1                 .L0 
80200dc6 80200dc6        0     1                 .L0 
80200dc6 80200dc6        0     1                 .L0 
80200dc6 80200dc6        0     1                 .L0 
80200dce 80200dce        0     1                 .L0 
80200dce 80200dce        0     1                 .L0 
80200dd2 80200dd2        0     1                 .L0 
80200dd4 80200dd4        0     1                 .L0 
80200dd8 80200dd8        0     1                 .L0 
80200dd8 80200dd8        0     1                 .L0 
80200dd8 80200dd8        0     1                 .L0 
80200de0 80200de0        0     1                 .L0 
80200de0 80200de0        0     1                 .L0 
80200de4 80200de4        0     1                 .L0 
80200de4 80200de4        0     1                 .L0 
80200de6 80200de6        0     1                 .L0 
80200dea 80200dea        0     1                 .L0 
80200dea 80200dea        0     1                 .L0 
80200dec 80200dec        0     1                 .L0 
80200dec 80200dec        0     1                 .L0 
80200dec 80200dec        0     1                 .L0 
80200df0 80200df0        0     1                 .L0 
80200df4 80200df4        0     1                 .L0 
80200df8 80200df8        0     1                 .L0 
80200df8 80200df8        0     1                 .L0 
80200df8 80200df8        0     1                 .L0 
80200dfa 80200dfa        0     1                 .L0 
80200dfa 80200dfa        0     1                 .L0 
80200dfe 80200dfe        0     1                 .L0 
80200e02 80200e02        0     1                 .L0 
80200e0a 80200e0a        0     1                 .L0 
80200e0a 80200e0a        0     1                 .L0 
80200e12 80200e12        0     1                 .L0 
80200e18 80200e18        0     1                 .L0 
80200e18 80200e18        0     1                 .L0 
80200e1e 80200e1e        0     1                 .L0 
80200e1e 80200e1e        0     1                 .L0 
80200e1e 80200e1e        0     1                 .L0 
80200e26 80200e26        0     1                 .L0 
80200e26 80200e26        0     1                 .L0 
80200e26 80200e26        0     1                 .L0 
80200e2a 80200e2a        0     1                 .L0 
80200e40 80200e40        0     1                 .L0 
80200e44 80200e44        0     1                 .L0 
80200e44 80200e44        0     1                 .L0 
80200e44 80200e44        0     1                 .L0 
80200e44 80200e44        0     1                 .L0 
80200e44 80200e44        0     1                 .L0 
80200e44 80200e44       1c     1                 memcpy
80200e48 80200e48        0     1                 .L0 
80200e48 80200e48        0     1                 .L0 
80200e4a 80200e4a        0     1                 .L0 
80200e4a 80200e4a        0     1                 .L0 
80200e4a 80200e4a        0     1                 .L0 
80200e4e 80200e4e        0     1                 .L0 
80200e50 80200e50        0     1                 .L0 
80200e54 80200e54        0     1                 .L0 
80200e54 80200e54        0     1                 .L0 
80200e58 80200e58        0     1                 .L0 
80200e5a 80200e5a        0     1                 .L0 
80200e5a 80200e5a        0     1                 .L0 
80200e5e 80200e5e        0     1                 .L0 
80200e5e 80200e5e        0     1                 .L0 
80200e5e 80200e5e        0     1                 .L0 
80200e60 80200e60        0     1                 .L0 
80200e60 80200e60        0     1                 .L0 
80200e60 80200e60        0     1                 .L0 
80200e60 80200e60        0     1                 .L0 
80200e60 80200e60        0     1                 .L0 
80200e60 80200e60       16     1                 memset
80200e64 80200e64        0     1                 .L0 
80200e64 80200e64        0     1                 .L0 
80200e66 80200e66        0     1                 .L0 
80200e66 80200e66        0     1                 .L0 
80200e66 80200e66        0     1                 .L0 
80200e6a 80200e6a        0     1                 .L0 
80200e6a 80200e6a        0     1                 .L0 
80200e6e 80200e6e        0     1                 .L0 
80200e70 80200e70        0     1                 .L0 
80200e70 80200e70        0     1                 .L0 
80200e74 80200e74        0     1                 .L0 
80200e74 80200e74        0     1                 .L0 
80200e74 80200e74        0     1                 .L0 
80200e76 80200e76        0     1                 .L0 
80200e76 80200e76        0     1                 .L0 
80200e76 80200e76        0     1                 .L0 
80200e76 80200e76        0     1                 .L0 
80200e76 80200e76        0     1                 .L0 
80200e76 80200e76       24     1                 strcpy
80200e7c 80200e7c        0     1                 .L0 
80200e80 80200e80        0     1                 .L0 
80200e80 80200e80        0     1                 .L0 
80200e82 80200e82        0     1                 .L0 
80200e82 80200e82        0     1                 .L0 
80200e82 80200e82        0     1                 .L0 
80200e86 80200e86        0     1                 .L0 
80200e8a 80200e8a        0     1                 .L0 
80200e8e 80200e8e        0     1                 .L0 
80200e8e 80200e8e        0     1                 .L0 
80200e90 80200e90        0     1                 .L0 
80200e90 80200e90        0     1                 .L0 
80200e92 80200e92        0     1                 .L0 
80200e94 80200e94        0     1                 .L0 
80200e94 80200e94        0     1                 .L0 
80200e94 80200e94        0     1                 .L0 
80200e98 80200e98        0     1                 .L0 
80200e9a 80200e9a        0     1                 .L0 
80200e9a 80200e9a        0     1                 .L0 
80200e9a 80200e9a        0     1                 .L0 
80200e9a 80200e9a        0     1                 .L0 
80200e9a 80200e9a        0     1                 .L0 
80200e9a 80200e9a       24     1                 strcmp
80200e9e 80200e9e        0     1                 .L0 
80200ea0 80200ea0        0     1                 .L0 
80200ea2 80200ea2        0     1                 .L0 
80200ea2 80200ea2        0     1                 .L0 
80200ea2 80200ea2        0     1                 .L0 
80200ea6 80200ea6        0     1                 .L0 
80200eaa 80200eaa        0     1                 .L0 
80200eaa 80200eaa        0     1                 .L0 
80200eae 80200eae        0     1                 .L0 
80200eb0 80200eb0        0     1                 .L0 
80200eb2 80200eb2        0     1                 .L0 
80200eb4 80200eb4        0     1                 .L0 
80200eb4 80200eb4        0     1                 .L0 
80200eb8 80200eb8        0     1                 .L0 
80200ebc 80200ebc        0     1                 .L0 
80200ebe 80200ebe        0     1                 .L0 
80200ebe 80200ebe        0     1                 .L0 
80200ec0 80200ec0      2bd     4 .rodata
80200ec0 80200ec0      2bd     1         <internal>:(.rodata.str1.1)
80201180 80201180    10380     4 .data
80201180 80201180    10380     1         shell.bin.o:(.data)
80201180 80201180        0     1                 _binary_shell_bin_start
80211500 80211500        0     1                 _binary_shell_bin_end
80211500 80211500        4     4 .sdata
80211500 80211500        4     4         /var/folders/z7/y0mvtv1153s58zfwzv66_qcr0000gn/T/kernel-6ed92f.o:(.sdata)
80211500 80211500        4     1                 alloc_pages.next_paddr
80211500 80211500        0     1                 $d
80211504 80211504    100a0     4 .bss
80211504 80211504        0     1         __bss = .
80211504 80211504       20     4         /var/folders/z7/y0mvtv1153s58zfwzv66_qcr0000gn/T/kernel-6ed92f.o:(.sbss)
80211504 80211504        0     1                 $d
80211504 80211504        4     1                 blk_request_vq
80211508 80211508        4     1                 blk_capacity
8021150c 8021150c        4     1                 blk_req_paddr
80211510 80211510        4     1                 blk_req
80211514 80211514        4     1                 current_proc
80211518 80211518        4     1                 idle_proc
8021151c 8021151c        4     1                 proc_a
80211520 80211520        4     1                 proc_b
80211524 80211524    10080     4         /var/folders/z7/y0mvtv1153s58zfwzv66_qcr0000gn/T/kernel-6ed92f.o:(.bss)
80211524 80211524        0     1                 $d
80211524 80211524    10080     1                 procs
802215a4 802215a4        0     1         __bss_end = .
802215a4 802215a4        0     1 . = ALIGN ( 4 )
802215a4 802215a4    20000     1 . += 128 * 1024
802415a4 802415a4        0     1 __stack_top = .
802415a4 802415a4      a5c     1 . = ALIGN ( 4096 )
80242000 80242000        0     1 __free_ram = .
80242000 80242000  4000000     1 . += 64 * 1024 * 1024
84242000 84242000        0     1 __free_ram_end = .
       0        0      99d     1 .debug_loclists
       0        0      7d4     1         /var/folders/z7/y0mvtv1153s58zfwzv66_qcr0000gn/T/kernel-6ed92f.o:(.debug_loclists)
       0        0        0     1                 $d
       c        c        0     1                 .L0 
     7d4      7d4      1c9     1         /var/folders/z7/y0mvtv1153s58zfwzv66_qcr0000gn/T/common-c09b7c.o:(.debug_loclists)
     7d4      7d4        0     1                 $d
     7e0      7e0        0     1                 .L0 
       0        0      466     1 .debug_abbrev
       0        0      339     1         /var/folders/z7/y0mvtv1153s58zfwzv66_qcr0000gn/T/kernel-6ed92f.o:(.debug_abbrev)
       0        0        0     1                 $d
     339      339      12d     1         /var/folders/z7/y0mvtv1153s58zfwzv66_qcr0000gn/T/common-c09b7c.o:(.debug_abbrev)
     339      339        0     1                 $d
       0        0     15d6     1 .debug_info
       0        0     13a1     1         /var/folders/z7/y0mvtv1153s58zfwzv66_qcr0000gn/T/kernel-6ed92f.o:(.debug_info)
       0        0        0     1                 $d
    13a1     13a1      235     1         /var/folders/z7/y0mvtv1153s58zfwzv66_qcr0000gn/T/common-c09b7c.o:(.debug_info)
    13a1     13a1        0     1                 $d
       0        0       f9     1 .debug_rnglists
       0        0       de     1         /var/folders/z7/y0mvtv1153s58zfwzv66_qcr0000gn/T/kernel-6ed92f.o:(.debug_rnglists)
       0        0        0     1                 $d
       c        c        0     1                 .L0 
      de       de       1b     1         /var/folders/z7/y0mvtv1153s58zfwzv66_qcr0000gn/T/common-c09b7c.o:(.debug_rnglists)
      de       de        0     1                 $d
      ea       ea        0     1                 .L0 
       0        0      320     1 .debug_str_offsets
       0        0      28c     1         /var/folders/z7/y0mvtv1153s58zfwzv66_qcr0000gn/T/kernel-6ed92f.o:(.debug_str_offsets)
       0        0        0     1                 $d
       8        8        0     1                 .L0 
     28c      28c       94     1         /var/folders/z7/y0mvtv1153s58zfwzv66_qcr0000gn/T/common-c09b7c.o:(.debug_str_offsets)
     28c      28c        0     1                 $d
     294      294        0     1                 .L0 
       0        0      547     1 .debug_str
       0        0      547     1         <internal>:(.debug_str)
       0        0      2b0     1 .debug_addr
       0        0      250     1         /var/folders/z7/y0mvtv1153s58zfwzv66_qcr0000gn/T/kernel-6ed92f.o:(.debug_addr)
       0        0        0     1                 $d
       8        8        0     1                 .L0 
     250      250       60     1         /var/folders/z7/y0mvtv1153s58zfwzv66_qcr0000gn/T/common-c09b7c.o:(.debug_addr)
     250      250        0     1                 $d
     258      258        0     1                 .L0 
       0        0       3b     1 .comment
       0        0       3b     1         <internal>:(.comment)
       0        0       34     1 .riscv.attributes
       0        0       34     1         <internal>:(.riscv.attributes)
       0        0      2b0     4 .debug_frame
       0        0      22c     4         /var/folders/z7/y0mvtv1153s58zfwzv66_qcr0000gn/T/kernel-6ed92f.o:(.debug_frame)
       0        0        0     1                 .L0 
       0        0        0     1                 $d
     22c      22c       84     4         /var/folders/z7/y0mvtv1153s58zfwzv66_qcr0000gn/T/common-c09b7c.o:(.debug_frame)
     22c      22c        0     1                 .L0 
     22c      22c        0     1                 $d
       0        0     1317     1 .debug_line
       0        0      f3f     1         /var/folders/z7/y0mvtv1153s58zfwzv66_qcr0000gn/T/kernel-6ed92f.o:(.debug_line)
       0        0        0     1                 .Lline_table_start0
       0        0        0     1                 $d
     f3f      f3f      3d8     1         /var/folders/z7/y0mvtv1153s58zfwzv66_qcr0000gn/T/common-c09b7c.o:(.debug_line)
     f3f      f3f        0     1                 .Lline_table_start0
     f3f      f3f        0     1                 $d
       0        0       38     1 .debug_line_str
       0        0       38     1         <internal>:(.debug_line_str)
       0        0      540     4 .symtab
       0        0      540     4         <internal>:(.symtab)
       0        0       e3     1 .shstrtab
       0        0       e3     1         <internal>:(.shstrtab)
       0        0      2d8     1 .strtab
       0        0      2d8     1         <internal>:(.strtab)
